Archive member included to satisfy reference by file (symbol)

/Applications/MCUXpressoIDE_24.12.148/ide/plugins/com.nxp.mcuxpresso.tools.macosx_24.12.0.202407110909/tools/bin/../lib/gcc/arm-none-eabi/13.2.1/thumb/v6-m/nofp/libgcc.a(_udivsi3.o)
                              CMakeFiles/new_project.elf.dir/Users/lorenzo.poggi/Documents/GitHub/curso-lse/trabajo_integrador/proyecto_final/app_tasks.c.obj (__aeabi_uidiv)
/Applications/MCUXpressoIDE_24.12.148/ide/plugins/com.nxp.mcuxpresso.tools.macosx_24.12.0.202407110909/tools/bin/../lib/gcc/arm-none-eabi/13.2.1/thumb/v6-m/nofp/libgcc.a(_divsi3.o)
                              CMakeFiles/new_project.elf.dir/Users/lorenzo.poggi/Documents/GitHub/curso-lse/trabajo_integrador/proyecto_final/app_tasks.c.obj (__aeabi_idiv)
/Applications/MCUXpressoIDE_24.12.148/ide/plugins/com.nxp.mcuxpresso.tools.macosx_24.12.0.202407110909/tools/bin/../lib/gcc/arm-none-eabi/13.2.1/thumb/v6-m/nofp/libgcc.a(_dvmd_tls.o)
                              /Applications/MCUXpressoIDE_24.12.148/ide/plugins/com.nxp.mcuxpresso.tools.macosx_24.12.0.202407110909/tools/bin/../lib/gcc/arm-none-eabi/13.2.1/thumb/v6-m/nofp/libgcc.a(_udivsi3.o) (__aeabi_idiv0)
/Applications/MCUXpressoIDE_24.12.148/ide/plugins/com.nxp.mcuxpresso.tools.macosx_24.12.0.202407110909/tools/bin/../lib/gcc/arm-none-eabi/13.2.1/thumb/v6-m/nofp/libgcc.a(_arm_cmpsf2.o)
                              CMakeFiles/new_project.elf.dir/Users/lorenzo.poggi/Documents/GitHub/curso-lse/trabajo_integrador/proyecto_final/app_tasks.c.obj (__aeabi_fcmplt)
/Applications/MCUXpressoIDE_24.12.148/ide/plugins/com.nxp.mcuxpresso.tools.macosx_24.12.0.202407110909/tools/bin/../lib/gcc/arm-none-eabi/13.2.1/thumb/v6-m/nofp/libgcc.a(_aeabi_uldivmod.o)
                              CMakeFiles/new_project.elf.dir/Users/lorenzo.poggi/Documents/GitHub/curso-lse/trabajo_integrador/sdks/proyecto_final_sdk/devices/LPC845/drivers/fsl_clock.c.obj (__aeabi_uldivmod)
/Applications/MCUXpressoIDE_24.12.148/ide/plugins/com.nxp.mcuxpresso.tools.macosx_24.12.0.202407110909/tools/bin/../lib/gcc/arm-none-eabi/13.2.1/thumb/v6-m/nofp/libgcc.a(_muldi3.o)
                              CMakeFiles/new_project.elf.dir/Users/lorenzo.poggi/Documents/GitHub/curso-lse/trabajo_integrador/sdks/proyecto_final_sdk/devices/LPC845/drivers/fsl_common_arm.c.obj (__aeabi_lmul)
/Applications/MCUXpressoIDE_24.12.148/ide/plugins/com.nxp.mcuxpresso.tools.macosx_24.12.0.202407110909/tools/bin/../lib/gcc/arm-none-eabi/13.2.1/thumb/v6-m/nofp/libgcc.a(_fixunssfsi.o)
                              CMakeFiles/new_project.elf.dir/Users/lorenzo.poggi/Documents/GitHub/curso-lse/trabajo_integrador/proyecto_final/app_tasks.c.obj (__aeabi_f2uiz)
/Applications/MCUXpressoIDE_24.12.148/ide/plugins/com.nxp.mcuxpresso.tools.macosx_24.12.0.202407110909/tools/bin/../lib/gcc/arm-none-eabi/13.2.1/thumb/v6-m/nofp/libgcc.a(_udivmoddi4.o)
                              /Applications/MCUXpressoIDE_24.12.148/ide/plugins/com.nxp.mcuxpresso.tools.macosx_24.12.0.202407110909/tools/bin/../lib/gcc/arm-none-eabi/13.2.1/thumb/v6-m/nofp/libgcc.a(_aeabi_uldivmod.o) (__udivmoddi4)
/Applications/MCUXpressoIDE_24.12.148/ide/plugins/com.nxp.mcuxpresso.tools.macosx_24.12.0.202407110909/tools/bin/../lib/gcc/arm-none-eabi/13.2.1/thumb/v6-m/nofp/libgcc.a(eqsf2.o)
                              /Applications/MCUXpressoIDE_24.12.148/ide/plugins/com.nxp.mcuxpresso.tools.macosx_24.12.0.202407110909/tools/bin/../lib/gcc/arm-none-eabi/13.2.1/thumb/v6-m/nofp/libgcc.a(_arm_cmpsf2.o) (__eqsf2)
/Applications/MCUXpressoIDE_24.12.148/ide/plugins/com.nxp.mcuxpresso.tools.macosx_24.12.0.202407110909/tools/bin/../lib/gcc/arm-none-eabi/13.2.1/thumb/v6-m/nofp/libgcc.a(gesf2.o)
                              /Applications/MCUXpressoIDE_24.12.148/ide/plugins/com.nxp.mcuxpresso.tools.macosx_24.12.0.202407110909/tools/bin/../lib/gcc/arm-none-eabi/13.2.1/thumb/v6-m/nofp/libgcc.a(_arm_cmpsf2.o) (__gesf2)
/Applications/MCUXpressoIDE_24.12.148/ide/plugins/com.nxp.mcuxpresso.tools.macosx_24.12.0.202407110909/tools/bin/../lib/gcc/arm-none-eabi/13.2.1/thumb/v6-m/nofp/libgcc.a(lesf2.o)
                              /Applications/MCUXpressoIDE_24.12.148/ide/plugins/com.nxp.mcuxpresso.tools.macosx_24.12.0.202407110909/tools/bin/../lib/gcc/arm-none-eabi/13.2.1/thumb/v6-m/nofp/libgcc.a(_arm_cmpsf2.o) (__lesf2)
/Applications/MCUXpressoIDE_24.12.148/ide/plugins/com.nxp.mcuxpresso.tools.macosx_24.12.0.202407110909/tools/bin/../lib/gcc/arm-none-eabi/13.2.1/thumb/v6-m/nofp/libgcc.a(subsf3.o)
                              CMakeFiles/new_project.elf.dir/Users/lorenzo.poggi/Documents/GitHub/curso-lse/trabajo_integrador/proyecto_final/app_tasks.c.obj (__aeabi_fsub)
/Applications/MCUXpressoIDE_24.12.148/ide/plugins/com.nxp.mcuxpresso.tools.macosx_24.12.0.202407110909/tools/bin/../lib/gcc/arm-none-eabi/13.2.1/thumb/v6-m/nofp/libgcc.a(fixsfsi.o)
[...]
Memory Configuration

Name             Origin             Length             Attributes
m_interrupts     0x00000000         0x00000200         xr
m_crp            0x000002fc         0x00000004         xr
m_text           0x00000300         0x0000fd00         xr
m_data           0x10000000         0x00003fe0         rw
*default*        0x00000000         0xffffffff

Linker script and memory map

LOAD /Applications/MCUXpressoIDE_24.12.148/ide/plugins/com.nxp.mcuxpresso.tools.macosx_24.12.0.202407110909/tools/bin/../lib/gcc/arm-none-eabi/13.2.1/thumb/v6-m/nofp/crti.o
LOAD /Applications/MCUXpressoIDE_24.12.148/ide/plugins/com.nxp.mcuxpresso.tools.macosx_24.12.0.202407110909/tools/bin/../lib/gcc/arm-none-eabi/13.2.1/thumb/v6-m/nofp/crtbegin.o
LOAD /Applications/MCUXpressoIDE_24.12.148/ide/plugins/com.nxp.mcuxpresso.tools.macosx_24.12.0.202407110909/tools/bin/../lib/gcc/arm-none-eabi/13.2.1/../../../../arm-none-eabi/lib/thumb/v6-m/nofp/crt0.o
LOAD CMakeFiles/new_project.elf.dir/Users/lorenzo.poggi/Documents/GitHub/curso-lse/trabajo_integrador/proyecto_final/main.c.obj
LOAD CMakeFiles/new_project.elf.dir/Users/lorenzo.poggi/Documents/GitHub/curso-lse/trabajo_integrador/proyecto_final/peripherals.c.obj
LOAD CMakeFiles/new_project.elf.dir/Users/lorenzo.poggi/Documents/GitHub/curso-lse/trabajo_integrador/proyecto_final/pin_mux.c.obj
LOAD CMakeFiles/new_project.elf.dir/Users/lorenzo.poggi/Documents/GitHub/curso-lse/trabajo_integrador/proyecto_final/board.c.obj
LOAD CMakeFiles/new_project.elf.dir/Users/lorenzo.poggi/Documents/GitHub/curso-lse/trabajo_integrador/proyecto_final/clock_config.c.obj
LOAD CMakeFiles/new_project.elf.dir/Users/lorenzo.poggi/Documents/GitHub/curso-lse/trabajo_integrador/proyecto_final/hardware_init.c.obj
LOAD CMakeFiles/new_project.elf.dir/Users/lorenzo.poggi/Documents/GitHub/curso-lse/trabajo_integrador/proyecto_final/app_tasks.c.obj
LOAD CMakeFiles/new_project.elf.dir/Users/lorenzo.poggi/Documents/GitHub/curso-lse/trabajo_integrador/proyecto_final/isr.c.obj
LOAD CMakeFiles/new_project.elf.dir/Users/lorenzo.poggi/Documents/GitHub/curso-lse/trabajo_integrador/proyecto_final/wrappers.c.obj
LOAD CMakeFiles/new_project.elf.dir/Users/lorenzo.poggi/Documents/GitHub/curso-lse/trabajo_integrador/sdks/proyecto_final_sdk/components/uart/fsl_adapter_miniusart.c.obj
LOAD CMakeFiles/new_project.elf.dir/Users/lorenzo.poggi/Documents/GitHub/curso-lse/trabajo_integrador/sdks/proyecto_final_sdk/devices/LPC845/gcc/startup_LPC845.S.obj
LOAD CMakeFiles/new_project.elf.dir/Users/lorenzo.poggi/Documents/GitHub/curso-lse/trabajo_integrador/sdks/proyecto_final_sdk/devices/LPC845/system_LPC845.c.obj
LOAD CMakeFiles/new_project.elf.dir/Users/lorenzo.poggi/Documents/GitHub/curso-lse/trabajo_integrador/sdks/proyecto_final_sdk/devices/LPC845/drivers/fsl_capt.c.obj
LOAD CMakeFiles/new_project.elf.dir/Users/lorenzo.poggi/Documents/GitHub/curso-lse/trabajo_integrador/sdks/proyecto_final_sdk/devices/LPC845/drivers/fsl_clock.c.obj
LOAD CMakeFiles/new_project.elf.dir/Users/lorenzo.poggi/Documents/GitHub/curso-lse/trabajo_integrador/sdks/proyecto_final_sdk/devices/LPC845/drivers/fsl_common.c.obj
LOAD CMakeFiles/new_project.elf.dir/Users/lorenzo.poggi/Documents/GitHub/curso-lse/trabajo_integrador/sdks/proyecto_final_sdk/devices/LPC845/drivers/fsl_common_arm.c.obj
LOAD CMakeFiles/new_project.elf.dir/Users/lorenzo.poggi/Documents/GitHub/curso-lse/trabajo_integrador/sdks/proyecto_final_sdk/devices/LPC845/drivers/fsl_inputmux.c.obj
LOAD CMakeFiles/new_project.elf.dir/Users/lorenzo.poggi/Documents/GitHub/curso-lse/trabajo_integrador/sdks/proyecto_final_sdk/devices/LPC845/drivers/fsl_adc.c.obj
LOAD CMakeFiles/new_project.elf.dir/Users/lorenzo.poggi/Documents/GitHub/curso-lse/trabajo_integrador/sdks/proyecto_final_sdk/devices/LPC845/drivers/fsl_gpio.c.obj
LOAD CMakeFiles/new_project.elf.dir/Users/lorenzo.poggi/Documents/GitHub/curso-lse/trabajo_integrador/sdks/proyecto_final_sdk/devices/LPC845/drivers/fsl_i2c.c.obj
LOAD CMakeFiles/new_project.elf.dir/Users/lorenzo.poggi/Documents/GitHub/curso-lse/trabajo_integrador/sdks/proyecto_final_sdk/devices/LPC845/drivers/fsl_usart.c.obj
LOAD CMakeFiles/new_project.elf.dir/Users/lorenzo.poggi/Documents/GitHub/curso-lse/trabajo_integrador/sdks/proyecto_final_sdk/devices/LPC845/drivers/fsl_pint.c.obj
LOAD CMakeFiles/new_project.elf.dir/Users/lorenzo.poggi/Documents/GitHub/curso-lse/trabajo_integrador/sdks/proyecto_final_sdk/devices/LPC845/drivers/fsl_power.c.obj
LOAD CMakeFiles/new_project.elf.dir/Users/lorenzo.poggi/Documents/GitHub/curso-lse/trabajo_integrador/sdks/proyecto_final_sdk/devices/LPC845/drivers/fsl_reset.c.obj
LOAD CMakeFiles/new_project.elf.dir/Users/lorenzo.poggi/Documents/GitHub/curso-lse/trabajo_integrador/sdks/proyecto_final_sdk/devices/LPC845/drivers/fsl_sctimer.c.obj
LOAD CMakeFiles/new_project.elf.dir/Users/lorenzo.poggi/Documents/GitHub/curso-lse/trabajo_integrador/sdks/proyecto_final_sdk/devices/LPC845/drivers/fsl_swm.c.obj
LOAD CMakeFiles/new_project.elf.dir/Users/lorenzo.poggi/Documents/GitHub/curso-lse/trabajo_integrador/sdks/proyecto_final_sdk/devices/LPC845/drivers/fsl_syscon.c.obj
LOAD CMakeFiles/new_project.elf.dir/Users/lorenzo.poggi/Documents/GitHub/curso-lse/trabajo_integrador/sdks/proyecto_final_sdk/devices/LPC845/utilities/fsl_syscall_stub.c.obj
LOAD CMakeFiles/new_project.elf.dir/Users/lorenzo.poggi/Documents/GitHub/curso-lse/trabajo_integrador/sdks/proyecto_final_sdk/devices/LPC845/utilities/fsl_sbrk.c.obj
LOAD CMakeFiles/new_project.elf.dir/Users/lorenzo.poggi/Documents/GitHub/curso-lse/trabajo_integrador/sdks/proyecto_final_sdk/devices/LPC845/utilities/debug_console_lite/fsl_assert.c.obj
LOAD CMakeFiles/new_project.elf.dir/Users/lorenzo.poggi/Documents/GitHub/curso-lse/trabajo_integrador/sdks/proyecto_final_sdk/devices/LPC845/utilities/debug_console_lite/fsl_debug_console.c.obj
LOAD CMakeFiles/new_project.elf.dir/Users/lorenzo.poggi/Documents/GitHub/curso-lse/trabajo_integrador/sdks/proyecto_final_sdk/devices/LPC845/utilities/str/fsl_str.c.obj
START GROUP
LOAD /Applications/MCUXpressoIDE_24.12.148/ide/plugins/com.nxp.mcuxpresso.tools.macosx_24.12.0.202407110909/tools/bin/../lib/gcc/arm-none-eabi/13.2.1/thumb/v6-m/nofp/libgcc.a
LOAD /Applications/MCUXpressoIDE_24.12.148/ide/plugins/com.nxp.mcuxpresso.tools.macosx_24.12.0.202407110909/tools/bin/../lib/gcc/arm-none-eabi/13.2.1/../../../../arm-none-eabi/lib/thumb/v6-m/nofp/libc_nano.a
LOAD /Applications/MCUXpressoIDE_24.12.148/ide/plugins/com.nxp.mcuxpresso.tools.macosx_24.12.0.202407110909/tools/bin/../lib/gcc/arm-none-eabi/13.2.1/../../../../arm-none-eabi/lib/thumb/v6-m/nofp/libm.a
LOAD /Applications/MCUXpressoIDE_24.12.148/ide/plugins/com.nxp.mcuxpresso.tools.macosx_24.12.0.202407110909/tools/bin/../lib/gcc/arm-none-eabi/13.2.1/../../../../arm-none-eabi/lib/thumb/v6-m/nofp/libcr_newlib_nohost.a
LOAD freertos/libfreertos.a
END GROUP
START GROUP
LOAD /Applications/MCUXpressoIDE_24.12.148/ide/plugins/com.nxp.mcuxpresso.tools.macosx_24.12.0.202407110909/tools/bin/../lib/gcc/arm-none-eabi/13.2.1/thumb/v6-m/nofp/libgcc.a
LOAD /Applications/MCUXpressoIDE_24.12.148/ide/plugins/com.nxp.mcuxpresso.tools.macosx_24.12.0.202407110909/tools/bin/../lib/gcc/arm-none-eabi/13.2.1/../../../../arm-none-eabi/lib/thumb/v6-m/nofp/libg_nano.a
LOAD /Applications/MCUXpressoIDE_24.12.148/ide/plugins/com.nxp.mcuxpresso.tools.macosx_24.12.0.202407110909/tools/bin/../lib/gcc/arm-none-eabi/13.2.1/../../../../arm-none-eabi/lib/thumb/v6-m/nofp/libc_nano.a
END GROUP
START GROUP
LOAD /Applications/MCUXpressoIDE_24.12.148/ide/plugins/com.nxp.mcuxpresso.tools.macosx_24.12.0.202407110909/tools/bin/../lib/gcc/arm-none-eabi/13.2.1/thumb/v6-m/nofp/libgcc.a
LOAD /Applications/MCUXpressoIDE_24.12.148/ide/plugins/com.nxp.mcuxpresso.tools.macosx_24.12.0.202407110909/tools/bin/../lib/gcc/arm-none-eabi/13.2.1/../../../../arm-none-eabi/lib/thumb/v6-m/nofp/libc_nano.a
LOAD /Applications/MCUXpressoIDE_24.12.148/ide/plugins/com.nxp.mcuxpresso.tools.macosx_24.12.0.202407110909/tools/bin/../lib/gcc/arm-none-eabi/13.2.1/../../../../arm-none-eabi/lib/thumb/v6-m/nofp/libnosys.a
END GROUP
START GROUP
LOAD /Applications/MCUXpressoIDE_24.12.148/ide/plugins/com.nxp.mcuxpresso.tools.macosx_24.12.0.202407110909/tools/bin/../lib/gcc/arm-none-eabi/13.2.1/thumb/v6-m/nofp/libgcc.a
LOAD /Applications/MCUXpressoIDE_24.12.148/ide/plugins/com.nxp.mcuxpresso.tools.macosx_24.12.0.202407110909/tools/bin/../lib/gcc/arm-none-eabi/13.2.1/../../../../arm-none-eabi/lib/thumb/v6-m/nofp/libc_nano.a
LOAD /Applications/MCUXpressoIDE_24.12.148/ide/plugins/com.nxp.mcuxpresso.tools.macosx_24.12.0.202407110909/tools/bin/../lib/gcc/arm-none-eabi/13.2.1/../../../../arm-none-eabi/lib/thumb/v6-m/nofp/libnosys.a
END GROUP
LOAD /Applications/MCUXpressoIDE_24.12.148/ide/plugins/com.nxp.mcuxpresso.tools.macosx_24.12.0.202407110909/tools/bin/../lib/gcc/arm-none-eabi/13.2.1/thumb/v6-m/nofp/crtend.o
LOAD /Applications/MCUXpressoIDE_24.12.148/ide/plugins/com.nxp.mcuxpresso.tools.macosx_24.12.0.202407110909/tools/bin/../lib/gcc/arm-none-eabi/13.2.1/thumb/v6-m/nofp/crtn.o
                0x00000400                        HEAP_SIZE = DEFINED (__heap_size__)?__heap_size__:0x400
                0x00000800                        STACK_SIZE = DEFINED (__stack_size__)?__stack_size__:0x800
                0xefffb4f9                        __valid_user_code_checksum = (0x0 - ((((__StackTop + Reset_Handler) + NMI_Handler) + HardFault_Handler) + 0x3))

.interrupts     0x00000000       0xc0
                0x00000000                        . = ALIGN (0x4)
 *(.isr_vector)
 .isr_vector    0x00000000       0xc0 CMakeFiles/new_project.elf.dir/Users/lorenzo.poggi/Documents/GitHub/curso-lse/trabajo_integrador/sdks/proyecto_final_sdk/devices/LPC845/gcc/startup_LPC845.S.obj
                0x00000000                __Vectors
                0x000000c0                        . = ALIGN (0x4)

.crp            0x000002fc        0x4
                0x000002fc                        . = ALIGN (0x4)
 *(.crp)
 .crp           0x000002fc        0x4 CMakeFiles/new_project.elf.dir/Users/lorenzo.poggi/Documents/GitHub/curso-lse/trabajo_integrador/sdks/proyecto_final_sdk/devices/LPC845/gcc/startup_LPC845.S.obj
                0x00000300                        . = ALIGN (0x4)

.text           0x00000300     0x9a08
                0x00000300                        . = ALIGN (0x4)
 *(.text)
 .text          0x00000300       0x80 /Applications/MCUXpressoIDE_24.12.148/ide/plugins/com.nxp.mcuxpresso.tools.macosx_24.12.0.202407110909/tools/bin/../lib/gcc/arm-none-eabi/13.2.1/../../../../arm-none-eabi/lib/thumb/v6-m/nofp/crt0.o
                0x00000300                _stack_init
                0x0000030c                _mainCRTStartup
                0x0000030c                _start
 .text          0x00000380      0x17c CMakeFiles/new_project.elf.dir/Users/lorenzo.poggi/Documents/GitHub/curso-lse/trabajo_integrador/sdks/proyecto_final_sdk/devices/LPC845/gcc/startup_LPC845.S.obj
                0x00000380                Reset_Handler
                0x000003cc                ADC0_OVR_DriverIRQHandler
                0x000003cc                PIN_INT5_DAC1_DriverIRQHandler
                0x000003cc                DMA0_DriverIRQHandler
                0x000003cc                SPI1_DriverIRQHandler
                0x000003cc                I2C3_DriverIRQHandler
                0x000003cc                DefaultISR
                0x000003cc                WKT_DriverIRQHandler
                0x000003cc                DAC0_DriverIRQHandler
                0x000003cc                MRT0_DriverIRQHandler
                0x000003cc                CMP_CAPT_DriverIRQHandler
                0x000003cc                ADC0_THCMP_DriverIRQHandler
                0x000003cc                Reserved22_DriverIRQHandler
                0x000003cc                FLASH_DriverIRQHandler
                0x000003cc                ADC0_SEQB_DriverIRQHandler
                0x000003cc                CTIMER0_DriverIRQHandler
                0x000003cc                WDT_DriverIRQHandler
                0x000003cc                BOD_DriverIRQHandler
                0x000003cc                ADC0_SEQA_DriverIRQHandler
                0x000003cc                SPI0_DriverIRQHandler
                0x000003d0                NMI_Handler
                0x000003d4                HardFault_Handler
                0x000003e4                SPI0_IRQHandler
                0x000003e8                SPI1_IRQHandler
                0x000003ec                DAC0_IRQHandler
                0x000003f0                USART0_IRQHandler
                0x000003f4                USART1_IRQHandler
                0x000003f8                USART2_IRQHandler
                0x000003fc                Reserved22_IRQHandler
                0x00000400                I2C1_IRQHandler
                0x00000404                I2C0_IRQHandler
                0x00000408                SCT0_IRQHandler
                0x0000040c                MRT0_IRQHandler
                0x00000414                WDT_IRQHandler
                0x00000418                BOD_IRQHandler
                0x0000041c                FLASH_IRQHandler
                0x00000420                WKT_IRQHandler
                0x00000428                ADC0_SEQB_IRQHandler
                0x0000042c                ADC0_THCMP_IRQHandler
                0x00000430                ADC0_OVR_IRQHandler
                0x00000434                DMA0_IRQHandler
                0x00000438                I2C2_IRQHandler
                0x0000043c                I2C3_IRQHandler
                0x00000440                CTIMER0_IRQHandler
                0x00000444                PIN_INT0_IRQHandler
                0x00000448                PIN_INT1_IRQHandler
                0x0000044c                PIN_INT2_IRQHandler
                0x00000450                PIN_INT3_IRQHandler
                0x00000454                PIN_INT4_IRQHandler
 .text          0x000004fc      0x114 /Applications/MCUXpressoIDE_24.12.148/ide/plugins/com.nxp.mcuxpresso.tools.macosx_24.12.0.202407110909/tools/bin/../lib/gcc/arm-none-eabi/13.2.1/thumb/v6-m/nofp/libgcc.a(_udivsi3.o)
                0x000004fc                __udivsi3
                0x000004fc                __aeabi_uidiv
                0x00000608                __aeabi_uidivmod
 .text          0x00000610      0x1d4 /Applications/MCUXpressoIDE_24.12.148/ide/plugins/com.nxp.mcuxpresso.tools.macosx_24.12.0.202407110909/tools/bin/../lib/gcc/arm-none-eabi/13.2.1/thumb/v6-m/nofp/libgcc.a(_divsi3.o)
                0x00000610                __aeabi_idiv
                0x00000610                __divsi3
                0x000007dc                __aeabi_idivmod
 .text          0x000007e4        0x4 /Applications/MCUXpressoIDE_24.12.148/ide/plugins/com.nxp.mcuxpresso.tools.macosx_24.12.0.202407110909/tools/bin/../lib/gcc/arm-none-eabi/13.2.1/thumb/v6-m/nofp/libgcc.a(_dvmd_tls.o)
                0x000007e4                __aeabi_ldiv0
                0x000007e4                __aeabi_idiv0
 .text          0x000007e8       0x74 /Applications/MCUXpressoIDE_24.12.148/ide/plugins/com.nxp.mcuxpresso.tools.macosx_24.12.0.202407110909/tools/bin/../lib/gcc/arm-none-eabi/13.2.1/thumb/v6-m/nofp/libgcc.a(_arm_cmpsf2.o)
                0x000007e8                __aeabi_cfrcmple
                0x000007f0                __aeabi_cfcmple
                0x000007f0                __aeabi_cfcmpeq
                0x00000800                __aeabi_fcmpeq
                0x0000080c                __aeabi_fcmplt
                0x00000820                __aeabi_fcmple
                0x00000834                __aeabi_fcmpgt
                0x00000848                __aeabi_fcmpge
 .text          0x0000085c       0x40 /Applications/MCUXpressoIDE_24.12.148/ide/plugins/com.nxp.mcuxpresso.tools.macosx_24.12.0.202407110909/tools/bin/../lib/gcc/arm-none-eabi/13.2.1/thumb/v6-m/nofp/libgcc.a(_aeabi_uldivmod.o)
                0x0000085c                __aeabi_uldivmod
 .text          0x0000089c       0x3c /Applications/MCUXpressoIDE_24.12.148/ide/plugins/com.nxp.mcuxpresso.tools.macosx_24.12.0.202407110909/tools/bin/../lib/gcc/arm-none-eabi/13.2.1/thumb/v6-m/nofp/libgcc.a(_clzsi2.o)
                0x0000089c                __clzsi2
 .text          0x000008d8       0x18 /Applications/MCUXpressoIDE_24.12.148/ide/plugins/com.nxp.mcuxpresso.tools.macosx_24.12.0.202407110909/tools/bin/../lib/gcc/arm-none-eabi/13.2.1/thumb/v6-m/nofp/libgcc.a(_clzdi2.o)
                0x000008d8                __clzdi2
 .text          0x000008f0        0xe /Applications/MCUXpressoIDE_24.12.148/ide/plugins/com.nxp.mcuxpresso.tools.macosx_24.12.0.202407110909/tools/bin/../lib/gcc/arm-none-eabi/13.2.1/../../../../arm-none-eabi/lib/thumb/v6-m/nofp/libc_nano.a(libc_a-strlen.o)
                0x000008f0                strlen
 *(.text*)
 *fill*         0x000008fe        0x2 
 .text.deregister_tm_clones
                0x00000900       0x20 /Applications/MCUXpressoIDE_24.12.148/ide/plugins/com.nxp.mcuxpresso.tools.macosx_24.12.0.202407110909/tools/bin/../lib/gcc/arm-none-eabi/13.2.1/thumb/v6-m/nofp/crtbegin.o
 .text.register_tm_clones
                0x00000920       0x28 /Applications/MCUXpressoIDE_24.12.148/ide/plugins/com.nxp.mcuxpresso.tools.macosx_24.12.0.202407110909/tools/bin/../lib/gcc/arm-none-eabi/13.2.1/thumb/v6-m/nofp/crtbegin.o
 .text.__do_global_dtors_aux
                0x00000948       0x2c /Applications/MCUXpressoIDE_24.12.148/ide/plugins/com.nxp.mcuxpresso.tools.macosx_24.12.0.202407110909/tools/bin/../lib/gcc/arm-none-eabi/13.2.1/thumb/v6-m/nofp/crtbegin.o
 .text.frame_dummy
                0x00000974       0x24 /Applications/MCUXpressoIDE_24.12.148/ide/plugins/com.nxp.mcuxpresso.tools.macosx_24.12.0.202407110909/tools/bin/../lib/gcc/arm-none-eabi/13.2.1/thumb/v6-m/nofp/crtbegin.o
 .text.main     0x00000998      0x16c CMakeFiles/new_project.elf.dir/Users/lorenzo.poggi/Documents/GitHub/curso-lse/trabajo_integrador/proyecto_final/main.c.obj
                0x00000998                main
 .text.CLOCK_Select
                0x00000b04       0x38 CMakeFiles/new_project.elf.dir/Users/lorenzo.poggi/Documents/GitHub/curso-lse/trabajo_integrador/proyecto_final/clock_config.c.obj
 .text.CLOCK_SetCoreSysClkDiv
                0x00000b3c       0x4c CMakeFiles/new_project.elf.dir/Users/lorenzo.poggi/Documents/GitHub/curso-lse/trabajo_integrador/proyecto_final/clock_config.c.obj
 .text.CLOCK_SetFroOscFreq
                0x00000b88       0x24 CMakeFiles/new_project.elf.dir/Users/lorenzo.poggi/Documents/GitHub/curso-lse/trabajo_integrador/proyecto_final/clock_config.c.obj
 .text.POWER_DisablePD
                0x00000bac       0x2c CMakeFiles/new_project.elf.dir/Users/lorenzo.poggi/Documents/GitHub/curso-lse/trabajo_integrador/proyecto_final/clock_config.c.obj
 .text.BOARD_BootClockFRO30M
                0x00000bd8       0x58 CMakeFiles/new_project.elf.dir/Users/lorenzo.poggi/Documents/GitHub/curso-lse/trabajo_integrador/proyecto_final/clock_config.c.obj
                0x00000bd8                BOARD_BootClockFRO30M
 .text.GPIO_PinWrite
                0x00000c30       0x2c CMakeFiles/new_project.elf.dir/Users/lorenzo.poggi/Documents/GitHub/curso-lse/trabajo_integrador/proyecto_final/app_tasks.c.obj
 .text.GPIO_PinRead
                0x00000c5c       0x24 CMakeFiles/new_project.elf.dir/Users/lorenzo.poggi/Documents/GitHub/curso-lse/trabajo_integrador/proyecto_final/app_tasks.c.obj
 .text.GPIO_PortToggle
                0x00000c80       0x26 CMakeFiles/new_project.elf.dir/Users/lorenzo.poggi/Documents/GitHub/curso-lse/trabajo_integrador/proyecto_final/app_tasks.c.obj
 .text.ADC_DoSoftwareTriggerConvSeqA
                0x00000ca6       0x1e CMakeFiles/new_project.elf.dir/Users/lorenzo.poggi/Documents/GitHub/curso-lse/trabajo_integrador/proyecto_final/app_tasks.c.obj
 .text.wrapper_gpio_init
                0x00000cc4       0x24 CMakeFiles/new_project.elf.dir/Users/lorenzo.poggi/Documents/GitHub/curso-lse/trabajo_integrador/proyecto_final/app_tasks.c.obj
 .text.wrapper_btn_get
                0x00000ce8       0x30 CMakeFiles/new_project.elf.dir/Users/lorenzo.poggi/Documents/GitHub/curso-lse/trabajo_integrador/proyecto_final/app_tasks.c.obj
 .text.wrapper_output_init
                0x00000d18       0x3e CMakeFiles/new_project.elf.dir/Users/lorenzo.poggi/Documents/GitHub/curso-lse/trabajo_integrador/proyecto_final/app_tasks.c.obj
 .text.wrapper_gpio_get_port
                0x00000d56       0x1a CMakeFiles/new_project.elf.dir/Users/lorenzo.poggi/Documents/GitHub/curso-lse/trabajo_integrador/proyecto_final/app_tasks.c.obj
 .text.wrapper_gpio_get_pin
                0x00000d70       0x1a CMakeFiles/new_project.elf.dir/Users/lorenzo.poggi/Documents/GitHub/curso-lse/trabajo_integrador/proyecto_final/app_tasks.c.obj
 .text.wrapper_output_toggle
                0x00000d8a       0x46 CMakeFiles/new_project.elf.dir/Users/lorenzo.poggi/Documents/GitHub/curso-lse/trabajo_integrador/proyecto_final/app_tasks.c.obj
 .text.wrapper_display_off
                0x00000dd0       0x26 CMakeFiles/new_project.elf.dir/Users/lorenzo.poggi/Documents/GitHub/curso-lse/trabajo_integrador/proyecto_final/app_tasks.c.obj
 .text.wrapper_display_on
                0x00000df6       0x28 CMakeFiles/new_project.elf.dir/Users/lorenzo.poggi/Documents/GitHub/curso-lse/trabajo_integrador/proyecto_final/app_tasks.c.obj
 .text.wrapper_btn_get_with_debouncing_with_pull_up
                0x00000e1e       0x56 CMakeFiles/new_project.elf.dir/Users/lorenzo.poggi/Documents/GitHub/curso-lse/trabajo_integrador/proyecto_final/app_tasks.c.obj
 .text.tarea_inic
                0x00000e74      0x18c CMakeFiles/new_project.elf.dir/Users/lorenzo.poggi/Documents/GitHub/curso-lse/trabajo_integrador/proyecto_final/app_tasks.c.obj
                0x00000e74                tarea_inic
 .text.tarea_setpoint
                0x00001000       0xb8 CMakeFiles/new_project.elf.dir/Users/lorenzo.poggi/Documents/GitHub/curso-lse/trabajo_integrador/proyecto_final/app_tasks.c.obj
                0x00001000                tarea_setpoint
 .text.tarea_adc
                0x000010b8       0x20 CMakeFiles/new_project.elf.dir/Users/lorenzo.poggi/Documents/GitHub/curso-lse/trabajo_integrador/proyecto_final/app_tasks.c.obj
                0x000010b8                tarea_adc
 .text.tarea_display_change
                0x000010d8       0x5c CMakeFiles/new_project.elf.dir/Users/lorenzo.poggi/Documents/GitHub/curso-lse/trabajo_integrador/proyecto_final/app_tasks.c.obj
                0x000010d8                tarea_display_change
 .text.tarea_control
                0x00001134       0xa8 CMakeFiles/new_project.elf.dir/Users/lorenzo.poggi/Documents/GitHub/curso-lse/trabajo_integrador/proyecto_final/app_tasks.c.obj
                0x00001134                tarea_control
 .text.tarea_display
                0x000011dc       0x9c CMakeFiles/new_project.elf.dir/Users/lorenzo.poggi/Documents/GitHub/curso-lse/trabajo_integrador/proyecto_final/app_tasks.c.obj
                0x000011dc                tarea_display
 .text.tarea_pwm
                0x00001278       0xe8 CMakeFiles/new_project.elf.dir/Users/lorenzo.poggi/Documents/GitHub/curso-lse/trabajo_integrador/proyecto_final/app_tasks.c.obj
                0x00001278                tarea_pwm
 .text.tarea_bh1750
                0x00001360       0xa0 CMakeFiles/new_project.elf.dir/Users/lorenzo.poggi/Documents/GitHub/curso-lse/trabajo_integrador/proyecto_final/app_tasks.c.obj
                0x00001360                tarea_bh1750
 .text.tarea_buzzer
                0x00001400       0x3c CMakeFiles/new_project.elf.dir/Users/lorenzo.poggi/Documents/GitHub/curso-lse/trabajo_integrador/proyecto_final/app_tasks.c.obj
                0x00001400                tarea_buzzer
 .text.tarea_counter_btns
                0x0000143c       0xe8 CMakeFiles/new_project.elf.dir/Users/lorenzo.poggi/Documents/GitHub/curso-lse/trabajo_integrador/proyecto_final/app_tasks.c.obj
                0x0000143c                tarea_counter_btns
 .text.tarea_cny70
                0x00001524       0x40 CMakeFiles/new_project.elf.dir/Users/lorenzo.poggi/Documents/GitHub/curso-lse/trabajo_integrador/proyecto_final/app_tasks.c.obj
                0x00001524                tarea_cny70
 .text.tsk_leds_tricolor
                0x00001564      0x118 CMakeFiles/new_project.elf.dir/Users/lorenzo.poggi/Documents/GitHub/curso-lse/trabajo_integrador/proyecto_final/app_tasks.c.obj
                0x00001564                tsk_leds_tricolor
 .text.ADC_GetStatusFlags
                0x0000167c       0x14 CMakeFiles/new_project.elf.dir/Users/lorenzo.poggi/Documents/GitHub/curso-lse/trabajo_integrador/proyecto_final/isr.c.obj
 .text.ADC_ClearStatusFlags
                0x00001690       0x18 CMakeFiles/new_project.elf.dir/Users/lorenzo.poggi/Documents/GitHub/curso-lse/trabajo_integrador/proyecto_final/isr.c.obj
 .text.CAPT_ClearInterruptStatusFlags
                0x000016a8       0x18 CMakeFiles/new_project.elf.dir/Users/lorenzo.poggi/Documents/GitHub/curso-lse/trabajo_integrador/proyecto_final/isr.c.obj
 .text.cny70_callback
                0x000016c0       0x54 CMakeFiles/new_project.elf.dir/Users/lorenzo.poggi/Documents/GitHub/curso-lse/trabajo_integrador/proyecto_final/isr.c.obj
                0x000016c0                cny70_callback
 .text.ADC0_SEQA_IRQHandler
                0x00001714       0xa0 CMakeFiles/new_project.elf.dir/Users/lorenzo.poggi/Documents/GitHub/curso-lse/trabajo_integrador/proyecto_final/isr.c.obj
                0x00001714                ADC0_SEQA_IRQHandler
 .text.CMP_CAPT_IRQHandler
                0x000017b4       0x4c CMakeFiles/new_project.elf.dir/Users/lorenzo.poggi/Documents/GitHub/curso-lse/trabajo_integrador/proyecto_final/isr.c.obj
                0x000017b4                CMP_CAPT_IRQHandler
 .text.__NVIC_EnableIRQ
                0x00001800       0x34 CMakeFiles/new_project.elf.dir/Users/lorenzo.poggi/Documents/GitHub/curso-lse/trabajo_integrador/proyecto_final/wrappers.c.obj
 .text.CLOCK_EnableClock
                0x00001834       0x54 CMakeFiles/new_project.elf.dir/Users/lorenzo.poggi/Documents/GitHub/curso-lse/trabajo_integrador/proyecto_final/wrappers.c.obj
 .text.CLOCK_DisableClock
                0x00001888       0x58 CMakeFiles/new_project.elf.dir/Users/lorenzo.poggi/Documents/GitHub/curso-lse/trabajo_integrador/proyecto_final/wrappers.c.obj
 .text.CLOCK_Select
                0x000018e0       0x38 CMakeFiles/new_project.elf.dir/Users/lorenzo.poggi/Documents/GitHub/curso-lse/trabajo_integrador/proyecto_final/wrappers.c.obj
 .text.CLOCK_SetClkDivider
                0x00001918       0x30 CMakeFiles/new_project.elf.dir/Users/lorenzo.poggi/Documents/GitHub/curso-lse/trabajo_integrador/proyecto_final/wrappers.c.obj
 .text.CLOCK_GetClkDivider
                0x00001948       0x2c CMakeFiles/new_project.elf.dir/Users/lorenzo.poggi/Documents/GitHub/curso-lse/trabajo_integrador/proyecto_final/wrappers.c.obj
 .text.GPIO_PinWrite
                0x00001974       0x2c CMakeFiles/new_project.elf.dir/Users/lorenzo.poggi/Documents/GitHub/curso-lse/trabajo_integrador/proyecto_final/wrappers.c.obj
 .text.POWER_DisablePD
                0x000019a0       0x2c CMakeFiles/new_project.elf.dir/Users/lorenzo.poggi/Documents/GitHub/curso-lse/trabajo_integrador/proyecto_final/wrappers.c.obj
 .text.IOCON_PinMuxSet
                0x000019cc       0x26 CMakeFiles/new_project.elf.dir/Users/lorenzo.poggi/Documents/GitHub/curso-lse/trabajo_integrador/proyecto_final/wrappers.c.obj
 .text.ADC_EnableConvSeqA
                0x000019f2       0x3a CMakeFiles/new_project.elf.dir/Users/lorenzo.poggi/Documents/GitHub/curso-lse/trabajo_integrador/proyecto_final/wrappers.c.obj
 .text.ADC_EnableInterrupts
                0x00001a2c       0x22 CMakeFiles/new_project.elf.dir/Users/lorenzo.poggi/Documents/GitHub/curso-lse/trabajo_integrador/proyecto_final/wrappers.c.obj
 *fill*         0x00001a4e        0x2 
 .text.SCTIMER_StartTimer
                0x00001a50      0x108 CMakeFiles/new_project.elf.dir/Users/lorenzo.poggi/Documents/GitHub/curso-lse/trabajo_integrador/proyecto_final/wrappers.c.obj
 .text.I2C_MasterRepeatedStart
                0x00001b58       0x32 CMakeFiles/new_project.elf.dir/Users/lorenzo.poggi/Documents/GitHub/curso-lse/trabajo_integrador/proyecto_final/wrappers.c.obj
 .text.CAPT_EnableInterrupts
                0x00001b8a       0x18 CMakeFiles/new_project.elf.dir/Users/lorenzo.poggi/Documents/GitHub/curso-lse/trabajo_integrador/proyecto_final/wrappers.c.obj
 .text.wrapper_gpio_get_pin
                0x00001ba2       0x1a CMakeFiles/new_project.elf.dir/Users/lorenzo.poggi/Documents/GitHub/curso-lse/trabajo_integrador/proyecto_final/wrappers.c.obj
 .text.wrapper_adc_init
                0x00001bbc       0xdc CMakeFiles/new_project.elf.dir/Users/lorenzo.poggi/Documents/GitHub/curso-lse/trabajo_integrador/proyecto_final/wrappers.c.obj
                0x00001bbc                wrapper_adc_init
 .text.wrapper_btn_init
                0x00001c98       0x7c CMakeFiles/new_project.elf.dir/Users/lorenzo.poggi/Documents/GitHub/curso-lse/trabajo_integrador/proyecto_final/wrappers.c.obj
                0x00001c98                wrapper_btn_init
 .text.wrapper_gpio_enable_irq
                0x00001d14       0x8c CMakeFiles/new_project.elf.dir/Users/lorenzo.poggi/Documents/GitHub/curso-lse/trabajo_integrador/proyecto_final/wrappers.c.obj
                0x00001d14                wrapper_gpio_enable_irq
 .text.wrapper_display_init
                0x00001da0       0x94 CMakeFiles/new_project.elf.dir/Users/lorenzo.poggi/Documents/GitHub/curso-lse/trabajo_integrador/proyecto_final/wrappers.c.obj
                0x00001da0                wrapper_display_init
 .text.wrapper_display_write
                0x00001e34       0xc0 CMakeFiles/new_project.elf.dir/Users/lorenzo.poggi/Documents/GitHub/curso-lse/trabajo_integrador/proyecto_final/wrappers.c.obj
                0x00001e34                wrapper_display_write
 .text.wrapper_pwm_init
                0x00001ef4      0x100 CMakeFiles/new_project.elf.dir/Users/lorenzo.poggi/Documents/GitHub/curso-lse/trabajo_integrador/proyecto_final/wrappers.c.obj
                0x00001ef4                wrapper_pwm_init
 .text.wrapper_pwm_update_led
                0x00001ff4       0x58 CMakeFiles/new_project.elf.dir/Users/lorenzo.poggi/Documents/GitHub/curso-lse/trabajo_integrador/proyecto_final/wrappers.c.obj
 .text.wrapper_pwm_update_bled
                0x0000204c       0x2c CMakeFiles/new_project.elf.dir/Users/lorenzo.poggi/Documents/GitHub/curso-lse/trabajo_integrador/proyecto_final/wrappers.c.obj
                0x0000204c                wrapper_pwm_update_bled
 .text.wrapper_pwm_update_rled
                0x00002078       0x2c CMakeFiles/new_project.elf.dir/Users/lorenzo.poggi/Documents/GitHub/curso-lse/trabajo_integrador/proyecto_final/wrappers.c.obj
                0x00002078                wrapper_pwm_update_rled
 .text.wrapper_i2c_init
                0x000020a4       0x6c CMakeFiles/new_project.elf.dir/Users/lorenzo.poggi/Documents/GitHub/curso-lse/trabajo_integrador/proyecto_final/wrappers.c.obj
                0x000020a4                wrapper_i2c_init
 .text.wrapper_bh1750_init
                0x00002110       0x60 CMakeFiles/new_project.elf.dir/Users/lorenzo.poggi/Documents/GitHub/curso-lse/trabajo_integrador/proyecto_final/wrappers.c.obj
                0x00002110                wrapper_bh1750_init
 .text.wrapper_bh1750_read
                0x00002170       0x68 CMakeFiles/new_project.elf.dir/Users/lorenzo.poggi/Documents/GitHub/curso-lse/trabajo_integrador/proyecto_final/wrappers.c.obj
                0x00002170                wrapper_bh1750_read
 .text.wrapper_touch_init
                0x000021d8       0xcc CMakeFiles/new_project.elf.dir/Users/lorenzo.poggi/Documents/GitHub/curso-lse/trabajo_integrador/proyecto_final/wrappers.c.obj
                0x000021d8                wrapper_touch_init
 .text.wrapper_touch_is_touched
                0x000022a4       0x2c CMakeFiles/new_project.elf.dir/Users/lorenzo.poggi/Documents/GitHub/curso-lse/trabajo_integrador/proyecto_final/wrappers.c.obj
                0x000022a4                wrapper_touch_is_touched
 .text.SystemInit
                0x000022d0       0x2c CMakeFiles/new_project.elf.dir/Users/lorenzo.poggi/Documents/GitHub/curso-lse/trabajo_integrador/sdks/proyecto_final_sdk/devices/LPC845/system_LPC845.c.obj
                0x000022d0                SystemInit
 .text.SystemInitHook
                0x000022fc        0xa CMakeFiles/new_project.elf.dir/Users/lorenzo.poggi/Documents/GitHub/curso-lse/trabajo_integrador/sdks/proyecto_final_sdk/devices/LPC845/system_LPC845.c.obj
                0x000022fc                SystemInitHook
 *fill*         0x00002306        0x2 
 .text.CLOCK_EnableClock
                0x00002308       0x54 CMakeFiles/new_project.elf.dir/Users/lorenzo.poggi/Documents/GitHub/curso-lse/trabajo_integrador/sdks/proyecto_final_sdk/devices/LPC845/drivers/fsl_capt.c.obj
 .text.CAPT_GetInstance
                0x0000235c       0x54 CMakeFiles/new_project.elf.dir/Users/lorenzo.poggi/Documents/GitHub/curso-lse/trabajo_integrador/sdks/proyecto_final_sdk/devices/LPC845/drivers/fsl_capt.c.obj
 .text.CAPT_Init
                0x000023b0      0x118 CMakeFiles/new_project.elf.dir/Users/lorenzo.poggi/Documents/GitHub/curso-lse/trabajo_integrador/sdks/proyecto_final_sdk/devices/LPC845/drivers/fsl_capt.c.obj
                0x000023b0                CAPT_Init
 .text.CAPT_GetDefaultConfig
                0x000024c8       0x78 CMakeFiles/new_project.elf.dir/Users/lorenzo.poggi/Documents/GitHub/curso-lse/trabajo_integrador/sdks/proyecto_final_sdk/devices/LPC845/drivers/fsl_capt.c.obj
                0x000024c8                CAPT_GetDefaultConfig
 .text.CAPT_SetPollMode
                0x00002540       0x4a CMakeFiles/new_project.elf.dir/Users/lorenzo.poggi/Documents/GitHub/curso-lse/trabajo_integrador/sdks/proyecto_final_sdk/devices/LPC845/drivers/fsl_capt.c.obj
                0x00002540                CAPT_SetPollMode
 *fill*         0x0000258a        0x2 
 .text.CAPT_GetTouchData
                0x0000258c       0xb4 CMakeFiles/new_project.elf.dir/Users/lorenzo.poggi/Documents/GitHub/curso-lse/trabajo_integrador/sdks/proyecto_final_sdk/devices/LPC845/drivers/fsl_capt.c.obj
                0x0000258c                CAPT_GetTouchData
 .text.CLOCK_GetCoreSysClkFreq
                0x00002640       0x24 CMakeFiles/new_project.elf.dir/Users/lorenzo.poggi/Documents/GitHub/curso-lse/trabajo_integrador/sdks/proyecto_final_sdk/devices/LPC845/drivers/fsl_clock.c.obj
 .text.CLOCK_GetSystemPLLFreq
                0x00002664       0x20 CMakeFiles/new_project.elf.dir/Users/lorenzo.poggi/Documents/GitHub/curso-lse/trabajo_integrador/sdks/proyecto_final_sdk/devices/LPC845/drivers/fsl_clock.c.obj
 .text.CLOCK_GetWdtOscFreq
                0x00002684       0x14 CMakeFiles/new_project.elf.dir/Users/lorenzo.poggi/Documents/GitHub/curso-lse/trabajo_integrador/sdks/proyecto_final_sdk/devices/LPC845/drivers/fsl_clock.c.obj
 .text.CLOCK_GetExtClkFreq
                0x00002698       0x14 CMakeFiles/new_project.elf.dir/Users/lorenzo.poggi/Documents/GitHub/curso-lse/trabajo_integrador/sdks/proyecto_final_sdk/devices/LPC845/drivers/fsl_clock.c.obj
 .text.CLOCK_GetFRGInputClkFreq
                0x000026ac       0x3e CMakeFiles/new_project.elf.dir/Users/lorenzo.poggi/Documents/GitHub/curso-lse/trabajo_integrador/sdks/proyecto_final_sdk/devices/LPC845/drivers/fsl_clock.c.obj
 *fill*         0x000026ea        0x2 
 .text.CLOCK_UpdateClkSrc
                0x000026ec       0x58 CMakeFiles/new_project.elf.dir/Users/lorenzo.poggi/Documents/GitHub/curso-lse/trabajo_integrador/sdks/proyecto_final_sdk/devices/LPC845/drivers/fsl_clock.c.obj
 .text.CLOCK_GetFRG0ClkFreq
                0x00002744       0x64 CMakeFiles/new_project.elf.dir/Users/lorenzo.poggi/Documents/GitHub/curso-lse/trabajo_integrador/sdks/proyecto_final_sdk/devices/LPC845/drivers/fsl_clock.c.obj
                0x00002744                CLOCK_GetFRG0ClkFreq
 .text.CLOCK_GetFRG1ClkFreq
                0x000027a8       0x64 CMakeFiles/new_project.elf.dir/Users/lorenzo.poggi/Documents/GitHub/curso-lse/trabajo_integrador/sdks/proyecto_final_sdk/devices/LPC845/drivers/fsl_clock.c.obj
                0x000027a8                CLOCK_GetFRG1ClkFreq
 .text.CLOCK_GetMainClkFreq
                0x0000280c       0x78 CMakeFiles/new_project.elf.dir/Users/lorenzo.poggi/Documents/GitHub/curso-lse/trabajo_integrador/sdks/proyecto_final_sdk/devices/LPC845/drivers/fsl_clock.c.obj
                0x0000280c                CLOCK_GetMainClkFreq
 .text.CLOCK_GetFroFreq
                0x00002884       0x78 CMakeFiles/new_project.elf.dir/Users/lorenzo.poggi/Documents/GitHub/curso-lse/trabajo_integrador/sdks/proyecto_final_sdk/devices/LPC845/drivers/fsl_clock.c.obj
                0x00002884                CLOCK_GetFroFreq
 .text.CLOCK_GetFreq
                0x000028fc       0x90 CMakeFiles/new_project.elf.dir/Users/lorenzo.poggi/Documents/GitHub/curso-lse/trabajo_integrador/sdks/proyecto_final_sdk/devices/LPC845/drivers/fsl_clock.c.obj
                0x000028fc                CLOCK_GetFreq
 .text.CLOCK_GetSystemPLLInClockRate
                0x0000298c       0x64 CMakeFiles/new_project.elf.dir/Users/lorenzo.poggi/Documents/GitHub/curso-lse/trabajo_integrador/sdks/proyecto_final_sdk/devices/LPC845/drivers/fsl_clock.c.obj
                0x0000298c                CLOCK_GetSystemPLLInClockRate
 .text.CLOCK_SetMainClkSrc
                0x000029f0       0x9c CMakeFiles/new_project.elf.dir/Users/lorenzo.poggi/Documents/GitHub/curso-lse/trabajo_integrador/sdks/proyecto_final_sdk/devices/LPC845/drivers/fsl_clock.c.obj
                0x000029f0                CLOCK_SetMainClkSrc
 .text.CLOCK_SetFroOutClkSrc
                0x00002a8c       0x48 CMakeFiles/new_project.elf.dir/Users/lorenzo.poggi/Documents/GitHub/curso-lse/trabajo_integrador/sdks/proyecto_final_sdk/devices/LPC845/drivers/fsl_clock.c.obj
                0x00002a8c                CLOCK_SetFroOutClkSrc
 .text.DelayLoop
                0x00002ad4       0x1a CMakeFiles/new_project.elf.dir/Users/lorenzo.poggi/Documents/GitHub/curso-lse/trabajo_integrador/sdks/proyecto_final_sdk/devices/LPC845/drivers/fsl_common_arm.c.obj
 *fill*         0x00002aee        0x2 
 .text.SDK_DelayAtLeastUs
                0x00002af0       0x84 CMakeFiles/new_project.elf.dir/Users/lorenzo.poggi/Documents/GitHub/curso-lse/trabajo_integrador/sdks/proyecto_final_sdk/devices/LPC845/drivers/fsl_common_arm.c.obj
                0x00002af0                SDK_DelayAtLeastUs
 .text.CLOCK_EnableClock
                0x00002b74       0x54 CMakeFiles/new_project.elf.dir/Users/lorenzo.poggi/Documents/GitHub/curso-lse/trabajo_integrador/sdks/proyecto_final_sdk/devices/LPC845/drivers/fsl_adc.c.obj
 .text.RESET_ReleasePeripheralReset
                0x00002bc8       0x18 CMakeFiles/new_project.elf.dir/Users/lorenzo.poggi/Documents/GitHub/curso-lse/trabajo_integrador/sdks/proyecto_final_sdk/devices/LPC845/drivers/fsl_adc.c.obj
 .text.ADC_GetInstance
                0x00002be0       0x54 CMakeFiles/new_project.elf.dir/Users/lorenzo.poggi/Documents/GitHub/curso-lse/trabajo_integrador/sdks/proyecto_final_sdk/devices/LPC845/drivers/fsl_adc.c.obj
 .text.ADC_Init
                0x00002c34       0xb4 CMakeFiles/new_project.elf.dir/Users/lorenzo.poggi/Documents/GitHub/curso-lse/trabajo_integrador/sdks/proyecto_final_sdk/devices/LPC845/drivers/fsl_adc.c.obj
                0x00002c34                ADC_Init
 .text.ADC_GetDefaultConfig
                0x00002ce8       0x34 CMakeFiles/new_project.elf.dir/Users/lorenzo.poggi/Documents/GitHub/curso-lse/trabajo_integrador/sdks/proyecto_final_sdk/devices/LPC845/drivers/fsl_adc.c.obj
                0x00002ce8                ADC_GetDefaultConfig
 .text.ADC_DoSelfCalibration
                0x00002d1c       0xc0 CMakeFiles/new_project.elf.dir/Users/lorenzo.poggi/Documents/GitHub/curso-lse/trabajo_integrador/sdks/proyecto_final_sdk/devices/LPC845/drivers/fsl_adc.c.obj
                0x00002d1c                ADC_DoSelfCalibration
 .text.ADC_SetConvSeqAConfig
                0x00002ddc       0xa0 CMakeFiles/new_project.elf.dir/Users/lorenzo.poggi/Documents/GitHub/curso-lse/trabajo_integrador/sdks/proyecto_final_sdk/devices/LPC845/drivers/fsl_adc.c.obj
                0x00002ddc                ADC_SetConvSeqAConfig
 .text.ADC_GetChannelConversionResult
                0x00002e7c       0xbc CMakeFiles/new_project.elf.dir/Users/lorenzo.poggi/Documents/GitHub/curso-lse/trabajo_integrador/sdks/proyecto_final_sdk/devices/LPC845/drivers/fsl_adc.c.obj
                0x00002e7c                ADC_GetChannelConversionResult
 .text.CLOCK_EnableClock
                0x00002f38       0x54 CMakeFiles/new_project.elf.dir/Users/lorenzo.poggi/Documents/GitHub/curso-lse/trabajo_integrador/sdks/proyecto_final_sdk/devices/LPC845/drivers/fsl_gpio.c.obj
 .text.GPIO_EnablePortClock
                0x00002f8c       0x44 CMakeFiles/new_project.elf.dir/Users/lorenzo.poggi/Documents/GitHub/curso-lse/trabajo_integrador/sdks/proyecto_final_sdk/devices/LPC845/drivers/fsl_gpio.c.obj
 .text.GPIO_PortInit
                0x00002fd0       0x30 CMakeFiles/new_project.elf.dir/Users/lorenzo.poggi/Documents/GitHub/curso-lse/trabajo_integrador/sdks/proyecto_final_sdk/devices/LPC845/drivers/fsl_gpio.c.obj
                0x00002fd0                GPIO_PortInit
 .text.GPIO_PinInit
                0x00003000       0xc0 CMakeFiles/new_project.elf.dir/Users/lorenzo.poggi/Documents/GitHub/curso-lse/trabajo_integrador/sdks/proyecto_final_sdk/devices/LPC845/drivers/fsl_gpio.c.obj
                0x00003000                GPIO_PinInit
 .text.CLOCK_EnableClock
                0x000030c0       0x54 CMakeFiles/new_project.elf.dir/Users/lorenzo.poggi/Documents/GitHub/curso-lse/trabajo_integrador/sdks/proyecto_final_sdk/devices/LPC845/drivers/fsl_i2c.c.obj
 .text.I2C_MasterEnable
                0x00003114       0x3c CMakeFiles/new_project.elf.dir/Users/lorenzo.poggi/Documents/GitHub/curso-lse/trabajo_integrador/sdks/proyecto_final_sdk/devices/LPC845/drivers/fsl_i2c.c.obj
 .text.I2C_GetStatusFlags
                0x00003150       0x14 CMakeFiles/new_project.elf.dir/Users/lorenzo.poggi/Documents/GitHub/curso-lse/trabajo_integrador/sdks/proyecto_final_sdk/devices/LPC845/drivers/fsl_i2c.c.obj
 .text.I2C_MasterClearStatusFlags
                0x00003164       0x1c CMakeFiles/new_project.elf.dir/Users/lorenzo.poggi/Documents/GitHub/curso-lse/trabajo_integrador/sdks/proyecto_final_sdk/devices/LPC845/drivers/fsl_i2c.c.obj
 .text.I2C_GetInstance
                0x00003180       0x58 CMakeFiles/new_project.elf.dir/Users/lorenzo.poggi/Documents/GitHub/curso-lse/trabajo_integrador/sdks/proyecto_final_sdk/devices/LPC845/drivers/fsl_i2c.c.obj
                0x00003180                I2C_GetInstance
 .text.I2C_MasterGetDefaultConfig
                0x000031d8       0x34 CMakeFiles/new_project.elf.dir/Users/lorenzo.poggi/Documents/GitHub/curso-lse/trabajo_integrador/sdks/proyecto_final_sdk/devices/LPC845/drivers/fsl_i2c.c.obj
                0x000031d8                I2C_MasterGetDefaultConfig
 .text.I2C_MasterInit
                0x0000320c       0x64 CMakeFiles/new_project.elf.dir/Users/lorenzo.poggi/Documents/GitHub/curso-lse/trabajo_integrador/sdks/proyecto_final_sdk/devices/LPC845/drivers/fsl_i2c.c.obj
                0x0000320c                I2C_MasterInit
 .text.I2C_MasterSetBaudRate
                0x00003270      0x114 CMakeFiles/new_project.elf.dir/Users/lorenzo.poggi/Documents/GitHub/curso-lse/trabajo_integrador/sdks/proyecto_final_sdk/devices/LPC845/drivers/fsl_i2c.c.obj
                0x00003270                I2C_MasterSetBaudRate
 .text.I2C_PendingStatusWait
                0x00003384       0x30 CMakeFiles/new_project.elf.dir/Users/lorenzo.poggi/Documents/GitHub/curso-lse/trabajo_integrador/sdks/proyecto_final_sdk/devices/LPC845/drivers/fsl_i2c.c.obj
 .text.I2C_MasterStart
                0x000033b4       0x54 CMakeFiles/new_project.elf.dir/Users/lorenzo.poggi/Documents/GitHub/curso-lse/trabajo_integrador/sdks/proyecto_final_sdk/devices/LPC845/drivers/fsl_i2c.c.obj
                0x000033b4                I2C_MasterStart
 .text.I2C_MasterStop
                0x00003408       0x30 CMakeFiles/new_project.elf.dir/Users/lorenzo.poggi/Documents/GitHub/curso-lse/trabajo_integrador/sdks/proyecto_final_sdk/devices/LPC845/drivers/fsl_i2c.c.obj
                0x00003408                I2C_MasterStop
 .text.I2C_MasterWriteBlocking
                0x00003438      0x124 CMakeFiles/new_project.elf.dir/Users/lorenzo.poggi/Documents/GitHub/curso-lse/trabajo_integrador/sdks/proyecto_final_sdk/devices/LPC845/drivers/fsl_i2c.c.obj
                0x00003438                I2C_MasterWriteBlocking
 .text.I2C_MasterReadBlocking
                0x0000355c      0x104 CMakeFiles/new_project.elf.dir/Users/lorenzo.poggi/Documents/GitHub/curso-lse/trabajo_integrador/sdks/proyecto_final_sdk/devices/LPC845/drivers/fsl_i2c.c.obj
                0x0000355c                I2C_MasterReadBlocking
 .text.I2C_TransferCommonIRQHandler
                0x00003660       0x40 CMakeFiles/new_project.elf.dir/Users/lorenzo.poggi/Documents/GitHub/curso-lse/trabajo_integrador/sdks/proyecto_final_sdk/devices/LPC845/drivers/fsl_i2c.c.obj
 .text.I2C0_DriverIRQHandler
                0x000036a0       0x20 CMakeFiles/new_project.elf.dir/Users/lorenzo.poggi/Documents/GitHub/curso-lse/trabajo_integrador/sdks/proyecto_final_sdk/devices/LPC845/drivers/fsl_i2c.c.obj
                0x000036a0                I2C0_DriverIRQHandler
 .text.I2C1_DriverIRQHandler
                0x000036c0       0x20 CMakeFiles/new_project.elf.dir/Users/lorenzo.poggi/Documents/GitHub/curso-lse/trabajo_integrador/sdks/proyecto_final_sdk/devices/LPC845/drivers/fsl_i2c.c.obj
                0x000036c0                I2C1_DriverIRQHandler
 .text.I2C2_DriverIRQHandler
                0x000036e0       0x20 CMakeFiles/new_project.elf.dir/Users/lorenzo.poggi/Documents/GitHub/curso-lse/trabajo_integrador/sdks/proyecto_final_sdk/devices/LPC845/drivers/fsl_i2c.c.obj
                0x000036e0                I2C2_DriverIRQHandler
 .text.USART0_DriverIRQHandler
                0x00003700       0x24 CMakeFiles/new_project.elf.dir/Users/lorenzo.poggi/Documents/GitHub/curso-lse/trabajo_integrador/sdks/proyecto_final_sdk/devices/LPC845/drivers/fsl_usart.c.obj
                0x00003700                USART0_DriverIRQHandler
 .text.USART1_DriverIRQHandler
                0x00003724       0x24 CMakeFiles/new_project.elf.dir/Users/lorenzo.poggi/Documents/GitHub/curso-lse/trabajo_integrador/sdks/proyecto_final_sdk/devices/LPC845/drivers/fsl_usart.c.obj
                0x00003724                USART1_DriverIRQHandler
 .text.USART2_DriverIRQHandler
                0x00003748       0x24 CMakeFiles/new_project.elf.dir/Users/lorenzo.poggi/Documents/GitHub/curso-lse/trabajo_integrador/sdks/proyecto_final_sdk/devices/LPC845/drivers/fsl_usart.c.obj
                0x00003748                USART2_DriverIRQHandler
 .text.PIN_INT6_USART3_DriverIRQHandler
                0x0000376c       0x24 CMakeFiles/new_project.elf.dir/Users/lorenzo.poggi/Documents/GitHub/curso-lse/trabajo_integrador/sdks/proyecto_final_sdk/devices/LPC845/drivers/fsl_usart.c.obj
                0x0000376c                PIN_INT6_USART3_DriverIRQHandler
 .text.PIN_INT7_USART4_DriverIRQHandler
                0x00003790       0x24 CMakeFiles/new_project.elf.dir/Users/lorenzo.poggi/Documents/GitHub/curso-lse/trabajo_integrador/sdks/proyecto_final_sdk/devices/LPC845/drivers/fsl_usart.c.obj
                0x00003790                PIN_INT7_USART4_DriverIRQHandler
 .text.__NVIC_EnableIRQ
                0x000037b4       0x34 CMakeFiles/new_project.elf.dir/Users/lorenzo.poggi/Documents/GitHub/curso-lse/trabajo_integrador/sdks/proyecto_final_sdk/devices/LPC845/drivers/fsl_pint.c.obj
 .text.__NVIC_ClearPendingIRQ
                0x000037e8       0x38 CMakeFiles/new_project.elf.dir/Users/lorenzo.poggi/Documents/GitHub/curso-lse/trabajo_integrador/sdks/proyecto_final_sdk/devices/LPC845/drivers/fsl_pint.c.obj
 .text.CLOCK_EnableClock
                0x00003820       0x54 CMakeFiles/new_project.elf.dir/Users/lorenzo.poggi/Documents/GitHub/curso-lse/trabajo_integrador/sdks/proyecto_final_sdk/devices/LPC845/drivers/fsl_pint.c.obj
 .text.RESET_ReleasePeripheralReset
                0x00003874       0x18 CMakeFiles/new_project.elf.dir/Users/lorenzo.poggi/Documents/GitHub/curso-lse/trabajo_integrador/sdks/proyecto_final_sdk/devices/LPC845/drivers/fsl_pint.c.obj
 .text.EnableIRQ
                0x0000388c       0x36 CMakeFiles/new_project.elf.dir/Users/lorenzo.poggi/Documents/GitHub/curso-lse/trabajo_integrador/sdks/proyecto_final_sdk/devices/LPC845/drivers/fsl_pint.c.obj
 .text.PINT_PinInterruptGetStatus
                0x000038c2       0x26 CMakeFiles/new_project.elf.dir/Users/lorenzo.poggi/Documents/GitHub/curso-lse/trabajo_integrador/sdks/proyecto_final_sdk/devices/LPC845/drivers/fsl_pint.c.obj
 .text.PINT_PinInterruptClrFallFlag
                0x000038e8       0x22 CMakeFiles/new_project.elf.dir/Users/lorenzo.poggi/Documents/GitHub/curso-lse/trabajo_integrador/sdks/proyecto_final_sdk/devices/LPC845/drivers/fsl_pint.c.obj
 .text.PINT_PinInterruptGetFallFlag
                0x0000390a       0x26 CMakeFiles/new_project.elf.dir/Users/lorenzo.poggi/Documents/GitHub/curso-lse/trabajo_integrador/sdks/proyecto_final_sdk/devices/LPC845/drivers/fsl_pint.c.obj
 .text.PINT_PinInterruptClrRiseFlag
                0x00003930       0x22 CMakeFiles/new_project.elf.dir/Users/lorenzo.poggi/Documents/GitHub/curso-lse/trabajo_integrador/sdks/proyecto_final_sdk/devices/LPC845/drivers/fsl_pint.c.obj
 .text.PINT_PinInterruptGetRiseFlag
                0x00003952       0x26 CMakeFiles/new_project.elf.dir/Users/lorenzo.poggi/Documents/GitHub/curso-lse/trabajo_integrador/sdks/proyecto_final_sdk/devices/LPC845/drivers/fsl_pint.c.obj
 .text.PINT_GetInstance
                0x00003978       0x54 CMakeFiles/new_project.elf.dir/Users/lorenzo.poggi/Documents/GitHub/curso-lse/trabajo_integrador/sdks/proyecto_final_sdk/devices/LPC845/drivers/fsl_pint.c.obj
 .text.PINT_Init
                0x000039cc       0xa4 CMakeFiles/new_project.elf.dir/Users/lorenzo.poggi/Documents/GitHub/curso-lse/trabajo_integrador/sdks/proyecto_final_sdk/devices/LPC845/drivers/fsl_pint.c.obj
                0x000039cc                PINT_Init
 .text.PINT_SetCallback
                0x00003a70       0x2c CMakeFiles/new_project.elf.dir/Users/lorenzo.poggi/Documents/GitHub/curso-lse/trabajo_integrador/sdks/proyecto_final_sdk/devices/LPC845/drivers/fsl_pint.c.obj
                0x00003a70                PINT_SetCallback
 .text.PINT_PinInterruptConfig
                0x00003a9c       0xd4 CMakeFiles/new_project.elf.dir/Users/lorenzo.poggi/Documents/GitHub/curso-lse/trabajo_integrador/sdks/proyecto_final_sdk/devices/LPC845/drivers/fsl_pint.c.obj
                0x00003a9c                PINT_PinInterruptConfig
 .text.PINT_PatternMatchResetDetectLogic
                0x00003b70       0x30 CMakeFiles/new_project.elf.dir/Users/lorenzo.poggi/Documents/GitHub/curso-lse/trabajo_integrador/sdks/proyecto_final_sdk/devices/LPC845/drivers/fsl_pint.c.obj
                0x00003b70                PINT_PatternMatchResetDetectLogic
 .text.PINT_PinInterruptClrStatus
                0x00003ba0       0x52 CMakeFiles/new_project.elf.dir/Users/lorenzo.poggi/Documents/GitHub/curso-lse/trabajo_integrador/sdks/proyecto_final_sdk/devices/LPC845/drivers/fsl_pint.c.obj
                0x00003ba0                PINT_PinInterruptClrStatus
 *fill*         0x00003bf2        0x2 
 .text.PINT_EnableCallbackByIndex
                0x00003bf4       0x68 CMakeFiles/new_project.elf.dir/Users/lorenzo.poggi/Documents/GitHub/curso-lse/trabajo_integrador/sdks/proyecto_final_sdk/devices/LPC845/drivers/fsl_pint.c.obj
                0x00003bf4                PINT_EnableCallbackByIndex
 .text.PINT_CommonIRQHanlder
                0x00003c5c       0xdc CMakeFiles/new_project.elf.dir/Users/lorenzo.poggi/Documents/GitHub/curso-lse/trabajo_integrador/sdks/proyecto_final_sdk/devices/LPC845/drivers/fsl_pint.c.obj
 .text.PIN_INT0_DriverIRQHandler
                0x00003d38       0x12 CMakeFiles/new_project.elf.dir/Users/lorenzo.poggi/Documents/GitHub/curso-lse/trabajo_integrador/sdks/proyecto_final_sdk/devices/LPC845/drivers/fsl_pint.c.obj
                0x00003d38                PIN_INT0_DriverIRQHandler
 .text.PIN_INT1_DriverIRQHandler
                0x00003d4a       0x12 CMakeFiles/new_project.elf.dir/Users/lorenzo.poggi/Documents/GitHub/curso-lse/trabajo_integrador/sdks/proyecto_final_sdk/devices/LPC845/drivers/fsl_pint.c.obj
                0x00003d4a                PIN_INT1_DriverIRQHandler
 .text.PIN_INT2_DriverIRQHandler
                0x00003d5c       0x12 CMakeFiles/new_project.elf.dir/Users/lorenzo.poggi/Documents/GitHub/curso-lse/trabajo_integrador/sdks/proyecto_final_sdk/devices/LPC845/drivers/fsl_pint.c.obj
                0x00003d5c                PIN_INT2_DriverIRQHandler
 .text.PIN_INT3_DriverIRQHandler
                0x00003d6e       0x12 CMakeFiles/new_project.elf.dir/Users/lorenzo.poggi/Documents/GitHub/curso-lse/trabajo_integrador/sdks/proyecto_final_sdk/devices/LPC845/drivers/fsl_pint.c.obj
                0x00003d6e                PIN_INT3_DriverIRQHandler
 .text.PIN_INT4_DriverIRQHandler
                0x00003d80       0x12 CMakeFiles/new_project.elf.dir/Users/lorenzo.poggi/Documents/GitHub/curso-lse/trabajo_integrador/sdks/proyecto_final_sdk/devices/LPC845/drivers/fsl_pint.c.obj
                0x00003d80                PIN_INT4_DriverIRQHandler
 .text.PIN_INT5_DAC1_IRQHandler
                0x00003d92       0x12 CMakeFiles/new_project.elf.dir/Users/lorenzo.poggi/Documents/GitHub/curso-lse/trabajo_integrador/sdks/proyecto_final_sdk/devices/LPC845/drivers/fsl_pint.c.obj
                0x00003d92                PIN_INT5_DAC1_IRQHandler
 .text.PIN_INT6_USART3_IRQHandler
                0x00003da4       0x12 CMakeFiles/new_project.elf.dir/Users/lorenzo.poggi/Documents/GitHub/curso-lse/trabajo_integrador/sdks/proyecto_final_sdk/devices/LPC845/drivers/fsl_pint.c.obj
                0x00003da4                PIN_INT6_USART3_IRQHandler
 .text.PIN_INT7_USART4_IRQHandler
                0x00003db6       0x12 CMakeFiles/new_project.elf.dir/Users/lorenzo.poggi/Documents/GitHub/curso-lse/trabajo_integrador/sdks/proyecto_final_sdk/devices/LPC845/drivers/fsl_pint.c.obj
                0x00003db6                PIN_INT7_USART4_IRQHandler
 .text.RESET_SetPeripheralReset
                0x00003dc8       0x7c CMakeFiles/new_project.elf.dir/Users/lorenzo.poggi/Documents/GitHub/curso-lse/trabajo_integrador/sdks/proyecto_final_sdk/devices/LPC845/drivers/fsl_reset.c.obj
                0x00003dc8                RESET_SetPeripheralReset
 .text.RESET_ClearPeripheralReset
                0x00003e44       0x78 CMakeFiles/new_project.elf.dir/Users/lorenzo.poggi/Documents/GitHub/curso-lse/trabajo_integrador/sdks/proyecto_final_sdk/devices/LPC845/drivers/fsl_reset.c.obj
                0x00003e44                RESET_ClearPeripheralReset
 .text.RESET_PeripheralReset
                0x00003ebc       0x20 CMakeFiles/new_project.elf.dir/Users/lorenzo.poggi/Documents/GitHub/curso-lse/trabajo_integrador/sdks/proyecto_final_sdk/devices/LPC845/drivers/fsl_reset.c.obj
                0x00003ebc                RESET_PeripheralReset
 .text.CLOCK_EnableClock
                0x00003edc       0x54 CMakeFiles/new_project.elf.dir/Users/lorenzo.poggi/Documents/GitHub/curso-lse/trabajo_integrador/sdks/proyecto_final_sdk/devices/LPC845/drivers/fsl_sctimer.c.obj
 .text.SCTIMER_StartTimer
                0x00003f30      0x108 CMakeFiles/new_project.elf.dir/Users/lorenzo.poggi/Documents/GitHub/curso-lse/trabajo_integrador/sdks/proyecto_final_sdk/devices/LPC845/drivers/fsl_sctimer.c.obj
 .text.SCTIMER_StopTimer
                0x00004038      0x104 CMakeFiles/new_project.elf.dir/Users/lorenzo.poggi/Documents/GitHub/curso-lse/trabajo_integrador/sdks/proyecto_final_sdk/devices/LPC845/drivers/fsl_sctimer.c.obj
 .text.SCTIMER_SetupOutputSetAction
                0x0000413c       0x58 CMakeFiles/new_project.elf.dir/Users/lorenzo.poggi/Documents/GitHub/curso-lse/trabajo_integrador/sdks/proyecto_final_sdk/devices/LPC845/drivers/fsl_sctimer.c.obj
 .text.SCTIMER_SetupOutputClearAction
                0x00004194       0x5c CMakeFiles/new_project.elf.dir/Users/lorenzo.poggi/Documents/GitHub/curso-lse/trabajo_integrador/sdks/proyecto_final_sdk/devices/LPC845/drivers/fsl_sctimer.c.obj
 .text.SCTIMER_SetupCounterLimitAction
                0x000041f0       0xdc CMakeFiles/new_project.elf.dir/Users/lorenzo.poggi/Documents/GitHub/curso-lse/trabajo_integrador/sdks/proyecto_final_sdk/devices/LPC845/drivers/fsl_sctimer.c.obj
 .text.SCTIMER_GetInstance
                0x000042cc       0x5c CMakeFiles/new_project.elf.dir/Users/lorenzo.poggi/Documents/GitHub/curso-lse/trabajo_integrador/sdks/proyecto_final_sdk/devices/LPC845/drivers/fsl_sctimer.c.obj
 .text.SCTIMER_Init
                0x00004328      0x154 CMakeFiles/new_project.elf.dir/Users/lorenzo.poggi/Documents/GitHub/curso-lse/trabajo_integrador/sdks/proyecto_final_sdk/devices/LPC845/drivers/fsl_sctimer.c.obj
                0x00004328                SCTIMER_Init
 .text.SCTIMER_GetDefaultConfig
                0x0000447c       0x70 CMakeFiles/new_project.elf.dir/Users/lorenzo.poggi/Documents/GitHub/curso-lse/trabajo_integrador/sdks/proyecto_final_sdk/devices/LPC845/drivers/fsl_sctimer.c.obj
                0x0000447c                SCTIMER_GetDefaultConfig
 .text.SCTIMER_SetupPwm
                0x000044ec      0x304 CMakeFiles/new_project.elf.dir/Users/lorenzo.poggi/Documents/GitHub/curso-lse/trabajo_integrador/sdks/proyecto_final_sdk/devices/LPC845/drivers/fsl_sctimer.c.obj
                0x000044ec                SCTIMER_SetupPwm
 .text.SCTIMER_UpdatePwmDutycycle
                0x000047f0      0x1b8 CMakeFiles/new_project.elf.dir/Users/lorenzo.poggi/Documents/GitHub/curso-lse/trabajo_integrador/sdks/proyecto_final_sdk/devices/LPC845/drivers/fsl_sctimer.c.obj
                0x000047f0                SCTIMER_UpdatePwmDutycycle
 .text.SCTIMER_CreateAndScheduleEvent
                0x000049a8      0x248 CMakeFiles/new_project.elf.dir/Users/lorenzo.poggi/Documents/GitHub/curso-lse/trabajo_integrador/sdks/proyecto_final_sdk/devices/LPC845/drivers/fsl_sctimer.c.obj
                0x000049a8                SCTIMER_CreateAndScheduleEvent
 .text.SCTIMER_EventHandleIRQ
                0x00004bf0       0x74 CMakeFiles/new_project.elf.dir/Users/lorenzo.poggi/Documents/GitHub/curso-lse/trabajo_integrador/sdks/proyecto_final_sdk/devices/LPC845/drivers/fsl_sctimer.c.obj
                0x00004bf0                SCTIMER_EventHandleIRQ
 .text.SCT0_DriverIRQHandler
                0x00004c64       0x1c CMakeFiles/new_project.elf.dir/Users/lorenzo.poggi/Documents/GitHub/curso-lse/trabajo_integrador/sdks/proyecto_final_sdk/devices/LPC845/drivers/fsl_sctimer.c.obj
                0x00004c64                SCT0_DriverIRQHandler
 .text.SWM_SetMovablePinSelect
                0x00004c80       0xa8 CMakeFiles/new_project.elf.dir/Users/lorenzo.poggi/Documents/GitHub/curso-lse/trabajo_integrador/sdks/proyecto_final_sdk/devices/LPC845/drivers/fsl_swm.c.obj
                0x00004c80                SWM_SetMovablePinSelect
 .text.SWM_SetFixedPinSelect
                0x00004d28       0xac CMakeFiles/new_project.elf.dir/Users/lorenzo.poggi/Documents/GitHub/curso-lse/trabajo_integrador/sdks/proyecto_final_sdk/devices/LPC845/drivers/fsl_swm.c.obj
                0x00004d28                SWM_SetFixedPinSelect
 .text.fsl_assert_hook
                0x00004dd4       0x16 CMakeFiles/new_project.elf.dir/Users/lorenzo.poggi/Documents/GitHub/curso-lse/trabajo_integrador/sdks/proyecto_final_sdk/devices/LPC845/utilities/debug_console_lite/fsl_assert.c.obj
                0x00004dd4                fsl_assert_hook
 *fill*         0x00004dea        0x2 
 .text.__assert_func
                0x00004dec       0x34 CMakeFiles/new_project.elf.dir/Users/lorenzo.poggi/Documents/GitHub/curso-lse/trabajo_integrador/sdks/proyecto_final_sdk/devices/LPC845/utilities/debug_console_lite/fsl_assert.c.obj
                0x00004dec                __assert_func
 .text.DbgConsole_Printf
                0x00004e20       0x32 CMakeFiles/new_project.elf.dir/Users/lorenzo.poggi/Documents/GitHub/curso-lse/trabajo_integrador/sdks/proyecto_final_sdk/devices/LPC845/utilities/debug_console_lite/fsl_debug_console.c.obj
                0x00004e20                DbgConsole_Printf
 *fill*         0x00004e52        0x2 
 .text.DbgConsole_Vprintf
                0x00004e54       0x40 CMakeFiles/new_project.elf.dir/Users/lorenzo.poggi/Documents/GitHub/curso-lse/trabajo_integrador/sdks/proyecto_final_sdk/devices/LPC845/utilities/debug_console_lite/fsl_debug_console.c.obj
                0x00004e54                DbgConsole_Vprintf
 .text.DbgConsole_Putchar
                0x00004e94       0x30 CMakeFiles/new_project.elf.dir/Users/lorenzo.poggi/Documents/GitHub/curso-lse/trabajo_integrador/sdks/proyecto_final_sdk/devices/LPC845/utilities/debug_console_lite/fsl_debug_console.c.obj
                0x00004e94                DbgConsole_Putchar
 .text.DbgConsole_PrintfPaddingCharacter
                0x00004ec4       0x48 CMakeFiles/new_project.elf.dir/Users/lorenzo.poggi/Documents/GitHub/curso-lse/trabajo_integrador/sdks/proyecto_final_sdk/devices/LPC845/utilities/debug_console_lite/fsl_debug_console.c.obj
 .text.DbgConsole_ConvertRadixNumToString
                0x00004f0c       0xc2 CMakeFiles/new_project.elf.dir/Users/lorenzo.poggi/Documents/GitHub/curso-lse/trabajo_integrador/sdks/proyecto_final_sdk/devices/LPC845/utilities/debug_console_lite/fsl_debug_console.c.obj
 .text.DbgConsole_PrintfFormattedData
                0x00004fce      0x3da CMakeFiles/new_project.elf.dir/Users/lorenzo.poggi/Documents/GitHub/curso-lse/trabajo_integrador/sdks/proyecto_final_sdk/devices/LPC845/utilities/debug_console_lite/fsl_debug_console.c.obj
 .text.__muldi3
                0x000053a8       0x5c /Applications/MCUXpressoIDE_24.12.148/ide/plugins/com.nxp.mcuxpresso.tools.macosx_24.12.0.202407110909/tools/bin/../lib/gcc/arm-none-eabi/13.2.1/thumb/v6-m/nofp/libgcc.a(_muldi3.o)
                0x000053a8                __aeabi_lmul
                0x000053a8                __muldi3
 .text.__fixunssfsi
                0x00005404       0x30 /Applications/MCUXpressoIDE_24.12.148/ide/plugins/com.nxp.mcuxpresso.tools.macosx_24.12.0.202407110909/tools/bin/../lib/gcc/arm-none-eabi/13.2.1/thumb/v6-m/nofp/libgcc.a(_fixunssfsi.o)
                0x00005404                __aeabi_f2uiz
                0x00005404                __fixunssfsi
 .text.__udivmoddi4
                0x00005434      0x198 /Applications/MCUXpressoIDE_24.12.148/ide/plugins/com.nxp.mcuxpresso.tools.macosx_24.12.0.202407110909/tools/bin/../lib/gcc/arm-none-eabi/13.2.1/thumb/v6-m/nofp/libgcc.a(_udivmoddi4.o)
                0x00005434                __udivmoddi4
 .text.__eqsf2  0x000055cc       0x50 /Applications/MCUXpressoIDE_24.12.148/ide/plugins/com.nxp.mcuxpresso.tools.macosx_24.12.0.202407110909/tools/bin/../lib/gcc/arm-none-eabi/13.2.1/thumb/v6-m/nofp/libgcc.a(eqsf2.o)
                0x000055cc                __nesf2
                0x000055cc                __eqsf2
 .text.__gesf2  0x0000561c       0x94 /Applications/MCUXpressoIDE_24.12.148/ide/plugins/com.nxp.mcuxpresso.tools.macosx_24.12.0.202407110909/tools/bin/../lib/gcc/arm-none-eabi/13.2.1/thumb/v6-m/nofp/libgcc.a(gesf2.o)
                0x0000561c                __gtsf2
                0x0000561c                __gesf2
 .text.__lesf2  0x000056b0       0x90 /Applications/MCUXpressoIDE_24.12.148/ide/plugins/com.nxp.mcuxpresso.tools.macosx_24.12.0.202407110909/tools/bin/../lib/gcc/arm-none-eabi/13.2.1/thumb/v6-m/nofp/libgcc.a(lesf2.o)
                0x000056b0                __lesf2
                0x000056b0                __ltsf2
 .text.__aeabi_fsub
                0x00005740      0x38c /Applications/MCUXpressoIDE_24.12.148/ide/plugins/com.nxp.mcuxpresso.tools.macosx_24.12.0.202407110909/tools/bin/../lib/gcc/arm-none-eabi/13.2.1/thumb/v6-m/nofp/libgcc.a(subsf3.o)
                0x00005740                __aeabi_fsub
 .text.__aeabi_f2iz
                0x00005acc       0x40 /Applications/MCUXpressoIDE_24.12.148/ide/plugins/com.nxp.mcuxpresso.tools.macosx_24.12.0.202407110909/tools/bin/../lib/gcc/arm-none-eabi/13.2.1/thumb/v6-m/nofp/libgcc.a(fixsfsi.o)
                0x00005acc                __aeabi_f2iz
 .text.__aeabi_ui2f
                0x00005b0c       0x80 /Applications/MCUXpressoIDE_24.12.148/ide/plugins/com.nxp.mcuxpresso.tools.macosx_24.12.0.202407110909/tools/bin/../lib/gcc/arm-none-eabi/13.2.1/thumb/v6-m/nofp/libgcc.a(floatunsisf.o)
                0x00005b0c                __aeabi_ui2f
 .text.__aeabi_ddiv
                0x00005b8c      0x604 /Applications/MCUXpressoIDE_24.12.148/ide/plugins/com.nxp.mcuxpresso.tools.macosx_24.12.0.202407110909/tools/bin/../lib/gcc/arm-none-eabi/13.2.1/thumb/v6-m/nofp/libgcc.a(divdf3.o)
                0x00005b8c                __aeabi_ddiv
 .text.__aeabi_i2d
                0x00006190       0x5c /Applications/MCUXpressoIDE_24.12.148/ide/plugins/com.nxp.mcuxpresso.tools.macosx_24.12.0.202407110909/tools/bin/../lib/gcc/arm-none-eabi/13.2.1/thumb/v6-m/nofp/libgcc.a(floatsidf.o)
                0x00006190                __aeabi_i2d
 .text.__aeabi_d2f
                0x000061ec      0x10c /Applications/MCUXpressoIDE_24.12.148/ide/plugins/com.nxp.mcuxpresso.tools.macosx_24.12.0.202407110909/tools/bin/../lib/gcc/arm-none-eabi/13.2.1/thumb/v6-m/nofp/libgcc.a(truncdfsf2.o)
                0x000061ec                __aeabi_d2f
 .text.exit     0x000062f8       0x28 /Applications/MCUXpressoIDE_24.12.148/ide/plugins/com.nxp.mcuxpresso.tools.macosx_24.12.0.202407110909/tools/bin/../lib/gcc/arm-none-eabi/13.2.1/../../../../arm-none-eabi/lib/thumb/v6-m/nofp/libc_nano.a(libc_a-exit.o)
                0x000062f8                exit
 .text.memset   0x00006320       0x10 /Applications/MCUXpressoIDE_24.12.148/ide/plugins/com.nxp.mcuxpresso.tools.macosx_24.12.0.202407110909/tools/bin/../lib/gcc/arm-none-eabi/13.2.1/../../../../arm-none-eabi/lib/thumb/v6-m/nofp/libc_nano.a(libc_a-memset.o)
                0x00006320                memset
 .text.__libc_init_array
                0x00006330       0x48 /Applications/MCUXpressoIDE_24.12.148/ide/plugins/com.nxp.mcuxpresso.tools.macosx_24.12.0.202407110909/tools/bin/../lib/gcc/arm-none-eabi/13.2.1/../../../../arm-none-eabi/lib/thumb/v6-m/nofp/libc_nano.a(libc_a-init.o)
                0x00006330                __libc_init_array
 .text.memcpy   0x00006378       0x12 /Applications/MCUXpressoIDE_24.12.148/ide/plugins/com.nxp.mcuxpresso.tools.macosx_24.12.0.202407110909/tools/bin/../lib/gcc/arm-none-eabi/13.2.1/../../../../arm-none-eabi/lib/thumb/v6-m/nofp/libc_nano.a(libc_a-memcpy-stub.o)
                0x00006378                memcpy
 .text._exit    0x0000638a        0x2 /Applications/MCUXpressoIDE_24.12.148/ide/plugins/com.nxp.mcuxpresso.tools.macosx_24.12.0.202407110909/tools/bin/../lib/gcc/arm-none-eabi/13.2.1/../../../../arm-none-eabi/lib/thumb/v6-m/nofp/libcr_newlib_nohost.a(_exit.o)
                0x0000638a                _exit
 .text.xQueueGenericReset
                0x0000638c      0x116 freertos/libfreertos.a(queue.c.obj)
                0x0000638c                xQueueGenericReset
 .text.xQueueGenericCreate
                0x000064a2       0xbe freertos/libfreertos.a(queue.c.obj)
                0x000064a2                xQueueGenericCreate
 .text.prvInitialiseNewQueue
                0x00006560       0x4e freertos/libfreertos.a(queue.c.obj)
 .text.prvInitialiseMutex
                0x000065ae       0x34 freertos/libfreertos.a(queue.c.obj)
 .text.xQueueCreateMutex
                0x000065e2       0x38 freertos/libfreertos.a(queue.c.obj)
                0x000065e2                xQueueCreateMutex
 .text.xQueueCreateCountingSemaphore
                0x0000661a       0x50 freertos/libfreertos.a(queue.c.obj)
                0x0000661a                xQueueCreateCountingSemaphore
 .text.xQueueGenericSend
                0x0000666a      0x172 freertos/libfreertos.a(queue.c.obj)
                0x0000666a                xQueueGenericSend
 .text.xQueueGenericSendFromISR
                0x000067dc      0x114 freertos/libfreertos.a(queue.c.obj)
                0x000067dc                xQueueGenericSendFromISR
 .text.xQueueGiveFromISR
                0x000068f0       0xf6 freertos/libfreertos.a(queue.c.obj)
                0x000068f0                xQueueGiveFromISR
 .text.xQueueSemaphoreTake
                0x000069e6      0x192 freertos/libfreertos.a(queue.c.obj)
                0x000069e6                xQueueSemaphoreTake
 .text.xQueuePeek
                0x00006b78      0x156 freertos/libfreertos.a(queue.c.obj)
                0x00006b78                xQueuePeek
 .text.uxQueueMessagesWaiting
                0x00006cce       0x2c freertos/libfreertos.a(queue.c.obj)
                0x00006cce                uxQueueMessagesWaiting
 .text.prvGetDisinheritPriorityAfterTimeout
                0x00006cfa       0x2c freertos/libfreertos.a(queue.c.obj)
 .text.prvCopyDataToQueue
                0x00006d26       0xd6 freertos/libfreertos.a(queue.c.obj)
 .text.prvCopyDataFromQueue
                0x00006dfc       0x4c freertos/libfreertos.a(queue.c.obj)
 .text.prvUnlockQueue
                0x00006e48       0xbc freertos/libfreertos.a(queue.c.obj)
 .text.prvIsQueueEmpty
                0x00006f04       0x2c freertos/libfreertos.a(queue.c.obj)
 .text.prvIsQueueFull
                0x00006f30       0x30 freertos/libfreertos.a(queue.c.obj)
 .text.prvCreateTask
                0x00006f60       0x82 freertos/libfreertos.a(tasks.c.obj)
 .text.xTaskCreate
                0x00006fe2       0x4c freertos/libfreertos.a(tasks.c.obj)
                0x00006fe2                xTaskCreate
 *fill*         0x0000702e        0x2 
 .text.prvInitialiseNewTask
                0x00007030      0x108 freertos/libfreertos.a(tasks.c.obj)
 .text.prvAddNewTaskToReadyList
                0x00007138      0x120 freertos/libfreertos.a(tasks.c.obj)
 .text.vTaskDelete
                0x00007258       0xec freertos/libfreertos.a(tasks.c.obj)
                0x00007258                vTaskDelete
 .text.vTaskDelay
                0x00007344       0x4c freertos/libfreertos.a(tasks.c.obj)
                0x00007344                vTaskDelay
 .text.prvCreateIdleTasks
                0x00007390       0x98 freertos/libfreertos.a(tasks.c.obj)
 .text.vTaskStartScheduler
                0x00007428       0x58 freertos/libfreertos.a(tasks.c.obj)
                0x00007428                vTaskStartScheduler
 .text.vTaskSuspendAll
                0x00007480       0x18 freertos/libfreertos.a(tasks.c.obj)
                0x00007480                vTaskSuspendAll
 .text.prvGetExpectedIdleTime
                0x00007498       0x70 freertos/libfreertos.a(tasks.c.obj)
 .text.xTaskResumeAll
                0x00007508      0x1ec freertos/libfreertos.a(tasks.c.obj)
                0x00007508                xTaskResumeAll
 .text.uxTaskGetNumberOfTasks
                0x000076f4       0x14 freertos/libfreertos.a(tasks.c.obj)
                0x000076f4                uxTaskGetNumberOfTasks
 .text.vTaskStepTick
                0x00007708       0x84 freertos/libfreertos.a(tasks.c.obj)
                0x00007708                vTaskStepTick
 .text.xTaskIncrementTick
                0x0000778c      0x21c freertos/libfreertos.a(tasks.c.obj)
                0x0000778c                xTaskIncrementTick
 .text.vTaskSwitchContext
                0x000079a8       0xa8 freertos/libfreertos.a(tasks.c.obj)
                0x000079a8                vTaskSwitchContext
 .text.vTaskPlaceOnEventList
                0x00007a50       0x40 freertos/libfreertos.a(tasks.c.obj)
                0x00007a50                vTaskPlaceOnEventList
 .text.xTaskRemoveFromEventList
                0x00007a90      0x1a0 freertos/libfreertos.a(tasks.c.obj)
                0x00007a90                xTaskRemoveFromEventList
 .text.vTaskInternalSetTimeOutState
                0x00007c30       0x28 freertos/libfreertos.a(tasks.c.obj)
                0x00007c30                vTaskInternalSetTimeOutState
 .text.xTaskCheckForTimeOut
                0x00007c58       0xac freertos/libfreertos.a(tasks.c.obj)
                0x00007c58                xTaskCheckForTimeOut
 .text.vTaskMissedYield
                0x00007d04       0x14 freertos/libfreertos.a(tasks.c.obj)
                0x00007d04                vTaskMissedYield
 .text.prvIdleTask
                0x00007d18       0x64 freertos/libfreertos.a(tasks.c.obj)
 .text.eTaskConfirmSleepModeStatus
                0x00007d7c       0x78 freertos/libfreertos.a(tasks.c.obj)
                0x00007d7c                eTaskConfirmSleepModeStatus
 .text.prvInitialiseTaskLists
                0x00007df4       0x88 freertos/libfreertos.a(tasks.c.obj)
 .text.prvCheckTasksWaitingTermination
                0x00007e7c       0x5c freertos/libfreertos.a(tasks.c.obj)
 .text.prvDeleteTCB
                0x00007ed8       0x22 freertos/libfreertos.a(tasks.c.obj)
 *fill*         0x00007efa        0x2 
 .text.prvResetNextTaskUnblockTime
                0x00007efc       0x34 freertos/libfreertos.a(tasks.c.obj)
 .text.xTaskPriorityInherit
                0x00007f30      0x124 freertos/libfreertos.a(tasks.c.obj)
                0x00007f30                xTaskPriorityInherit
 .text.xTaskPriorityDisinherit
                0x00008054      0x10c freertos/libfreertos.a(tasks.c.obj)
                0x00008054                xTaskPriorityDisinherit
 .text.vTaskPriorityDisinheritAfterTimeout
                0x00008160      0x134 freertos/libfreertos.a(tasks.c.obj)
                0x00008160                vTaskPriorityDisinheritAfterTimeout
 .text.pvTaskIncrementMutexHeldCount
                0x00008294       0x2c freertos/libfreertos.a(tasks.c.obj)
                0x00008294                pvTaskIncrementMutexHeldCount
 .text.prvAddCurrentTaskToDelayedList
                0x000082c0       0xe4 freertos/libfreertos.a(tasks.c.obj)
 .text.pvPortMalloc
                0x000083a4      0x140 freertos/libfreertos.a(heap_2.c.obj)
                0x000083a4                pvPortMalloc
 .text.vPortFree
                0x000084e4       0xac freertos/libfreertos.a(heap_2.c.obj)
                0x000084e4                vPortFree
 .text.prvHeapInit
                0x00008590       0x50 freertos/libfreertos.a(heap_2.c.obj)
 .text.pxPortInitialiseStack
                0x000085e0       0x54 freertos/libfreertos.a(port.c.obj)
                0x000085e0                pxPortInitialiseStack
 .text.prvTaskExitError
                0x00008634       0x30 freertos/libfreertos.a(port.c.obj)
 .text.SVC_Handler
                0x00008664        0xa freertos/libfreertos.a(port.c.obj)
                0x00008664                SVC_Handler
 *fill*         0x0000866e        0x2 
 .text.vPortStartFirstTask
                0x00008670       0x38 freertos/libfreertos.a(port.c.obj)
 .text.xPortStartScheduler
                0x000086a8       0x48 freertos/libfreertos.a(port.c.obj)
                0x000086a8                xPortStartScheduler
 .text.vPortYield
                0x000086f0       0x20 freertos/libfreertos.a(port.c.obj)
                0x000086f0                vPortYield
 .text.vPortEnterCritical
                0x00008710       0x24 freertos/libfreertos.a(port.c.obj)
                0x00008710                vPortEnterCritical
 .text.vPortExitCritical
                0x00008734       0x30 freertos/libfreertos.a(port.c.obj)
                0x00008734                vPortExitCritical
 .text.ulSetInterruptMaskFromISR
                0x00008764        0xc freertos/libfreertos.a(port.c.obj)
                0x00008764                ulSetInterruptMaskFromISR
 .text.vClearInterruptMaskFromISR
                0x00008770        0x8 freertos/libfreertos.a(port.c.obj)
                0x00008770                vClearInterruptMaskFromISR
 *fill*         0x00008778        0x8 
 .text.PendSV_Handler
                0x00008780       0x48 freertos/libfreertos.a(port.c.obj)
                0x00008780                PendSV_Handler
 .text.SysTick_Handler
                0x000087c8       0x34 freertos/libfreertos.a(port.c.obj)
                0x000087c8                SysTick_Handler
 .text.vPortSetupTimerInterrupt
                0x000087fc       0x84 freertos/libfreertos.a(port.c.obj)
                0x000087fc                vPortSetupTimerInterrupt
 .text.vPortSuppressTicksAndSleep
                0x00008880      0x194 freertos/libfreertos.a(port.c.obj)
                0x00008880                vPortSuppressTicksAndSleep
 .text.vListInitialise
                0x00008a14       0x3c freertos/libfreertos.a(list.c.obj)
                0x00008a14                vListInitialise
 .text.vListInitialiseItem
                0x00008a50       0x16 freertos/libfreertos.a(list.c.obj)
                0x00008a50                vListInitialiseItem
 .text.vListInsertEnd
                0x00008a66       0x44 freertos/libfreertos.a(list.c.obj)
                0x00008a66                vListInsertEnd
 .text.vListInsert
                0x00008aaa       0x6c freertos/libfreertos.a(list.c.obj)
                0x00008aaa                vListInsert
 .text.uxListRemove
                0x00008b16       0x50 freertos/libfreertos.a(list.c.obj)
                0x00008b16                uxListRemove
 *(.rodata)
 *fill*         0x00008b66        0x2 
 .rodata        0x00008b68       0x61 CMakeFiles/new_project.elf.dir/Users/lorenzo.poggi/Documents/GitHub/curso-lse/trabajo_integrador/proyecto_final/main.c.obj
 *fill*         0x00008bc9        0x3 
 .rodata        0x00008bcc       0x8c CMakeFiles/new_project.elf.dir/Users/lorenzo.poggi/Documents/GitHub/curso-lse/trabajo_integrador/proyecto_final/clock_config.c.obj
 .rodata        0x00008c58       0x60 CMakeFiles/new_project.elf.dir/Users/lorenzo.poggi/Documents/GitHub/curso-lse/trabajo_integrador/proyecto_final/app_tasks.c.obj
 .rodata        0x00008cb8      0x210 CMakeFiles/new_project.elf.dir/Users/lorenzo.poggi/Documents/GitHub/curso-lse/trabajo_integrador/proyecto_final/wrappers.c.obj
 .rodata        0x00008ec8       0xd1 CMakeFiles/new_project.elf.dir/Users/lorenzo.poggi/Documents/GitHub/curso-lse/trabajo_integrador/sdks/proyecto_final_sdk/devices/LPC845/drivers/fsl_capt.c.obj
 *fill*         0x00008f99        0x3 
 .rodata        0x00008f9c       0xe0 CMakeFiles/new_project.elf.dir/Users/lorenzo.poggi/Documents/GitHub/curso-lse/trabajo_integrador/sdks/proyecto_final_sdk/devices/LPC845/drivers/fsl_clock.c.obj
 .rodata        0x0000907c       0x97 CMakeFiles/new_project.elf.dir/Users/lorenzo.poggi/Documents/GitHub/curso-lse/trabajo_integrador/sdks/proyecto_final_sdk/devices/LPC845/drivers/fsl_common_arm.c.obj
 *fill*         0x00009113        0x1 
 .rodata        0x00009114       0xe8 CMakeFiles/new_project.elf.dir/Users/lorenzo.poggi/Documents/GitHub/curso-lse/trabajo_integrador/sdks/proyecto_final_sdk/devices/LPC845/drivers/fsl_adc.c.obj
 .rodata        0x000091fc       0xa1 CMakeFiles/new_project.elf.dir/Users/lorenzo.poggi/Documents/GitHub/curso-lse/trabajo_integrador/sdks/proyecto_final_sdk/devices/LPC845/drivers/fsl_gpio.c.obj
 *fill*         0x0000929d        0x3 
 .rodata        0x000092a0      0x194 CMakeFiles/new_project.elf.dir/Users/lorenzo.poggi/Documents/GitHub/curso-lse/trabajo_integrador/sdks/proyecto_final_sdk/devices/LPC845/drivers/fsl_i2c.c.obj
 .rodata        0x00009434       0xb1 CMakeFiles/new_project.elf.dir/Users/lorenzo.poggi/Documents/GitHub/curso-lse/trabajo_integrador/sdks/proyecto_final_sdk/devices/LPC845/drivers/fsl_pint.c.obj
 *fill*         0x000094e5        0x3 
 .rodata        0x000094e8       0x8e CMakeFiles/new_project.elf.dir/Users/lorenzo.poggi/Documents/GitHub/curso-lse/trabajo_integrador/sdks/proyecto_final_sdk/devices/LPC845/drivers/fsl_reset.c.obj
 *fill*         0x00009576        0x2 
 .rodata        0x00009578      0x2af CMakeFiles/new_project.elf.dir/Users/lorenzo.poggi/Documents/GitHub/curso-lse/trabajo_integrador/sdks/proyecto_final_sdk/devices/LPC845/drivers/fsl_sctimer.c.obj
 *fill*         0x00009827        0x1 
 .rodata        0x00009828       0xaa CMakeFiles/new_project.elf.dir/Users/lorenzo.poggi/Documents/GitHub/curso-lse/trabajo_integrador/sdks/proyecto_final_sdk/devices/LPC845/drivers/fsl_swm.c.obj
 *fill*         0x000098d2        0x2 
 .rodata        0x000098d4       0x3e CMakeFiles/new_project.elf.dir/Users/lorenzo.poggi/Documents/GitHub/curso-lse/trabajo_integrador/sdks/proyecto_final_sdk/devices/LPC845/utilities/debug_console_lite/fsl_assert.c.obj
 *fill*         0x00009912        0x2 
 .rodata        0x00009914        0x5 freertos/libfreertos.a(tasks.c.obj)
 *(.rodata*)
 *fill*         0x00009919        0x3 
 .rodata.__func__.0
                0x0000991c       0x17 CMakeFiles/new_project.elf.dir/Users/lorenzo.poggi/Documents/GitHub/curso-lse/trabajo_integrador/proyecto_final/clock_config.c.obj
 *fill*         0x00009933        0x1 
 .rodata.__func__.0
                0x00009934       0x13 CMakeFiles/new_project.elf.dir/Users/lorenzo.poggi/Documents/GitHub/curso-lse/trabajo_integrador/proyecto_final/wrappers.c.obj
 *fill*         0x00009947        0x1 
 .rodata.__func__.3
                0x00009948       0x11 CMakeFiles/new_project.elf.dir/Users/lorenzo.poggi/Documents/GitHub/curso-lse/trabajo_integrador/sdks/proyecto_final_sdk/devices/LPC845/drivers/fsl_capt.c.obj
 *fill*         0x00009959        0x3 
 .rodata.__func__.2
                0x0000995c        0xa CMakeFiles/new_project.elf.dir/Users/lorenzo.poggi/Documents/GitHub/curso-lse/trabajo_integrador/sdks/proyecto_final_sdk/devices/LPC845/drivers/fsl_capt.c.obj
 *fill*         0x00009966        0x2 
 .rodata.__func__.1
                0x00009968       0x16 CMakeFiles/new_project.elf.dir/Users/lorenzo.poggi/Documents/GitHub/curso-lse/trabajo_integrador/sdks/proyecto_final_sdk/devices/LPC845/drivers/fsl_capt.c.obj
 *fill*         0x0000997e        0x2 
 .rodata.__func__.0
                0x00009980       0x12 CMakeFiles/new_project.elf.dir/Users/lorenzo.poggi/Documents/GitHub/curso-lse/trabajo_integrador/sdks/proyecto_final_sdk/devices/LPC845/drivers/fsl_capt.c.obj
 *fill*         0x00009992        0x2 
 .rodata.CLOCK_GetFreq
                0x00009994       0x24 CMakeFiles/new_project.elf.dir/Users/lorenzo.poggi/Documents/GitHub/curso-lse/trabajo_integrador/sdks/proyecto_final_sdk/devices/LPC845/drivers/fsl_clock.c.obj
 .rodata.__func__.2
                0x000099b8       0x13 CMakeFiles/new_project.elf.dir/Users/lorenzo.poggi/Documents/GitHub/curso-lse/trabajo_integrador/sdks/proyecto_final_sdk/devices/LPC845/drivers/fsl_clock.c.obj
 *fill*         0x000099cb        0x1 
 .rodata.__func__.0
                0x000099cc       0x13 CMakeFiles/new_project.elf.dir/Users/lorenzo.poggi/Documents/GitHub/curso-lse/trabajo_integrador/sdks/proyecto_final_sdk/devices/LPC845/drivers/fsl_common_arm.c.obj
 *fill*         0x000099df        0x1 
 .rodata.__func__.7
                0x000099e0       0x10 CMakeFiles/new_project.elf.dir/Users/lorenzo.poggi/Documents/GitHub/curso-lse/trabajo_integrador/sdks/proyecto_final_sdk/devices/LPC845/drivers/fsl_adc.c.obj
 .rodata.__func__.6
                0x000099f0        0x9 CMakeFiles/new_project.elf.dir/Users/lorenzo.poggi/Documents/GitHub/curso-lse/trabajo_integrador/sdks/proyecto_final_sdk/devices/LPC845/drivers/fsl_adc.c.obj
 *fill*         0x000099f9        0x3 
 .rodata.__func__.5
                0x000099fc       0x16 CMakeFiles/new_project.elf.dir/Users/lorenzo.poggi/Documents/GitHub/curso-lse/trabajo_integrador/sdks/proyecto_final_sdk/devices/LPC845/drivers/fsl_adc.c.obj
 *fill*         0x00009a12        0x2 
 .rodata.__func__.4
                0x00009a14       0x16 CMakeFiles/new_project.elf.dir/Users/lorenzo.poggi/Documents/GitHub/curso-lse/trabajo_integrador/sdks/proyecto_final_sdk/devices/LPC845/drivers/fsl_adc.c.obj
 *fill*         0x00009a2a        0x2 
 .rodata.__func__.0
                0x00009a2c       0x1f CMakeFiles/new_project.elf.dir/Users/lorenzo.poggi/Documents/GitHub/curso-lse/trabajo_integrador/sdks/proyecto_final_sdk/devices/LPC845/drivers/fsl_adc.c.obj
 *fill*         0x00009a4b        0x1 
 .rodata.s_gpioClockName
                0x00009a4c        0x4 CMakeFiles/new_project.elf.dir/Users/lorenzo.poggi/Documents/GitHub/curso-lse/trabajo_integrador/sdks/proyecto_final_sdk/devices/LPC845/drivers/fsl_gpio.c.obj
 .rodata.s_gpioResets
                0x00009a50        0x8 CMakeFiles/new_project.elf.dir/Users/lorenzo.poggi/Documents/GitHub/curso-lse/trabajo_integrador/sdks/proyecto_final_sdk/devices/LPC845/drivers/fsl_gpio.c.obj
 .rodata.__func__.0
                0x00009a58       0x15 CMakeFiles/new_project.elf.dir/Users/lorenzo.poggi/Documents/GitHub/curso-lse/trabajo_integrador/sdks/proyecto_final_sdk/devices/LPC845/drivers/fsl_gpio.c.obj
 *fill*         0x00009a6d        0x3 
 .rodata.s_i2cBases
                0x00009a70       0x10 CMakeFiles/new_project.elf.dir/Users/lorenzo.poggi/Documents/GitHub/curso-lse/trabajo_integrador/sdks/proyecto_final_sdk/devices/LPC845/drivers/fsl_i2c.c.obj
 .rodata.s_i2cClocks
                0x00009a80        0x8 CMakeFiles/new_project.elf.dir/Users/lorenzo.poggi/Documents/GitHub/curso-lse/trabajo_integrador/sdks/proyecto_final_sdk/devices/LPC845/drivers/fsl_i2c.c.obj
 .rodata.s_i2cResets
                0x00009a88       0x10 CMakeFiles/new_project.elf.dir/Users/lorenzo.poggi/Documents/GitHub/curso-lse/trabajo_integrador/sdks/proyecto_final_sdk/devices/LPC845/drivers/fsl_i2c.c.obj
 .rodata.__func__.13
                0x00009a98       0x10 CMakeFiles/new_project.elf.dir/Users/lorenzo.poggi/Documents/GitHub/curso-lse/trabajo_integrador/sdks/proyecto_final_sdk/devices/LPC845/drivers/fsl_i2c.c.obj
 .rodata.__func__.12
                0x00009aa8       0x16 CMakeFiles/new_project.elf.dir/Users/lorenzo.poggi/Documents/GitHub/curso-lse/trabajo_integrador/sdks/proyecto_final_sdk/devices/LPC845/drivers/fsl_i2c.c.obj
 *fill*         0x00009abe        0x2 
 .rodata.__func__.11
                0x00009ac0       0x18 CMakeFiles/new_project.elf.dir/Users/lorenzo.poggi/Documents/GitHub/curso-lse/trabajo_integrador/sdks/proyecto_final_sdk/devices/LPC845/drivers/fsl_i2c.c.obj
 .rodata.__func__.10
                0x00009ad8       0x17 CMakeFiles/new_project.elf.dir/Users/lorenzo.poggi/Documents/GitHub/curso-lse/trabajo_integrador/sdks/proyecto_final_sdk/devices/LPC845/drivers/fsl_i2c.c.obj
 *fill*         0x00009aef        0x1 
 .rodata.s_pintIRQ
                0x00009af0        0x8 CMakeFiles/new_project.elf.dir/Users/lorenzo.poggi/Documents/GitHub/curso-lse/trabajo_integrador/sdks/proyecto_final_sdk/devices/LPC845/drivers/fsl_pint.c.obj
 .rodata.__func__.10
                0x00009af8       0x11 CMakeFiles/new_project.elf.dir/Users/lorenzo.poggi/Documents/GitHub/curso-lse/trabajo_integrador/sdks/proyecto_final_sdk/devices/LPC845/drivers/fsl_pint.c.obj
 *fill*         0x00009b09        0x3 
 .rodata.__func__.9
                0x00009b0c        0xa CMakeFiles/new_project.elf.dir/Users/lorenzo.poggi/Documents/GitHub/curso-lse/trabajo_integrador/sdks/proyecto_final_sdk/devices/LPC845/drivers/fsl_pint.c.obj
 *fill*         0x00009b16        0x2 
 .rodata.__func__.8
                0x00009b18       0x18 CMakeFiles/new_project.elf.dir/Users/lorenzo.poggi/Documents/GitHub/curso-lse/trabajo_integrador/sdks/proyecto_final_sdk/devices/LPC845/drivers/fsl_pint.c.obj
 .rodata.__func__.3
                0x00009b30       0x1b CMakeFiles/new_project.elf.dir/Users/lorenzo.poggi/Documents/GitHub/curso-lse/trabajo_integrador/sdks/proyecto_final_sdk/devices/LPC845/drivers/fsl_pint.c.obj
 *fill*         0x00009b4b        0x1 
 .rodata.__func__.1
                0x00009b4c       0x19 CMakeFiles/new_project.elf.dir/Users/lorenzo.poggi/Documents/GitHub/curso-lse/trabajo_integrador/sdks/proyecto_final_sdk/devices/LPC845/drivers/fsl_reset.c.obj
 *fill*         0x00009b65        0x3 
 .rodata.__func__.0
                0x00009b68       0x1b CMakeFiles/new_project.elf.dir/Users/lorenzo.poggi/Documents/GitHub/curso-lse/trabajo_integrador/sdks/proyecto_final_sdk/devices/LPC845/drivers/fsl_reset.c.obj
 *fill*         0x00009b83        0x1 
 .rodata.__func__.10
                0x00009b84       0x14 CMakeFiles/new_project.elf.dir/Users/lorenzo.poggi/Documents/GitHub/curso-lse/trabajo_integrador/sdks/proyecto_final_sdk/devices/LPC845/drivers/fsl_sctimer.c.obj
 .rodata.__func__.9
                0x00009b98        0xd CMakeFiles/new_project.elf.dir/Users/lorenzo.poggi/Documents/GitHub/curso-lse/trabajo_integrador/sdks/proyecto_final_sdk/devices/LPC845/drivers/fsl_sctimer.c.obj
 *fill*         0x00009ba5        0x3 
 .rodata.__func__.8
                0x00009ba8       0x19 CMakeFiles/new_project.elf.dir/Users/lorenzo.poggi/Documents/GitHub/curso-lse/trabajo_integrador/sdks/proyecto_final_sdk/devices/LPC845/drivers/fsl_sctimer.c.obj
 *fill*         0x00009bc1        0x3 
 .rodata.__func__.7
                0x00009bc4       0x11 CMakeFiles/new_project.elf.dir/Users/lorenzo.poggi/Documents/GitHub/curso-lse/trabajo_integrador/sdks/proyecto_final_sdk/devices/LPC845/drivers/fsl_sctimer.c.obj
 *fill*         0x00009bd5        0x3 
 .rodata.__func__.6
                0x00009bd8       0x20 CMakeFiles/new_project.elf.dir/Users/lorenzo.poggi/Documents/GitHub/curso-lse/trabajo_integrador/sdks/proyecto_final_sdk/devices/LPC845/drivers/fsl_sctimer.c.obj
 .rodata.__func__.5
                0x00009bf8       0x1f CMakeFiles/new_project.elf.dir/Users/lorenzo.poggi/Documents/GitHub/curso-lse/trabajo_integrador/sdks/proyecto_final_sdk/devices/LPC845/drivers/fsl_sctimer.c.obj
 *fill*         0x00009c17        0x1 
 .rodata.__func__.4
                0x00009c18       0x1d CMakeFiles/new_project.elf.dir/Users/lorenzo.poggi/Documents/GitHub/curso-lse/trabajo_integrador/sdks/proyecto_final_sdk/devices/LPC845/drivers/fsl_sctimer.c.obj
 *fill*         0x00009c35        0x3 
 .rodata.__func__.3
                0x00009c38       0x1b CMakeFiles/new_project.elf.dir/Users/lorenzo.poggi/Documents/GitHub/curso-lse/trabajo_integrador/sdks/proyecto_final_sdk/devices/LPC845/drivers/fsl_sctimer.c.obj
 *fill*         0x00009c53        0x1 
 .rodata.__func__.2
                0x00009c54       0x12 CMakeFiles/new_project.elf.dir/Users/lorenzo.poggi/Documents/GitHub/curso-lse/trabajo_integrador/sdks/proyecto_final_sdk/devices/LPC845/drivers/fsl_sctimer.c.obj
 *fill*         0x00009c66        0x2 
 .rodata.__func__.1
                0x00009c68       0x13 CMakeFiles/new_project.elf.dir/Users/lorenzo.poggi/Documents/GitHub/curso-lse/trabajo_integrador/sdks/proyecto_final_sdk/devices/LPC845/drivers/fsl_sctimer.c.obj
 *fill*         0x00009c7b        0x1 
 .rodata.__func__.1
                0x00009c7c       0x18 CMakeFiles/new_project.elf.dir/Users/lorenzo.poggi/Documents/GitHub/curso-lse/trabajo_integrador/sdks/proyecto_final_sdk/devices/LPC845/drivers/fsl_swm.c.obj
 .rodata.__func__.0
                0x00009c94       0x16 CMakeFiles/new_project.elf.dir/Users/lorenzo.poggi/Documents/GitHub/curso-lse/trabajo_integrador/sdks/proyecto_final_sdk/devices/LPC845/drivers/fsl_swm.c.obj
 *fill*         0x00009caa        0x2 
 .rodata.__aeabi_ddiv
                0x00009cac       0x40 /Applications/MCUXpressoIDE_24.12.148/ide/plugins/com.nxp.mcuxpresso.tools.macosx_24.12.0.202407110909/tools/bin/../lib/gcc/arm-none-eabi/13.2.1/thumb/v6-m/nofp/libgcc.a(divdf3.o)
 .rodata.uxTopUsedPriority
                0x00009cec        0x4 freertos/libfreertos.a(tasks.c.obj)
 *(.glue_7)
 .glue_7        0x00009cf0        0x0 linker stubs
 *(.glue_7t)
 .glue_7t       0x00009cf0        0x0 linker stubs
 *(.eh_frame)
 .eh_frame      0x00009cf0        0x0 /Applications/MCUXpressoIDE_24.12.148/ide/plugins/com.nxp.mcuxpresso.tools.macosx_24.12.0.202407110909/tools/bin/../lib/gcc/arm-none-eabi/13.2.1/thumb/v6-m/nofp/crtbegin.o
 *(.init)
 .init          0x00009cf0        0x4 /Applications/MCUXpressoIDE_24.12.148/ide/plugins/com.nxp.mcuxpresso.tools.macosx_24.12.0.202407110909/tools/bin/../lib/gcc/arm-none-eabi/13.2.1/thumb/v6-m/nofp/crti.o
                0x00009cf0                _init
 .init          0x00009cf4        0x8 /Applications/MCUXpressoIDE_24.12.148/ide/plugins/com.nxp.mcuxpresso.tools.macosx_24.12.0.202407110909/tools/bin/../lib/gcc/arm-none-eabi/13.2.1/thumb/v6-m/nofp/crtn.o
 *(.fini)
 .fini          0x00009cfc        0x4 /Applications/MCUXpressoIDE_24.12.148/ide/plugins/com.nxp.mcuxpresso.tools.macosx_24.12.0.202407110909/tools/bin/../lib/gcc/arm-none-eabi/13.2.1/thumb/v6-m/nofp/crti.o
                0x00009cfc                _fini
 .fini          0x00009d00        0x8 /Applications/MCUXpressoIDE_24.12.148/ide/plugins/com.nxp.mcuxpresso.tools.macosx_24.12.0.202407110909/tools/bin/../lib/gcc/arm-none-eabi/13.2.1/thumb/v6-m/nofp/crtn.o
                0x00009d08                        . = ALIGN (0x4)

.vfp11_veneer   0x00009d08        0x0
 .vfp11_veneer  0x00009d08        0x0 linker stubs

.v4_bx          0x00009d08        0x0
 .v4_bx         0x00009d08        0x0 linker stubs

.iplt           0x00009d08        0x0
 .iplt          0x00009d08        0x0 /Applications/MCUXpressoIDE_24.12.148/ide/plugins/com.nxp.mcuxpresso.tools.macosx_24.12.0.202407110909/tools/bin/../lib/gcc/arm-none-eabi/13.2.1/thumb/v6-m/nofp/crtbegin.o

.ARM.extab
 *(.ARM.extab* .gnu.linkonce.armextab.*)

.ARM            0x00009d08        0x8
                0x00009d08                        __exidx_start = .
 *(.ARM.exidx*)
 .ARM.exidx     0x00009d08        0x8 /Applications/MCUXpressoIDE_24.12.148/ide/plugins/com.nxp.mcuxpresso.tools.macosx_24.12.0.202407110909/tools/bin/../lib/gcc/arm-none-eabi/13.2.1/../../../../arm-none-eabi/lib/thumb/v6-m/nofp/crt0.o
                                 0x10 (size before relaxing)
 .ARM.exidx.text.__udivmoddi4
                0x00009d10        0x0 /Applications/MCUXpressoIDE_24.12.148/ide/plugins/com.nxp.mcuxpresso.tools.macosx_24.12.0.202407110909/tools/bin/../lib/gcc/arm-none-eabi/13.2.1/thumb/v6-m/nofp/libgcc.a(_udivmoddi4.o)
                                  0x8 (size before relaxing)
                0x00009d10                        __exidx_end = .

.rel.dyn        0x00009d10        0x0
 .rel.iplt      0x00009d10        0x0 /Applications/MCUXpressoIDE_24.12.148/ide/plugins/com.nxp.mcuxpresso.tools.macosx_24.12.0.202407110909/tools/bin/../lib/gcc/arm-none-eabi/13.2.1/thumb/v6-m/nofp/crtbegin.o

.ctors          0x00009d10        0x0