/Users/lorenzo.poggi/Documents/GitHub/curso-lse/trabajo_integrador/sdks/proyecto_final_sdk/devices/LPC845/drivers/./fsl_gpio.h:153:20:GPIO_PinWrite	24	static
/Users/lorenzo.poggi/Documents/GitHub/curso-lse/trabajo_integrador/sdks/proyecto_final_sdk/devices/LPC845/drivers/./fsl_gpio.h:172:24:GPIO_PinRead	24	static
/Users/lorenzo.poggi/Documents/GitHub/curso-lse/trabajo_integrador/sdks/proyecto_final_sdk/devices/LPC845/drivers/./fsl_gpio.h:210:20:GPIO_PortToggle	24	static
/Users/lorenzo.poggi/Documents/GitHub/curso-lse/trabajo_integrador/sdks/proyecto_final_sdk/devices/LPC845/drivers/./fsl_adc.h:497:20:ADC_DoSoftwareTriggerConvSeqA	16	static
/Users/lorenzo.poggi/Documents/GitHub/curso-lse/trabajo_integrador/proyecto_final/wrappers.h:46:20:wrapper_gpio_init	16	static
/Users/lorenzo.poggi/Documents/GitHub/curso-lse/trabajo_integrador/proyecto_final/wrappers.h:55:20:wrapper_btn_get	24	static
/Users/lorenzo.poggi/Documents/GitHub/curso-lse/trabajo_integrador/proyecto_final/wrappers.h:65:20:wrapper_output_init	40	static
/Users/lorenzo.poggi/Documents/GitHub/curso-lse/trabajo_integrador/proyecto_final/wrappers.h:75:24:wrapper_gpio_get_port	24	static
/Users/lorenzo.poggi/Documents/GitHub/curso-lse/trabajo_integrador/proyecto_final/wrappers.h:85:24:wrapper_gpio_get_pin	24	static
/Users/lorenzo.poggi/Documents/GitHub/curso-lse/trabajo_integrador/proyecto_final/wrappers.h:94:20:wrapper_output_toggle	32	static
/Users/lorenzo.poggi/Documents/GitHub/curso-lse/trabajo_integrador/proyecto_final/wrappers.h:102:20:wrapper_display_off	8	static
/Users/lorenzo.poggi/Documents/GitHub/curso-lse/trabajo_integrador/proyecto_final/wrappers.h:112:20:wrapper_display_on	24	static
/Users/lorenzo.poggi/Documents/GitHub/curso-lse/trabajo_integrador/proyecto_final/app_tasks.h:80:20:wrapper_btn_get_with_debouncing_with_pull_up	24	static
/Users/lorenzo.poggi/Documents/GitHub/curso-lse/trabajo_integrador/proyecto_final/app_tasks.c:37:6:tarea_inic	80	static
/Users/lorenzo.poggi/Documents/GitHub/curso-lse/trabajo_integrador/proyecto_final/app_tasks.c:86:6:tarea_setpoint	48	static
/Users/lorenzo.poggi/Documents/GitHub/curso-lse/trabajo_integrador/proyecto_final/app_tasks.c:105:6:tarea_adc	16	static
/Users/lorenzo.poggi/Documents/GitHub/curso-lse/trabajo_integrador/proyecto_final/app_tasks.c:118:6:tarea_display_change	32	static
/Users/lorenzo.poggi/Documents/GitHub/curso-lse/trabajo_integrador/proyecto_final/app_tasks.c:131:6:tarea_control	32	static
/Users/lorenzo.poggi/Documents/GitHub/curso-lse/trabajo_integrador/proyecto_final/app_tasks.c:160:6:tarea_display	64	static
/Users/lorenzo.poggi/Documents/GitHub/curso-lse/trabajo_integrador/proyecto_final/app_tasks.c:182:6:tarea_pwm	32	static
/Users/lorenzo.poggi/Documents/GitHub/curso-lse/trabajo_integrador/proyecto_final/app_tasks.c:209:6:tarea_bh1750	24	static
/Users/lorenzo.poggi/Documents/GitHub/curso-lse/trabajo_integrador/proyecto_final/app_tasks.c:236:6:tarea_blinky	48	static
/Users/lorenzo.poggi/Documents/GitHub/curso-lse/trabajo_integrador/proyecto_final/app_tasks.c:255:6:tarea_buzzer	40	static
/Users/lorenzo.poggi/Documents/GitHub/curso-lse/trabajo_integrador/proyecto_final/app_tasks.c:269:6:tarea_counter	16	static
/Users/lorenzo.poggi/Documents/GitHub/curso-lse/trabajo_integrador/proyecto_final/app_tasks.c:280:6:tarea_counter_btns	56	static
/Users/lorenzo.poggi/Documents/GitHub/curso-lse/trabajo_integrador/proyecto_final/app_tasks.c:306:6:tarea_cny70	40	static
