Archive member included to satisfy reference by file (symbol)

/Users/lorenzo.poggi/.mcuxpressotools/arm-gnu-toolchain-13.2.Rel1-darwin-arm64-arm-none-eabi/bin/../lib/gcc/arm-none-eabi/13.2.1/thumb/v6-m/nofp/libgcc.a(_udivsi3.o)
                              CMakeFiles/new_project.elf.dir/Users/lorenzo.poggi/Documents/GitHub/curso-lse/workspace_lpc845/sdks/03_light_control_sdk/devices/LPC845/system_LPC845.c.obj (__aeabi_uidiv)
/Users/lorenzo.poggi/.mcuxpressotools/arm-gnu-toolchain-13.2.Rel1-darwin-arm64-arm-none-eabi/bin/../lib/gcc/arm-none-eabi/13.2.1/thumb/v6-m/nofp/libgcc.a(_dvmd_tls.o)
                              /Users/lorenzo.poggi/.mcuxpressotools/arm-gnu-toolchain-13.2.Rel1-darwin-arm64-arm-none-eabi/bin/../lib/gcc/arm-none-eabi/13.2.1/thumb/v6-m/nofp/libgcc.a(_udivsi3.o) (__aeabi_idiv0)
/Users/lorenzo.poggi/.mcuxpressotools/arm-gnu-toolchain-13.2.Rel1-darwin-arm64-arm-none-eabi/bin/../lib/gcc/arm-none-eabi/13.2.1/thumb/v6-m/nofp/libgcc.a(_aeabi_uldivmod.o)
                              CMakeFiles/new_project.elf.dir/Users/lorenzo.poggi/Documents/GitHub/curso-lse/workspace_lpc845/sdks/03_light_control_sdk/devices/LPC845/drivers/fsl_clock.c.obj (__aeabi_uldivmod)
/Users/lorenzo.poggi/.mcuxpressotools/arm-gnu-toolchain-13.2.Rel1-darwin-arm64-arm-none-eabi/bin/../lib/gcc/arm-none-eabi/13.2.1/thumb/v6-m/nofp/libgcc.a(_muldi3.o)
                              CMakeFiles/new_project.elf.dir/Users/lorenzo.poggi/Documents/GitHub/curso-lse/workspace_lpc845/sdks/03_light_control_sdk/devices/LPC845/drivers/fsl_common_arm.c.obj (__aeabi_lmul)
/Users/lorenzo.poggi/.mcuxpressotools/arm-gnu-toolchain-13.2.Rel1-darwin-arm64-arm-none-eabi/bin/../lib/gcc/arm-none-eabi/13.2.1/thumb/v6-m/nofp/libgcc.a(_udivmoddi4.o)
                              /Users/lorenzo.poggi/.mcuxpressotools/arm-gnu-toolchain-13.2.Rel1-darwin-arm64-arm-none-eabi/bin/../lib/gcc/arm-none-eabi/13.2.1/thumb/v6-m/nofp/libgcc.a(_aeabi_uldivmod.o) (__udivmoddi4)
/Users/lorenzo.poggi/.mcuxpressotools/arm-gnu-toolchain-13.2.Rel1-darwin-arm64-arm-none-eabi/bin/../lib/gcc/arm-none-eabi/13.2.1/thumb/v6-m/nofp/libgcc.a(divdf3.o)
                              CMakeFiles/new_project.elf.dir/Users/lorenzo.poggi/Documents/GitHub/curso-lse/workspace_lpc845/03_light_control/main.c.obj (__aeabi_ddiv)
/Users/lorenzo.poggi/.mcuxpressotools/arm-gnu-toolchain-13.2.Rel1-darwin-arm64-arm-none-eabi/bin/../lib/gcc/arm-none-eabi/13.2.1/thumb/v6-m/nofp/libgcc.a(fixdfsi.o)
                              CMakeFiles/new_project.elf.dir/Users/lorenzo.poggi/Documents/GitHub/curso-lse/workspace_lpc845/03_light_control/main.c.obj (__aeabi_d2iz)
/Users/lorenzo.poggi/.mcuxpressotools/arm-gnu-toolchain-13.2.Rel1-darwin-arm64-arm-none-eabi/bin/../lib/gcc/arm-none-eabi/13.2.1/thumb/v6-m/nofp/libgcc.a(floatsidf.o)
                              CMakeFiles/new_project.elf.dir/Users/lorenzo.poggi/Documents/GitHub/curso-lse/workspace_lpc845/03_light_control/main.c.obj (__aeabi_i2d)
/Users/lorenzo.poggi/.mcuxpressotools/arm-gnu-toolchain-13.2.Rel1-darwin-arm64-arm-none-eabi/bin/../lib/gcc/arm-none-eabi/13.2.1/thumb/v6-m/nofp/libgcc.a(_clzsi2.o)
                              /Users/lorenzo.poggi/.mcuxpressotools/arm-gnu-toolchain-13.2.Rel1-darwin-arm64-arm-none-eabi/bin/../lib/gcc/arm-none-eabi/13.2.1/thumb/v6-m/nofp/libgcc.a(divdf3.o) (__clzsi2)
/Users/lorenzo.poggi/.mcuxpressotools/arm-gnu-toolchain-13.2.Rel1-darwin-arm64-arm-none-eabi/bin/../lib/gcc/arm-none-eabi/13.2.1/thumb/v6-m/nofp/libgcc.a(_clzdi2.o)
                              /Users/lorenzo.poggi/.mcuxpressotools/arm-gnu-toolchain-13.2.Rel1-darwin-arm64-arm-none-eabi/bin/../lib/gcc/arm-none-eabi/13.2.1/thumb/v6-m/nofp/libgcc.a(_udivmoddi4.o) (__clzdi2)
/Users/lorenzo.poggi/.mcuxpressotools/arm-gnu-toolchain-13.2.Rel1-darwin-arm64-arm-none-eabi/bin/../lib/gcc/arm-none-eabi/13.2.1/../../../../arm-none-eabi/lib/thumb/v6-m/nofp/libc_nano.a(libc_a-exit.o)
                              /Users/lorenzo.poggi/.mcuxpressotools/arm-gnu-toolchain-13.2.Rel1-darwin-arm64-arm-none-eabi/bin/../lib/gcc/arm-none-eabi/13.2.1/../../../../arm-none-eabi/lib/thumb/v6-m/nofp/crt0.o (exit)
/Users/lorenzo.poggi/.mcuxpressotools/arm-gnu-toolchain-13.2.Rel1-darwin-arm64-arm-none-eabi/bin/../lib/gcc/arm-none-eabi/13.2.1/../../../../arm-none-eabi/lib/thumb/v6-m/nofp/libc_nano.a(libc_a-malloc.o)
                              CMakeFiles/new_project.elf.dir/Users/lorenzo.poggi/Documents/GitHub/curso-lse/workspace_lpc845/sdks/03_light_control_sdk/devices/LPC845/drivers/fsl_common.c.obj (malloc)
/Users/lorenzo.poggi/.mcuxpressotools/arm-gnu-toolchain-13.2.Rel1-darwin-arm64-arm-none-eabi/bin/../lib/gcc/arm-none-eabi/13.2.1/../../../../arm-none-eabi/lib/thumb/v6-m/nofp/libc_nano.a(libc_a-mallocr.o)
                              /Users/lorenzo.poggi/.mcuxpressotools/arm-gnu-toolchain-13.2.Rel1-darwin-arm64-arm-none-eabi/bin/../lib/gcc/arm-none-eabi/13.2.1/../../../../arm-none-eabi/lib/thumb/v6-m/nofp/libc_nano.a(libc_a-malloc.o) (_malloc_r)
[...]
Memory Configuration

Name             Origin             Length             Attributes
m_interrupts     0x00000000         0x00000200         xr
m_crp            0x000002fc         0x00000004         xr
m_text           0x00000300         0x0000fd00         xr
m_data           0x10000000         0x00003fe0         rw
*default*        0x00000000         0xffffffff

Linker script and memory map

LOAD /Users/lorenzo.poggi/.mcuxpressotools/arm-gnu-toolchain-13.2.Rel1-darwin-arm64-arm-none-eabi/bin/../lib/gcc/arm-none-eabi/13.2.1/thumb/v6-m/nofp/crti.o
LOAD /Users/lorenzo.poggi/.mcuxpressotools/arm-gnu-toolchain-13.2.Rel1-darwin-arm64-arm-none-eabi/bin/../lib/gcc/arm-none-eabi/13.2.1/thumb/v6-m/nofp/crtbegin.o
LOAD /Users/lorenzo.poggi/.mcuxpressotools/arm-gnu-toolchain-13.2.Rel1-darwin-arm64-arm-none-eabi/bin/../lib/gcc/arm-none-eabi/13.2.1/../../../../arm-none-eabi/lib/thumb/v6-m/nofp/crt0.o
LOAD CMakeFiles/new_project.elf.dir/Users/lorenzo.poggi/Documents/GitHub/curso-lse/workspace_lpc845/03_light_control/main.c.obj
LOAD CMakeFiles/new_project.elf.dir/Users/lorenzo.poggi/Documents/GitHub/curso-lse/workspace_lpc845/03_light_control/peripherals.c.obj
LOAD CMakeFiles/new_project.elf.dir/Users/lorenzo.poggi/Documents/GitHub/curso-lse/workspace_lpc845/03_light_control/pin_mux.c.obj
LOAD CMakeFiles/new_project.elf.dir/Users/lorenzo.poggi/Documents/GitHub/curso-lse/workspace_lpc845/03_light_control/board.c.obj
LOAD CMakeFiles/new_project.elf.dir/Users/lorenzo.poggi/Documents/GitHub/curso-lse/workspace_lpc845/03_light_control/clock_config.c.obj
LOAD CMakeFiles/new_project.elf.dir/Users/lorenzo.poggi/Documents/GitHub/curso-lse/workspace_lpc845/03_light_control/hardware_init.c.obj
LOAD CMakeFiles/new_project.elf.dir/Users/lorenzo.poggi/Documents/GitHub/curso-lse/workspace_lpc845/sdks/03_light_control_sdk/components/uart/fsl_adapter_miniusart.c.obj
LOAD CMakeFiles/new_project.elf.dir/Users/lorenzo.poggi/Documents/GitHub/curso-lse/workspace_lpc845/sdks/03_light_control_sdk/devices/LPC845/gcc/startup_LPC845.S.obj
LOAD CMakeFiles/new_project.elf.dir/Users/lorenzo.poggi/Documents/GitHub/curso-lse/workspace_lpc845/sdks/03_light_control_sdk/devices/LPC845/system_LPC845.c.obj
LOAD CMakeFiles/new_project.elf.dir/Users/lorenzo.poggi/Documents/GitHub/curso-lse/workspace_lpc845/sdks/03_light_control_sdk/devices/LPC845/drivers/fsl_clock.c.obj
LOAD CMakeFiles/new_project.elf.dir/Users/lorenzo.poggi/Documents/GitHub/curso-lse/workspace_lpc845/sdks/03_light_control_sdk/devices/LPC845/drivers/fsl_common.c.obj
LOAD CMakeFiles/new_project.elf.dir/Users/lorenzo.poggi/Documents/GitHub/curso-lse/workspace_lpc845/sdks/03_light_control_sdk/devices/LPC845/drivers/fsl_common_arm.c.obj
LOAD CMakeFiles/new_project.elf.dir/Users/lorenzo.poggi/Documents/GitHub/curso-lse/workspace_lpc845/sdks/03_light_control_sdk/devices/LPC845/drivers/fsl_inputmux.c.obj
LOAD CMakeFiles/new_project.elf.dir/Users/lorenzo.poggi/Documents/GitHub/curso-lse/workspace_lpc845/sdks/03_light_control_sdk/devices/LPC845/drivers/fsl_gpio.c.obj
LOAD CMakeFiles/new_project.elf.dir/Users/lorenzo.poggi/Documents/GitHub/curso-lse/workspace_lpc845/sdks/03_light_control_sdk/devices/LPC845/drivers/fsl_i2c.c.obj
LOAD CMakeFiles/new_project.elf.dir/Users/lorenzo.poggi/Documents/GitHub/curso-lse/workspace_lpc845/sdks/03_light_control_sdk/devices/LPC845/drivers/fsl_usart.c.obj
LOAD CMakeFiles/new_project.elf.dir/Users/lorenzo.poggi/Documents/GitHub/curso-lse/workspace_lpc845/sdks/03_light_control_sdk/devices/LPC845/drivers/fsl_power.c.obj
LOAD CMakeFiles/new_project.elf.dir/Users/lorenzo.poggi/Documents/GitHub/curso-lse/workspace_lpc845/sdks/03_light_control_sdk/devices/LPC845/drivers/fsl_reset.c.obj
LOAD CMakeFiles/new_project.elf.dir/Users/lorenzo.poggi/Documents/GitHub/curso-lse/workspace_lpc845/sdks/03_light_control_sdk/devices/LPC845/drivers/fsl_swm.c.obj
LOAD CMakeFiles/new_project.elf.dir/Users/lorenzo.poggi/Documents/GitHub/curso-lse/workspace_lpc845/sdks/03_light_control_sdk/devices/LPC845/drivers/fsl_syscon.c.obj
LOAD CMakeFiles/new_project.elf.dir/Users/lorenzo.poggi/Documents/GitHub/curso-lse/workspace_lpc845/sdks/03_light_control_sdk/devices/LPC845/utilities/fsl_syscall_stub.c.obj
LOAD CMakeFiles/new_project.elf.dir/Users/lorenzo.poggi/Documents/GitHub/curso-lse/workspace_lpc845/sdks/03_light_control_sdk/devices/LPC845/utilities/fsl_sbrk.c.obj
LOAD CMakeFiles/new_project.elf.dir/Users/lorenzo.poggi/Documents/GitHub/curso-lse/workspace_lpc845/sdks/03_light_control_sdk/devices/LPC845/utilities/debug_console_lite/fsl_assert.c.obj
LOAD CMakeFiles/new_project.elf.dir/Users/lorenzo.poggi/Documents/GitHub/curso-lse/workspace_lpc845/sdks/03_light_control_sdk/devices/LPC845/utilities/debug_console_lite/fsl_debug_console.c.obj
LOAD CMakeFiles/new_project.elf.dir/Users/lorenzo.poggi/Documents/GitHub/curso-lse/workspace_lpc845/sdks/03_light_control_sdk/devices/LPC845/utilities/str/fsl_str.c.obj
START GROUP
LOAD /Users/lorenzo.poggi/.mcuxpressotools/arm-gnu-toolchain-13.2.Rel1-darwin-arm64-arm-none-eabi/bin/../lib/gcc/arm-none-eabi/13.2.1/thumb/v6-m/nofp/libgcc.a
LOAD /Users/lorenzo.poggi/.mcuxpressotools/arm-gnu-toolchain-13.2.Rel1-darwin-arm64-arm-none-eabi/bin/../lib/gcc/arm-none-eabi/13.2.1/../../../../arm-none-eabi/lib/thumb/v6-m/nofp/libc_nano.a
LOAD /Users/lorenzo.poggi/.mcuxpressotools/arm-gnu-toolchain-13.2.Rel1-darwin-arm64-arm-none-eabi/bin/../lib/gcc/arm-none-eabi/13.2.1/../../../../arm-none-eabi/lib/thumb/v6-m/nofp/libm.a
LOAD /Users/lorenzo.poggi/.mcuxpressotools/arm-gnu-toolchain-13.2.Rel1-darwin-arm64-arm-none-eabi/bin/../lib/gcc/arm-none-eabi/13.2.1/../../../../arm-none-eabi/lib/thumb/v6-m/nofp/libcr_newlib_nohost.a
END GROUP
START GROUP
LOAD /Users/lorenzo.poggi/.mcuxpressotools/arm-gnu-toolchain-13.2.Rel1-darwin-arm64-arm-none-eabi/bin/../lib/gcc/arm-none-eabi/13.2.1/thumb/v6-m/nofp/libgcc.a
LOAD /Users/lorenzo.poggi/.mcuxpressotools/arm-gnu-toolchain-13.2.Rel1-darwin-arm64-arm-none-eabi/bin/../lib/gcc/arm-none-eabi/13.2.1/../../../../arm-none-eabi/lib/thumb/v6-m/nofp/libg_nano.a
LOAD /Users/lorenzo.poggi/.mcuxpressotools/arm-gnu-toolchain-13.2.Rel1-darwin-arm64-arm-none-eabi/bin/../lib/gcc/arm-none-eabi/13.2.1/../../../../arm-none-eabi/lib/thumb/v6-m/nofp/libc_nano.a
END GROUP
START GROUP
LOAD /Users/lorenzo.poggi/.mcuxpressotools/arm-gnu-toolchain-13.2.Rel1-darwin-arm64-arm-none-eabi/bin/../lib/gcc/arm-none-eabi/13.2.1/thumb/v6-m/nofp/libgcc.a
LOAD /Users/lorenzo.poggi/.mcuxpressotools/arm-gnu-toolchain-13.2.Rel1-darwin-arm64-arm-none-eabi/bin/../lib/gcc/arm-none-eabi/13.2.1/../../../../arm-none-eabi/lib/thumb/v6-m/nofp/libc_nano.a
LOAD /Users/lorenzo.poggi/.mcuxpressotools/arm-gnu-toolchain-13.2.Rel1-darwin-arm64-arm-none-eabi/bin/../lib/gcc/arm-none-eabi/13.2.1/../../../../arm-none-eabi/lib/thumb/v6-m/nofp/libnosys.a
END GROUP
START GROUP
LOAD /Users/lorenzo.poggi/.mcuxpressotools/arm-gnu-toolchain-13.2.Rel1-darwin-arm64-arm-none-eabi/bin/../lib/gcc/arm-none-eabi/13.2.1/thumb/v6-m/nofp/libgcc.a
LOAD /Users/lorenzo.poggi/.mcuxpressotools/arm-gnu-toolchain-13.2.Rel1-darwin-arm64-arm-none-eabi/bin/../lib/gcc/arm-none-eabi/13.2.1/../../../../arm-none-eabi/lib/thumb/v6-m/nofp/libc_nano.a
LOAD /Users/lorenzo.poggi/.mcuxpressotools/arm-gnu-toolchain-13.2.Rel1-darwin-arm64-arm-none-eabi/bin/../lib/gcc/arm-none-eabi/13.2.1/../../../../arm-none-eabi/lib/thumb/v6-m/nofp/libnosys.a
END GROUP
LOAD /Users/lorenzo.poggi/.mcuxpressotools/arm-gnu-toolchain-13.2.Rel1-darwin-arm64-arm-none-eabi/bin/../lib/gcc/arm-none-eabi/13.2.1/thumb/v6-m/nofp/crtend.o
LOAD /Users/lorenzo.poggi/.mcuxpressotools/arm-gnu-toolchain-13.2.Rel1-darwin-arm64-arm-none-eabi/bin/../lib/gcc/arm-none-eabi/13.2.1/thumb/v6-m/nofp/crtn.o
                0x00000400                        HEAP_SIZE = DEFINED (__heap_size__)?__heap_size__:0x400
                0x00000800                        STACK_SIZE = DEFINED (__stack_size__)?__stack_size__:0x800
                0xefffb4f9                        __valid_user_code_checksum = (0x0 - ((((__StackTop + Reset_Handler) + NMI_Handler) + HardFault_Handler) + 0x3))

.interrupts     0x00000000       0xc0
                0x00000000                        . = ALIGN (0x4)
 *(.isr_vector)
 .isr_vector    0x00000000       0xc0 CMakeFiles/new_project.elf.dir/Users/lorenzo.poggi/Documents/GitHub/curso-lse/workspace_lpc845/sdks/03_light_control_sdk/devices/LPC845/gcc/startup_LPC845.S.obj
                0x00000000                __Vectors
                0x000000c0                        . = ALIGN (0x4)

.crp            0x000002fc        0x4
                0x000002fc                        . = ALIGN (0x4)
 *(.crp)
 .crp           0x000002fc        0x4 CMakeFiles/new_project.elf.dir/Users/lorenzo.poggi/Documents/GitHub/curso-lse/workspace_lpc845/sdks/03_light_control_sdk/devices/LPC845/gcc/startup_LPC845.S.obj
                0x00000300                        . = ALIGN (0x4)

.text           0x00000300     0x36c8
                0x00000300                        . = ALIGN (0x4)
 *(.text)
 .text          0x00000300       0x80 /Users/lorenzo.poggi/.mcuxpressotools/arm-gnu-toolchain-13.2.Rel1-darwin-arm64-arm-none-eabi/bin/../lib/gcc/arm-none-eabi/13.2.1/../../../../arm-none-eabi/lib/thumb/v6-m/nofp/crt0.o
                0x00000300                _stack_init
                0x0000030c                _mainCRTStartup
                0x0000030c                _start
 .text          0x00000380      0x17c CMakeFiles/new_project.elf.dir/Users/lorenzo.poggi/Documents/GitHub/curso-lse/workspace_lpc845/sdks/03_light_control_sdk/devices/LPC845/gcc/startup_LPC845.S.obj
                0x00000380                Reset_Handler
                0x000003cc                PIN_INT1_DriverIRQHandler
                0x000003cc                ADC0_OVR_DriverIRQHandler
                0x000003cc                SCT0_DriverIRQHandler
                0x000003cc                DMA0_DriverIRQHandler
                0x000003cc                SPI1_DriverIRQHandler
                0x000003cc                WDT_DriverIRQHandler
                0x000003cc                BOD_DriverIRQHandler
                0x000003cc                CTIMER0_DriverIRQHandler
                0x000003cc                ADC0_SEQA_DriverIRQHandler
                0x000003cc                PIN_INT4_DriverIRQHandler
                0x000003cc                CMP_CAPT_DriverIRQHandler
                0x000003cc                ADC0_SEQB_DriverIRQHandler
                0x000003cc                I2C3_DriverIRQHandler
                0x000003cc                FLASH_DriverIRQHandler
                0x000003cc                PIN_INT3_DriverIRQHandler
                0x000003cc                PIN_INT5_DAC1_DriverIRQHandler
                0x000003cc                PIN_INT2_DriverIRQHandler
                0x000003cc                Reserved22_DriverIRQHandler
                0x000003cc                PIN_INT0_DriverIRQHandler
                0x000003cc                ADC0_THCMP_DriverIRQHandler
                0x000003cc                DefaultISR
                0x000003cc                SPI0_DriverIRQHandler
                0x000003cc                WKT_DriverIRQHandler
                0x000003cc                DAC0_DriverIRQHandler
                0x000003cc                MRT0_DriverIRQHandler
                0x000003d0                NMI_Handler
                0x000003d4                HardFault_Handler
                0x000003d8                SVC_Handler
                0x000003dc                PendSV_Handler
                0x000003e0                SysTick_Handler
                0x000003e4                SPI0_IRQHandler
                0x000003e8                SPI1_IRQHandler
                0x000003ec                DAC0_IRQHandler
                0x000003f0                USART0_IRQHandler
                0x000003f4                USART1_IRQHandler
                0x000003f8                USART2_IRQHandler
                0x000003fc                Reserved22_IRQHandler
                0x00000400                I2C1_IRQHandler
                0x00000404                I2C0_IRQHandler
                0x00000408                SCT0_IRQHandler
                0x0000040c                MRT0_IRQHandler
                0x00000410                CMP_CAPT_IRQHandler
                0x00000414                WDT_IRQHandler
                0x00000418                BOD_IRQHandler
                0x0000041c                FLASH_IRQHandler
                0x00000420                WKT_IRQHandler
                0x00000424                ADC0_SEQA_IRQHandler
                0x00000428                ADC0_SEQB_IRQHandler
                0x0000042c                ADC0_THCMP_IRQHandler
                0x00000430                ADC0_OVR_IRQHandler
                0x00000434                DMA0_IRQHandler
                0x00000438                I2C2_IRQHandler
                0x0000043c                I2C3_IRQHandler
                0x00000440                CTIMER0_IRQHandler
                0x00000444                PIN_INT0_IRQHandler
                0x00000448                PIN_INT1_IRQHandler
                0x0000044c                PIN_INT2_IRQHandler
                0x00000450                PIN_INT3_IRQHandler
                0x00000454                PIN_INT4_IRQHandler
                0x00000458                PIN_INT5_DAC1_IRQHandler
                0x0000045c                PIN_INT6_USART3_IRQHandler
                0x00000460                PIN_INT7_USART4_IRQHandler
 .text          0x000004fc      0x114 /Users/lorenzo.poggi/.mcuxpressotools/arm-gnu-toolchain-13.2.Rel1-darwin-arm64-arm-none-eabi/bin/../lib/gcc/arm-none-eabi/13.2.1/thumb/v6-m/nofp/libgcc.a(_udivsi3.o)
                0x000004fc                __udivsi3
                0x000004fc                __aeabi_uidiv
                0x00000608                __aeabi_uidivmod
 .text          0x00000610        0x4 /Users/lorenzo.poggi/.mcuxpressotools/arm-gnu-toolchain-13.2.Rel1-darwin-arm64-arm-none-eabi/bin/../lib/gcc/arm-none-eabi/13.2.1/thumb/v6-m/nofp/libgcc.a(_dvmd_tls.o)
                0x00000610                __aeabi_ldiv0
                0x00000610                __aeabi_idiv0
 .text          0x00000614       0x3c /Users/lorenzo.poggi/.mcuxpressotools/arm-gnu-toolchain-13.2.Rel1-darwin-arm64-arm-none-eabi/bin/../lib/gcc/arm-none-eabi/13.2.1/thumb/v6-m/nofp/libgcc.a(_clzsi2.o)
                0x00000614                __clzsi2
 .text          0x00000650        0xe /Users/lorenzo.poggi/.mcuxpressotools/arm-gnu-toolchain-13.2.Rel1-darwin-arm64-arm-none-eabi/bin/../lib/gcc/arm-none-eabi/13.2.1/../../../../arm-none-eabi/lib/thumb/v6-m/nofp/libc_nano.a(libc_a-strlen.o)
                0x00000650                strlen
 *(.text*)
 *fill*         0x0000065e        0x2 
 .text.deregister_tm_clones
                0x00000660       0x20 /Users/lorenzo.poggi/.mcuxpressotools/arm-gnu-toolchain-13.2.Rel1-darwin-arm64-arm-none-eabi/bin/../lib/gcc/arm-none-eabi/13.2.1/thumb/v6-m/nofp/crtbegin.o
 .text.register_tm_clones
                0x00000680       0x28 /Users/lorenzo.poggi/.mcuxpressotools/arm-gnu-toolchain-13.2.Rel1-darwin-arm64-arm-none-eabi/bin/../lib/gcc/arm-none-eabi/13.2.1/thumb/v6-m/nofp/crtbegin.o
 .text.__do_global_dtors_aux
                0x000006a8       0x2c /Users/lorenzo.poggi/.mcuxpressotools/arm-gnu-toolchain-13.2.Rel1-darwin-arm64-arm-none-eabi/bin/../lib/gcc/arm-none-eabi/13.2.1/thumb/v6-m/nofp/crtbegin.o
 .text.frame_dummy
                0x000006d4       0x24 /Users/lorenzo.poggi/.mcuxpressotools/arm-gnu-toolchain-13.2.Rel1-darwin-arm64-arm-none-eabi/bin/../lib/gcc/arm-none-eabi/13.2.1/thumb/v6-m/nofp/crtbegin.o
 .text.CLOCK_EnableClock
                0x000006f8       0x54 CMakeFiles/new_project.elf.dir/Users/lorenzo.poggi/Documents/GitHub/curso-lse/workspace_lpc845/03_light_control/main.c.obj
 .text.CLOCK_DisableClock
                0x0000074c       0x58 CMakeFiles/new_project.elf.dir/Users/lorenzo.poggi/Documents/GitHub/curso-lse/workspace_lpc845/03_light_control/main.c.obj
 .text.CLOCK_Select
                0x000007a4       0x38 CMakeFiles/new_project.elf.dir/Users/lorenzo.poggi/Documents/GitHub/curso-lse/workspace_lpc845/03_light_control/main.c.obj
 .text.main     0x000007dc      0x174 CMakeFiles/new_project.elf.dir/Users/lorenzo.poggi/Documents/GitHub/curso-lse/workspace_lpc845/03_light_control/main.c.obj
                0x000007dc                main
 .text.CLOCK_Select
                0x00000950       0x38 CMakeFiles/new_project.elf.dir/Users/lorenzo.poggi/Documents/GitHub/curso-lse/workspace_lpc845/03_light_control/board.c.obj
 .text.BOARD_InitDebugConsole
                0x00000988       0x58 CMakeFiles/new_project.elf.dir/Users/lorenzo.poggi/Documents/GitHub/curso-lse/workspace_lpc845/03_light_control/board.c.obj
                0x00000988                BOARD_InitDebugConsole
 .text.CLOCK_Select
                0x000009e0       0x38 CMakeFiles/new_project.elf.dir/Users/lorenzo.poggi/Documents/GitHub/curso-lse/workspace_lpc845/03_light_control/clock_config.c.obj
 .text.CLOCK_SetCoreSysClkDiv
                0x00000a18       0x4c CMakeFiles/new_project.elf.dir/Users/lorenzo.poggi/Documents/GitHub/curso-lse/workspace_lpc845/03_light_control/clock_config.c.obj
 .text.CLOCK_SetFroOscFreq
                0x00000a64       0x24 CMakeFiles/new_project.elf.dir/Users/lorenzo.poggi/Documents/GitHub/curso-lse/workspace_lpc845/03_light_control/clock_config.c.obj
 .text.POWER_DisablePD
                0x00000a88       0x2c CMakeFiles/new_project.elf.dir/Users/lorenzo.poggi/Documents/GitHub/curso-lse/workspace_lpc845/03_light_control/clock_config.c.obj
 .text.BOARD_BootClockFRO30M
                0x00000ab4       0x58 CMakeFiles/new_project.elf.dir/Users/lorenzo.poggi/Documents/GitHub/curso-lse/workspace_lpc845/03_light_control/clock_config.c.obj
                0x00000ab4                BOARD_BootClockFRO30M
 .text.HAL_UartGetStatus
                0x00000b0c       0x20 CMakeFiles/new_project.elf.dir/Users/lorenzo.poggi/Documents/GitHub/curso-lse/workspace_lpc845/sdks/03_light_control_sdk/components/uart/fsl_adapter_miniusart.c.obj
 .text.HAL_UartInit
                0x00000b2c      0x134 CMakeFiles/new_project.elf.dir/Users/lorenzo.poggi/Documents/GitHub/curso-lse/workspace_lpc845/sdks/03_light_control_sdk/components/uart/fsl_adapter_miniusart.c.obj
                0x00000b2c                HAL_UartInit
 .text.HAL_UartReceiveBlocking
                0x00000c60       0x90 CMakeFiles/new_project.elf.dir/Users/lorenzo.poggi/Documents/GitHub/curso-lse/workspace_lpc845/sdks/03_light_control_sdk/components/uart/fsl_adapter_miniusart.c.obj
                0x00000c60                HAL_UartReceiveBlocking
 .text.HAL_UartSendBlocking
                0x00000cf0       0x84 CMakeFiles/new_project.elf.dir/Users/lorenzo.poggi/Documents/GitHub/curso-lse/workspace_lpc845/sdks/03_light_control_sdk/components/uart/fsl_adapter_miniusart.c.obj
                0x00000cf0                HAL_UartSendBlocking
 .text.SystemInit
                0x00000d74       0x2c CMakeFiles/new_project.elf.dir/Users/lorenzo.poggi/Documents/GitHub/curso-lse/workspace_lpc845/sdks/03_light_control_sdk/devices/LPC845/system_LPC845.c.obj
                0x00000d74                SystemInit
 .text.SystemInitHook
                0x00000da0        0xa CMakeFiles/new_project.elf.dir/Users/lorenzo.poggi/Documents/GitHub/curso-lse/workspace_lpc845/sdks/03_light_control_sdk/devices/LPC845/system_LPC845.c.obj
                0x00000da0                SystemInitHook
 *fill*         0x00000daa        0x2 
 .text.CLOCK_GetSystemPLLFreq
                0x00000dac       0x20 CMakeFiles/new_project.elf.dir/Users/lorenzo.poggi/Documents/GitHub/curso-lse/workspace_lpc845/sdks/03_light_control_sdk/devices/LPC845/drivers/fsl_clock.c.obj
 .text.CLOCK_GetWdtOscFreq
                0x00000dcc       0x14 CMakeFiles/new_project.elf.dir/Users/lorenzo.poggi/Documents/GitHub/curso-lse/workspace_lpc845/sdks/03_light_control_sdk/devices/LPC845/drivers/fsl_clock.c.obj
 .text.CLOCK_GetExtClkFreq
                0x00000de0       0x14 CMakeFiles/new_project.elf.dir/Users/lorenzo.poggi/Documents/GitHub/curso-lse/workspace_lpc845/sdks/03_light_control_sdk/devices/LPC845/drivers/fsl_clock.c.obj
 .text.CLOCK_UpdateClkSrc
                0x00000df4       0x58 CMakeFiles/new_project.elf.dir/Users/lorenzo.poggi/Documents/GitHub/curso-lse/workspace_lpc845/sdks/03_light_control_sdk/devices/LPC845/drivers/fsl_clock.c.obj
 .text.CLOCK_GetMainClkFreq
                0x00000e4c       0x78 CMakeFiles/new_project.elf.dir/Users/lorenzo.poggi/Documents/GitHub/curso-lse/workspace_lpc845/sdks/03_light_control_sdk/devices/LPC845/drivers/fsl_clock.c.obj
                0x00000e4c                CLOCK_GetMainClkFreq
 .text.CLOCK_GetFroFreq
                0x00000ec4       0x78 CMakeFiles/new_project.elf.dir/Users/lorenzo.poggi/Documents/GitHub/curso-lse/workspace_lpc845/sdks/03_light_control_sdk/devices/LPC845/drivers/fsl_clock.c.obj
                0x00000ec4                CLOCK_GetFroFreq
 .text.CLOCK_GetSystemPLLInClockRate
                0x00000f3c       0x64 CMakeFiles/new_project.elf.dir/Users/lorenzo.poggi/Documents/GitHub/curso-lse/workspace_lpc845/sdks/03_light_control_sdk/devices/LPC845/drivers/fsl_clock.c.obj
                0x00000f3c                CLOCK_GetSystemPLLInClockRate
 .text.CLOCK_SetMainClkSrc
                0x00000fa0       0x9c CMakeFiles/new_project.elf.dir/Users/lorenzo.poggi/Documents/GitHub/curso-lse/workspace_lpc845/sdks/03_light_control_sdk/devices/LPC845/drivers/fsl_clock.c.obj
                0x00000fa0                CLOCK_SetMainClkSrc
 .text.CLOCK_SetFroOutClkSrc
                0x0000103c       0x48 CMakeFiles/new_project.elf.dir/Users/lorenzo.poggi/Documents/GitHub/curso-lse/workspace_lpc845/sdks/03_light_control_sdk/devices/LPC845/drivers/fsl_clock.c.obj
                0x0000103c                CLOCK_SetFroOutClkSrc
 .text.CLOCK_EnableClock
                0x00001084       0x54 CMakeFiles/new_project.elf.dir/Users/lorenzo.poggi/Documents/GitHub/curso-lse/workspace_lpc845/sdks/03_light_control_sdk/devices/LPC845/drivers/fsl_gpio.c.obj
 .text.GPIO_EnablePortClock
                0x000010d8       0x44 CMakeFiles/new_project.elf.dir/Users/lorenzo.poggi/Documents/GitHub/curso-lse/workspace_lpc845/sdks/03_light_control_sdk/devices/LPC845/drivers/fsl_gpio.c.obj
 .text.GPIO_PortInit
                0x0000111c       0x30 CMakeFiles/new_project.elf.dir/Users/lorenzo.poggi/Documents/GitHub/curso-lse/workspace_lpc845/sdks/03_light_control_sdk/devices/LPC845/drivers/fsl_gpio.c.obj
                0x0000111c                GPIO_PortInit
 .text.GPIO_PinInit
                0x0000114c       0xc0 CMakeFiles/new_project.elf.dir/Users/lorenzo.poggi/Documents/GitHub/curso-lse/workspace_lpc845/sdks/03_light_control_sdk/devices/LPC845/drivers/fsl_gpio.c.obj
                0x0000114c                GPIO_PinInit
 .text.CLOCK_EnableClock
                0x0000120c       0x54 CMakeFiles/new_project.elf.dir/Users/lorenzo.poggi/Documents/GitHub/curso-lse/workspace_lpc845/sdks/03_light_control_sdk/devices/LPC845/drivers/fsl_i2c.c.obj
 .text.I2C_MasterEnable
                0x00001260       0x3c CMakeFiles/new_project.elf.dir/Users/lorenzo.poggi/Documents/GitHub/curso-lse/workspace_lpc845/sdks/03_light_control_sdk/devices/LPC845/drivers/fsl_i2c.c.obj
 .text.I2C_GetStatusFlags
                0x0000129c       0x14 CMakeFiles/new_project.elf.dir/Users/lorenzo.poggi/Documents/GitHub/curso-lse/workspace_lpc845/sdks/03_light_control_sdk/devices/LPC845/drivers/fsl_i2c.c.obj
 .text.I2C_MasterClearStatusFlags
                0x000012b0       0x1c CMakeFiles/new_project.elf.dir/Users/lorenzo.poggi/Documents/GitHub/curso-lse/workspace_lpc845/sdks/03_light_control_sdk/devices/LPC845/drivers/fsl_i2c.c.obj
 .text.I2C_GetInstance
                0x000012cc       0x58 CMakeFiles/new_project.elf.dir/Users/lorenzo.poggi/Documents/GitHub/curso-lse/workspace_lpc845/sdks/03_light_control_sdk/devices/LPC845/drivers/fsl_i2c.c.obj
                0x000012cc                I2C_GetInstance
 .text.I2C_MasterGetDefaultConfig
                0x00001324       0x34 CMakeFiles/new_project.elf.dir/Users/lorenzo.poggi/Documents/GitHub/curso-lse/workspace_lpc845/sdks/03_light_control_sdk/devices/LPC845/drivers/fsl_i2c.c.obj
                0x00001324                I2C_MasterGetDefaultConfig
 .text.I2C_MasterInit
                0x00001358       0x64 CMakeFiles/new_project.elf.dir/Users/lorenzo.poggi/Documents/GitHub/curso-lse/workspace_lpc845/sdks/03_light_control_sdk/devices/LPC845/drivers/fsl_i2c.c.obj
                0x00001358                I2C_MasterInit
 .text.I2C_MasterSetBaudRate
                0x000013bc       0xcc CMakeFiles/new_project.elf.dir/Users/lorenzo.poggi/Documents/GitHub/curso-lse/workspace_lpc845/sdks/03_light_control_sdk/devices/LPC845/drivers/fsl_i2c.c.obj
                0x000013bc                I2C_MasterSetBaudRate
 .text.I2C_PendingStatusWait
                0x00001488       0x30 CMakeFiles/new_project.elf.dir/Users/lorenzo.poggi/Documents/GitHub/curso-lse/workspace_lpc845/sdks/03_light_control_sdk/devices/LPC845/drivers/fsl_i2c.c.obj
 .text.I2C_MasterStart
                0x000014b8       0x54 CMakeFiles/new_project.elf.dir/Users/lorenzo.poggi/Documents/GitHub/curso-lse/workspace_lpc845/sdks/03_light_control_sdk/devices/LPC845/drivers/fsl_i2c.c.obj
                0x000014b8                I2C_MasterStart
 .text.I2C_MasterStop
                0x0000150c       0x30 CMakeFiles/new_project.elf.dir/Users/lorenzo.poggi/Documents/GitHub/curso-lse/workspace_lpc845/sdks/03_light_control_sdk/devices/LPC845/drivers/fsl_i2c.c.obj
                0x0000150c                I2C_MasterStop
 .text.I2C_MasterWriteBlocking
                0x0000153c      0x124 CMakeFiles/new_project.elf.dir/Users/lorenzo.poggi/Documents/GitHub/curso-lse/workspace_lpc845/sdks/03_light_control_sdk/devices/LPC845/drivers/fsl_i2c.c.obj
                0x0000153c                I2C_MasterWriteBlocking
 .text.I2C_MasterReadBlocking
                0x00001660      0x104 CMakeFiles/new_project.elf.dir/Users/lorenzo.poggi/Documents/GitHub/curso-lse/workspace_lpc845/sdks/03_light_control_sdk/devices/LPC845/drivers/fsl_i2c.c.obj
                0x00001660                I2C_MasterReadBlocking
 .text.I2C_TransferCommonIRQHandler
                0x00001764       0x40 CMakeFiles/new_project.elf.dir/Users/lorenzo.poggi/Documents/GitHub/curso-lse/workspace_lpc845/sdks/03_light_control_sdk/devices/LPC845/drivers/fsl_i2c.c.obj
 .text.I2C0_DriverIRQHandler
                0x000017a4       0x20 CMakeFiles/new_project.elf.dir/Users/lorenzo.poggi/Documents/GitHub/curso-lse/workspace_lpc845/sdks/03_light_control_sdk/devices/LPC845/drivers/fsl_i2c.c.obj
                0x000017a4                I2C0_DriverIRQHandler
 .text.I2C1_DriverIRQHandler
                0x000017c4       0x20 CMakeFiles/new_project.elf.dir/Users/lorenzo.poggi/Documents/GitHub/curso-lse/workspace_lpc845/sdks/03_light_control_sdk/devices/LPC845/drivers/fsl_i2c.c.obj
                0x000017c4                I2C1_DriverIRQHandler
 .text.I2C2_DriverIRQHandler
                0x000017e4       0x20 CMakeFiles/new_project.elf.dir/Users/lorenzo.poggi/Documents/GitHub/curso-lse/workspace_lpc845/sdks/03_light_control_sdk/devices/LPC845/drivers/fsl_i2c.c.obj
                0x000017e4                I2C2_DriverIRQHandler
 .text.CLOCK_EnableClock
                0x00001804       0x54 CMakeFiles/new_project.elf.dir/Users/lorenzo.poggi/Documents/GitHub/curso-lse/workspace_lpc845/sdks/03_light_control_sdk/devices/LPC845/drivers/fsl_usart.c.obj
 .text.USART_EnableContinuousSCLK
                0x00001858       0x40 CMakeFiles/new_project.elf.dir/Users/lorenzo.poggi/Documents/GitHub/curso-lse/workspace_lpc845/sdks/03_light_control_sdk/devices/LPC845/drivers/fsl_usart.c.obj
 .text.USART_EnableTx
                0x00001898       0x46 CMakeFiles/new_project.elf.dir/Users/lorenzo.poggi/Documents/GitHub/curso-lse/workspace_lpc845/sdks/03_light_control_sdk/devices/LPC845/drivers/fsl_usart.c.obj
 .text.USART_EnableRx
                0x000018de       0x44 CMakeFiles/new_project.elf.dir/Users/lorenzo.poggi/Documents/GitHub/curso-lse/workspace_lpc845/sdks/03_light_control_sdk/devices/LPC845/drivers/fsl_usart.c.obj
 *fill*         0x00001922        0x2 
 .text.USART_GetInstance
                0x00001924       0x58 CMakeFiles/new_project.elf.dir/Users/lorenzo.poggi/Documents/GitHub/curso-lse/workspace_lpc845/sdks/03_light_control_sdk/devices/LPC845/drivers/fsl_usart.c.obj
                0x00001924                USART_GetInstance
 .text.USART_Init
                0x0000197c      0x138 CMakeFiles/new_project.elf.dir/Users/lorenzo.poggi/Documents/GitHub/curso-lse/workspace_lpc845/sdks/03_light_control_sdk/devices/LPC845/drivers/fsl_usart.c.obj
                0x0000197c                USART_Init
 .text.USART_GetDefaultConfig
                0x00001ab4       0x80 CMakeFiles/new_project.elf.dir/Users/lorenzo.poggi/Documents/GitHub/curso-lse/workspace_lpc845/sdks/03_light_control_sdk/devices/LPC845/drivers/fsl_usart.c.obj
                0x00001ab4                USART_GetDefaultConfig
 .text.USART_SetBaudRate
                0x00001b34      0x15c CMakeFiles/new_project.elf.dir/Users/lorenzo.poggi/Documents/GitHub/curso-lse/workspace_lpc845/sdks/03_light_control_sdk/devices/LPC845/drivers/fsl_usart.c.obj
                0x00001b34                USART_SetBaudRate
 .text.USART_WriteBlocking
                0x00001c90       0x70 CMakeFiles/new_project.elf.dir/Users/lorenzo.poggi/Documents/GitHub/curso-lse/workspace_lpc845/sdks/03_light_control_sdk/devices/LPC845/drivers/fsl_usart.c.obj
                0x00001c90                USART_WriteBlocking
 .text.USART_ReadBlocking
                0x00001d00       0xd0 CMakeFiles/new_project.elf.dir/Users/lorenzo.poggi/Documents/GitHub/curso-lse/workspace_lpc845/sdks/03_light_control_sdk/devices/LPC845/drivers/fsl_usart.c.obj
                0x00001d00                USART_ReadBlocking
 .text.USART0_DriverIRQHandler
                0x00001dd0       0x24 CMakeFiles/new_project.elf.dir/Users/lorenzo.poggi/Documents/GitHub/curso-lse/workspace_lpc845/sdks/03_light_control_sdk/devices/LPC845/drivers/fsl_usart.c.obj
                0x00001dd0                USART0_DriverIRQHandler
 .text.USART1_DriverIRQHandler
                0x00001df4       0x24 CMakeFiles/new_project.elf.dir/Users/lorenzo.poggi/Documents/GitHub/curso-lse/workspace_lpc845/sdks/03_light_control_sdk/devices/LPC845/drivers/fsl_usart.c.obj
                0x00001df4                USART1_DriverIRQHandler
 .text.USART2_DriverIRQHandler
                0x00001e18       0x24 CMakeFiles/new_project.elf.dir/Users/lorenzo.poggi/Documents/GitHub/curso-lse/workspace_lpc845/sdks/03_light_control_sdk/devices/LPC845/drivers/fsl_usart.c.obj
                0x00001e18                USART2_DriverIRQHandler
 .text.PIN_INT6_USART3_DriverIRQHandler
                0x00001e3c       0x24 CMakeFiles/new_project.elf.dir/Users/lorenzo.poggi/Documents/GitHub/curso-lse/workspace_lpc845/sdks/03_light_control_sdk/devices/LPC845/drivers/fsl_usart.c.obj
                0x00001e3c                PIN_INT6_USART3_DriverIRQHandler
 .text.PIN_INT7_USART4_DriverIRQHandler
                0x00001e60       0x24 CMakeFiles/new_project.elf.dir/Users/lorenzo.poggi/Documents/GitHub/curso-lse/workspace_lpc845/sdks/03_light_control_sdk/devices/LPC845/drivers/fsl_usart.c.obj
                0x00001e60                PIN_INT7_USART4_DriverIRQHandler
 .text.RESET_SetPeripheralReset
                0x00001e84       0x7c CMakeFiles/new_project.elf.dir/Users/lorenzo.poggi/Documents/GitHub/curso-lse/workspace_lpc845/sdks/03_light_control_sdk/devices/LPC845/drivers/fsl_reset.c.obj
                0x00001e84                RESET_SetPeripheralReset
 .text.RESET_ClearPeripheralReset
                0x00001f00       0x78 CMakeFiles/new_project.elf.dir/Users/lorenzo.poggi/Documents/GitHub/curso-lse/workspace_lpc845/sdks/03_light_control_sdk/devices/LPC845/drivers/fsl_reset.c.obj
                0x00001f00                RESET_ClearPeripheralReset
 .text.RESET_PeripheralReset
                0x00001f78       0x20 CMakeFiles/new_project.elf.dir/Users/lorenzo.poggi/Documents/GitHub/curso-lse/workspace_lpc845/sdks/03_light_control_sdk/devices/LPC845/drivers/fsl_reset.c.obj
                0x00001f78                RESET_PeripheralReset
 .text.SWM_SetMovablePinSelect
                0x00001f98       0xa8 CMakeFiles/new_project.elf.dir/Users/lorenzo.poggi/Documents/GitHub/curso-lse/workspace_lpc845/sdks/03_light_control_sdk/devices/LPC845/drivers/fsl_swm.c.obj
                0x00001f98                SWM_SetMovablePinSelect
 .text.fsl_assert_hook
                0x00002040       0x16 CMakeFiles/new_project.elf.dir/Users/lorenzo.poggi/Documents/GitHub/curso-lse/workspace_lpc845/sdks/03_light_control_sdk/devices/LPC845/utilities/debug_console_lite/fsl_assert.c.obj
                0x00002040                fsl_assert_hook
 *fill*         0x00002056        0x2 
 .text.__assert_func
                0x00002058       0x34 CMakeFiles/new_project.elf.dir/Users/lorenzo.poggi/Documents/GitHub/curso-lse/workspace_lpc845/sdks/03_light_control_sdk/devices/LPC845/utilities/debug_console_lite/fsl_assert.c.obj
                0x00002058                __assert_func
 .text.DbgConsole_Init
                0x0000208c       0xa8 CMakeFiles/new_project.elf.dir/Users/lorenzo.poggi/Documents/GitHub/curso-lse/workspace_lpc845/sdks/03_light_control_sdk/devices/LPC845/utilities/debug_console_lite/fsl_debug_console.c.obj
                0x0000208c                DbgConsole_Init
 .text.DbgConsole_Printf
                0x00002134       0x32 CMakeFiles/new_project.elf.dir/Users/lorenzo.poggi/Documents/GitHub/curso-lse/workspace_lpc845/sdks/03_light_control_sdk/devices/LPC845/utilities/debug_console_lite/fsl_debug_console.c.obj
                0x00002134                DbgConsole_Printf
 *fill*         0x00002166        0x2 
 .text.DbgConsole_Vprintf
                0x00002168       0x40 CMakeFiles/new_project.elf.dir/Users/lorenzo.poggi/Documents/GitHub/curso-lse/workspace_lpc845/sdks/03_light_control_sdk/devices/LPC845/utilities/debug_console_lite/fsl_debug_console.c.obj
                0x00002168                DbgConsole_Vprintf
 .text.DbgConsole_Putchar
                0x000021a8       0x30 CMakeFiles/new_project.elf.dir/Users/lorenzo.poggi/Documents/GitHub/curso-lse/workspace_lpc845/sdks/03_light_control_sdk/devices/LPC845/utilities/debug_console_lite/fsl_debug_console.c.obj
                0x000021a8                DbgConsole_Putchar
 .text.DbgConsole_PrintfPaddingCharacter
                0x000021d8       0x48 CMakeFiles/new_project.elf.dir/Users/lorenzo.poggi/Documents/GitHub/curso-lse/workspace_lpc845/sdks/03_light_control_sdk/devices/LPC845/utilities/debug_console_lite/fsl_debug_console.c.obj
 .text.DbgConsole_ConvertRadixNumToString
                0x00002220       0xc2 CMakeFiles/new_project.elf.dir/Users/lorenzo.poggi/Documents/GitHub/curso-lse/workspace_lpc845/sdks/03_light_control_sdk/devices/LPC845/utilities/debug_console_lite/fsl_debug_console.c.obj
 .text.DbgConsole_PrintfFormattedData
                0x000022e2      0x3da CMakeFiles/new_project.elf.dir/Users/lorenzo.poggi/Documents/GitHub/curso-lse/workspace_lpc845/sdks/03_light_control_sdk/devices/LPC845/utilities/debug_console_lite/fsl_debug_console.c.obj
 .text.__aeabi_ddiv
                0x000026bc      0x604 /Users/lorenzo.poggi/.mcuxpressotools/arm-gnu-toolchain-13.2.Rel1-darwin-arm64-arm-none-eabi/bin/../lib/gcc/arm-none-eabi/13.2.1/thumb/v6-m/nofp/libgcc.a(divdf3.o)
                0x000026bc                __aeabi_ddiv
 .text.__aeabi_d2iz
                0x00002cc0       0x78 /Users/lorenzo.poggi/.mcuxpressotools/arm-gnu-toolchain-13.2.Rel1-darwin-arm64-arm-none-eabi/bin/../lib/gcc/arm-none-eabi/13.2.1/thumb/v6-m/nofp/libgcc.a(fixdfsi.o)
                0x00002cc0                __aeabi_d2iz
 .text.__aeabi_i2d
                0x00002d38       0x5c /Users/lorenzo.poggi/.mcuxpressotools/arm-gnu-toolchain-13.2.Rel1-darwin-arm64-arm-none-eabi/bin/../lib/gcc/arm-none-eabi/13.2.1/thumb/v6-m/nofp/libgcc.a(floatsidf.o)
                0x00002d38                __aeabi_i2d
 .text.exit     0x00002d94       0x28 /Users/lorenzo.poggi/.mcuxpressotools/arm-gnu-toolchain-13.2.Rel1-darwin-arm64-arm-none-eabi/bin/../lib/gcc/arm-none-eabi/13.2.1/../../../../arm-none-eabi/lib/thumb/v6-m/nofp/libc_nano.a(libc_a-exit.o)
                0x00002d94                exit
 .text.memset   0x00002dbc       0x10 /Users/lorenzo.poggi/.mcuxpressotools/arm-gnu-toolchain-13.2.Rel1-darwin-arm64-arm-none-eabi/bin/../lib/gcc/arm-none-eabi/13.2.1/../../../../arm-none-eabi/lib/thumb/v6-m/nofp/libc_nano.a(libc_a-memset.o)
                0x00002dbc                memset
 .text.__libc_init_array
                0x00002dcc       0x48 /Users/lorenzo.poggi/.mcuxpressotools/arm-gnu-toolchain-13.2.Rel1-darwin-arm64-arm-none-eabi/bin/../lib/gcc/arm-none-eabi/13.2.1/../../../../arm-none-eabi/lib/thumb/v6-m/nofp/libc_nano.a(libc_a-init.o)
                0x00002dcc                __libc_init_array
 .text.memcpy   0x00002e14       0x12 /Users/lorenzo.poggi/.mcuxpressotools/arm-gnu-toolchain-13.2.Rel1-darwin-arm64-arm-none-eabi/bin/../lib/gcc/arm-none-eabi/13.2.1/../../../../arm-none-eabi/lib/thumb/v6-m/nofp/libc_nano.a(libc_a-memcpy-stub.o)
                0x00002e14                memcpy
 .text._exit    0x00002e26        0x2 /Users/lorenzo.poggi/.mcuxpressotools/arm-gnu-toolchain-13.2.Rel1-darwin-arm64-arm-none-eabi/bin/../lib/gcc/arm-none-eabi/13.2.1/../../../../arm-none-eabi/lib/thumb/v6-m/nofp/libcr_newlib_nohost.a(_exit.o)
                0x00002e26                _exit
 *(.rodata)
 .rodata        0x00002e28        0xc CMakeFiles/new_project.elf.dir/Users/lorenzo.poggi/Documents/GitHub/curso-lse/workspace_lpc845/03_light_control/main.c.obj
 .rodata        0x00002e34       0x76 CMakeFiles/new_project.elf.dir/Users/lorenzo.poggi/Documents/GitHub/curso-lse/workspace_lpc845/03_light_control/board.c.obj
 *fill*         0x00002eaa        0x2 
 .rodata        0x00002eac       0x8c CMakeFiles/new_project.elf.dir/Users/lorenzo.poggi/Documents/GitHub/curso-lse/workspace_lpc845/03_light_control/clock_config.c.obj
 .rodata        0x00002f38      0x11f CMakeFiles/new_project.elf.dir/Users/lorenzo.poggi/Documents/GitHub/curso-lse/workspace_lpc845/sdks/03_light_control_sdk/components/uart/fsl_adapter_miniusart.c.obj
 *fill*         0x00003057        0x1 
 .rodata        0x00003058       0xe0 CMakeFiles/new_project.elf.dir/Users/lorenzo.poggi/Documents/GitHub/curso-lse/workspace_lpc845/sdks/03_light_control_sdk/devices/LPC845/drivers/fsl_clock.c.obj
 .rodata        0x00003138       0xa1 CMakeFiles/new_project.elf.dir/Users/lorenzo.poggi/Documents/GitHub/curso-lse/workspace_lpc845/sdks/03_light_control_sdk/devices/LPC845/drivers/fsl_gpio.c.obj
 *fill*         0x000031d9        0x3 
 .rodata        0x000031dc      0x13c CMakeFiles/new_project.elf.dir/Users/lorenzo.poggi/Documents/GitHub/curso-lse/workspace_lpc845/sdks/03_light_control_sdk/devices/LPC845/drivers/fsl_i2c.c.obj
 .rodata        0x00003318      0x2bf CMakeFiles/new_project.elf.dir/Users/lorenzo.poggi/Documents/GitHub/curso-lse/workspace_lpc845/sdks/03_light_control_sdk/devices/LPC845/drivers/fsl_usart.c.obj
 *fill*         0x000035d7        0x1 
 .rodata        0x000035d8       0x8e CMakeFiles/new_project.elf.dir/Users/lorenzo.poggi/Documents/GitHub/curso-lse/workspace_lpc845/sdks/03_light_control_sdk/devices/LPC845/drivers/fsl_reset.c.obj
 *fill*         0x00003666        0x2 
 .rodata        0x00003668       0xaa CMakeFiles/new_project.elf.dir/Users/lorenzo.poggi/Documents/GitHub/curso-lse/workspace_lpc845/sdks/03_light_control_sdk/devices/LPC845/drivers/fsl_swm.c.obj
 *fill*         0x00003712        0x2 
 .rodata        0x00003714       0x3e CMakeFiles/new_project.elf.dir/Users/lorenzo.poggi/Documents/GitHub/curso-lse/workspace_lpc845/sdks/03_light_control_sdk/devices/LPC845/utilities/debug_console_lite/fsl_assert.c.obj
 *(.rodata*)
 *fill*         0x00003752        0x2 
 .rodata.__func__.0
                0x00003754       0x17 CMakeFiles/new_project.elf.dir/Users/lorenzo.poggi/Documents/GitHub/curso-lse/workspace_lpc845/03_light_control/board.c.obj
 *fill*         0x0000376b        0x1 
 .rodata.__func__.0
                0x0000376c       0x17 CMakeFiles/new_project.elf.dir/Users/lorenzo.poggi/Documents/GitHub/curso-lse/workspace_lpc845/03_light_control/clock_config.c.obj
 *fill*         0x00003783        0x1 
 .rodata.s_UsartAdapterBase
                0x00003784       0x14 CMakeFiles/new_project.elf.dir/Users/lorenzo.poggi/Documents/GitHub/curso-lse/workspace_lpc845/sdks/03_light_control_sdk/components/uart/fsl_adapter_miniusart.c.obj
 .rodata.__func__.5
                0x00003798        0xd CMakeFiles/new_project.elf.dir/Users/lorenzo.poggi/Documents/GitHub/curso-lse/workspace_lpc845/sdks/03_light_control_sdk/components/uart/fsl_adapter_miniusart.c.obj
 *fill*         0x000037a5        0x3 
 .rodata.__func__.3
                0x000037a8       0x18 CMakeFiles/new_project.elf.dir/Users/lorenzo.poggi/Documents/GitHub/curso-lse/workspace_lpc845/sdks/03_light_control_sdk/components/uart/fsl_adapter_miniusart.c.obj
 .rodata.__func__.2
                0x000037c0       0x15 CMakeFiles/new_project.elf.dir/Users/lorenzo.poggi/Documents/GitHub/curso-lse/workspace_lpc845/sdks/03_light_control_sdk/components/uart/fsl_adapter_miniusart.c.obj
 *fill*         0x000037d5        0x3 
 .rodata.__func__.2
                0x000037d8       0x13 CMakeFiles/new_project.elf.dir/Users/lorenzo.poggi/Documents/GitHub/curso-lse/workspace_lpc845/sdks/03_light_control_sdk/devices/LPC845/drivers/fsl_clock.c.obj
 *fill*         0x000037eb        0x1 
 .rodata.s_gpioClockName
                0x000037ec        0x4 CMakeFiles/new_project.elf.dir/Users/lorenzo.poggi/Documents/GitHub/curso-lse/workspace_lpc845/sdks/03_light_control_sdk/devices/LPC845/drivers/fsl_gpio.c.obj
 .rodata.s_gpioResets
                0x000037f0        0x8 CMakeFiles/new_project.elf.dir/Users/lorenzo.poggi/Documents/GitHub/curso-lse/workspace_lpc845/sdks/03_light_control_sdk/devices/LPC845/drivers/fsl_gpio.c.obj
 .rodata.__func__.0
                0x000037f8       0x15 CMakeFiles/new_project.elf.dir/Users/lorenzo.poggi/Documents/GitHub/curso-lse/workspace_lpc845/sdks/03_light_control_sdk/devices/LPC845/drivers/fsl_gpio.c.obj
 *fill*         0x0000380d        0x3 
 .rodata.s_i2cBases
                0x00003810       0x10 CMakeFiles/new_project.elf.dir/Users/lorenzo.poggi/Documents/GitHub/curso-lse/workspace_lpc845/sdks/03_light_control_sdk/devices/LPC845/drivers/fsl_i2c.c.obj
 .rodata.s_i2cClocks
                0x00003820        0x8 CMakeFiles/new_project.elf.dir/Users/lorenzo.poggi/Documents/GitHub/curso-lse/workspace_lpc845/sdks/03_light_control_sdk/devices/LPC845/drivers/fsl_i2c.c.obj
 .rodata.s_i2cResets
                0x00003828       0x10 CMakeFiles/new_project.elf.dir/Users/lorenzo.poggi/Documents/GitHub/curso-lse/workspace_lpc845/sdks/03_light_control_sdk/devices/LPC845/drivers/fsl_i2c.c.obj
 .rodata.__func__.12
                0x00003838       0x10 CMakeFiles/new_project.elf.dir/Users/lorenzo.poggi/Documents/GitHub/curso-lse/workspace_lpc845/sdks/03_light_control_sdk/devices/LPC845/drivers/fsl_i2c.c.obj
 .rodata.__func__.11
                0x00003848       0x18 CMakeFiles/new_project.elf.dir/Users/lorenzo.poggi/Documents/GitHub/curso-lse/workspace_lpc845/sdks/03_light_control_sdk/devices/LPC845/drivers/fsl_i2c.c.obj
 .rodata.__func__.10
                0x00003860       0x17 CMakeFiles/new_project.elf.dir/Users/lorenzo.poggi/Documents/GitHub/curso-lse/workspace_lpc845/sdks/03_light_control_sdk/devices/LPC845/drivers/fsl_i2c.c.obj
 *fill*         0x00003877        0x1 
 .rodata.s_usartBaseAddrs
                0x00003878       0x14 CMakeFiles/new_project.elf.dir/Users/lorenzo.poggi/Documents/GitHub/curso-lse/workspace_lpc845/sdks/03_light_control_sdk/devices/LPC845/drivers/fsl_usart.c.obj
 .rodata.s_usartClock
                0x0000388c        0xa CMakeFiles/new_project.elf.dir/Users/lorenzo.poggi/Documents/GitHub/curso-lse/workspace_lpc845/sdks/03_light_control_sdk/devices/LPC845/drivers/fsl_usart.c.obj
 *fill*         0x00003896        0x2 
 .rodata.s_usartRest
                0x00003898       0x14 CMakeFiles/new_project.elf.dir/Users/lorenzo.poggi/Documents/GitHub/curso-lse/workspace_lpc845/sdks/03_light_control_sdk/devices/LPC845/drivers/fsl_usart.c.obj
 .rodata.__func__.18
                0x000038ac       0x12 CMakeFiles/new_project.elf.dir/Users/lorenzo.poggi/Documents/GitHub/curso-lse/workspace_lpc845/sdks/03_light_control_sdk/devices/LPC845/drivers/fsl_usart.c.obj
 *fill*         0x000038be        0x2 
 .rodata.__func__.13
                0x000038c0        0xb CMakeFiles/new_project.elf.dir/Users/lorenzo.poggi/Documents/GitHub/curso-lse/workspace_lpc845/sdks/03_light_control_sdk/devices/LPC845/drivers/fsl_usart.c.obj
 *fill*         0x000038cb        0x1 
 .rodata.__func__.11
                0x000038cc       0x17 CMakeFiles/new_project.elf.dir/Users/lorenzo.poggi/Documents/GitHub/curso-lse/workspace_lpc845/sdks/03_light_control_sdk/devices/LPC845/drivers/fsl_usart.c.obj
 *fill*         0x000038e3        0x1 
 .rodata.__func__.10
                0x000038e4       0x12 CMakeFiles/new_project.elf.dir/Users/lorenzo.poggi/Documents/GitHub/curso-lse/workspace_lpc845/sdks/03_light_control_sdk/devices/LPC845/drivers/fsl_usart.c.obj
 *fill*         0x000038f6        0x2 
 .rodata.__func__.9
                0x000038f8       0x14 CMakeFiles/new_project.elf.dir/Users/lorenzo.poggi/Documents/GitHub/curso-lse/workspace_lpc845/sdks/03_light_control_sdk/devices/LPC845/drivers/fsl_usart.c.obj
 .rodata.__func__.8
                0x0000390c       0x13 CMakeFiles/new_project.elf.dir/Users/lorenzo.poggi/Documents/GitHub/curso-lse/workspace_lpc845/sdks/03_light_control_sdk/devices/LPC845/drivers/fsl_usart.c.obj
 *fill*         0x0000391f        0x1 
 .rodata.__func__.1
                0x00003920       0x19 CMakeFiles/new_project.elf.dir/Users/lorenzo.poggi/Documents/GitHub/curso-lse/workspace_lpc845/sdks/03_light_control_sdk/devices/LPC845/drivers/fsl_reset.c.obj
 *fill*         0x00003939        0x3 
 .rodata.__func__.0
                0x0000393c       0x1b CMakeFiles/new_project.elf.dir/Users/lorenzo.poggi/Documents/GitHub/curso-lse/workspace_lpc845/sdks/03_light_control_sdk/devices/LPC845/drivers/fsl_reset.c.obj
 *fill*         0x00003957        0x1 
 .rodata.__func__.1
                0x00003958       0x18 CMakeFiles/new_project.elf.dir/Users/lorenzo.poggi/Documents/GitHub/curso-lse/workspace_lpc845/sdks/03_light_control_sdk/devices/LPC845/drivers/fsl_swm.c.obj
 .rodata.__aeabi_ddiv
                0x00003970       0x40 /Users/lorenzo.poggi/.mcuxpressotools/arm-gnu-toolchain-13.2.Rel1-darwin-arm64-arm-none-eabi/bin/../lib/gcc/arm-none-eabi/13.2.1/thumb/v6-m/nofp/libgcc.a(divdf3.o)
 *(.glue_7)
 .glue_7        0x000039b0        0x0 linker stubs
 *(.glue_7t)
 .glue_7t       0x000039b0        0x0 linker stubs
 *(.eh_frame)
 .eh_frame      0x000039b0        0x0 /Users/lorenzo.poggi/.mcuxpressotools/arm-gnu-toolchain-13.2.Rel1-darwin-arm64-arm-none-eabi/bin/../lib/gcc/arm-none-eabi/13.2.1/thumb/v6-m/nofp/crtbegin.o
 *(.init)
 .init          0x000039b0        0x4 /Users/lorenzo.poggi/.mcuxpressotools/arm-gnu-toolchain-13.2.Rel1-darwin-arm64-arm-none-eabi/bin/../lib/gcc/arm-none-eabi/13.2.1/thumb/v6-m/nofp/crti.o
                0x000039b0                _init
 .init          0x000039b4        0x8 /Users/lorenzo.poggi/.mcuxpressotools/arm-gnu-toolchain-13.2.Rel1-darwin-arm64-arm-none-eabi/bin/../lib/gcc/arm-none-eabi/13.2.1/thumb/v6-m/nofp/crtn.o
 *(.fini)
 .fini          0x000039bc        0x4 /Users/lorenzo.poggi/.mcuxpressotools/arm-gnu-toolchain-13.2.Rel1-darwin-arm64-arm-none-eabi/bin/../lib/gcc/arm-none-eabi/13.2.1/thumb/v6-m/nofp/crti.o
                0x000039bc                _fini
 .fini          0x000039c0        0x8 /Users/lorenzo.poggi/.mcuxpressotools/arm-gnu-toolchain-13.2.Rel1-darwin-arm64-arm-none-eabi/bin/../lib/gcc/arm-none-eabi/13.2.1/thumb/v6-m/nofp/crtn.o
                0x000039c8                        . = ALIGN (0x4)

.vfp11_veneer   0x000039c8        0x0
 .vfp11_veneer  0x000039c8        0x0 linker stubs

.v4_bx          0x000039c8        0x0
 .v4_bx         0x000039c8        0x0 linker stubs

.iplt           0x000039c8        0x0
 .iplt          0x000039c8        0x0 /Users/lorenzo.poggi/.mcuxpressotools/arm-gnu-toolchain-13.2.Rel1-darwin-arm64-arm-none-eabi/bin/../lib/gcc/arm-none-eabi/13.2.1/thumb/v6-m/nofp/crtbegin.o

.ARM.extab
 *(.ARM.extab* .gnu.linkonce.armextab.*)

.ARM            0x000039c8        0x8
                0x000039c8                        __exidx_start = .
 *(.ARM.exidx*)
 .ARM.exidx     0x000039c8        0x8 /Users/lorenzo.poggi/.mcuxpressotools/arm-gnu-toolchain-13.2.Rel1-darwin-arm64-arm-none-eabi/bin/../lib/gcc/arm-none-eabi/13.2.1/../../../../arm-none-eabi/lib/thumb/v6-m/nofp/crt0.o
                                 0x10 (size before relaxing)
                0x000039d0                        __exidx_end = .

.rel.dyn        0x000039d0        0x0
 .rel.iplt      0x000039d0        0x0 /Users/lorenzo.poggi/.mcuxpressotools/arm-gnu-toolchain-13.2.Rel1-darwin-arm64-arm-none-eabi/bin/../lib/gcc/arm-none-eabi/13.2.1/thumb/v6-m/nofp/crtbegin.o

.ctors          0x000039d0        0x0
                0x000039d0                        __CTOR_LIST__ = .
 *crtbegin.o(.ctors)
 *crtbegin?.o(.ctors)
 *(EXCLUDE_FILE(*crtend.o *crtend?.o) .ctors)
 *(SORT_BY_NAME(.ctors.*))
 *(.ctors)
                0x000039d0                        __CTOR_END__ = .

.dtors          0x000039d0        0x0
                0x000039d0                        __DTOR_LIST__ = .
 *crtbegin.o(.dtors)
 *crtbegin?.o(.dtors)
 *(EXCLUDE_FILE(*crtend.o *crtend?.o) .dtors)
 *(SORT_BY_NAME(.dtors.*))
 *(.dtors)
                0x000039d0                        __DTOR_END__ = .

.preinit_array  0x000039d0        0x0
                0x000039d0                        PROVIDE (__preinit_array_start = .)
 *(.preinit_array*)
                0x000039d0                        PROVIDE (__preinit_array_end = .)

.init_array     0x000039d0        0x4
                0x000039d0                        PROVIDE (__init_array_start = .)
 *(SORT_BY_NAME(.init_array.*))
 *(.init_array*)
 .init_array    0x000039d0        0x4 /Users/lorenzo.poggi/.mcuxpressotools/arm-gnu-toolchain-13.2.Rel1-darwin-arm64-arm-none-eabi/bin/../lib/gcc/arm-none-eabi/13.2.1/thumb/v6-m/nofp/crtbegin.o
                0x000039d4                        PROVIDE (__init_array_end = .)

.fini_array     0x000039d4        0x4
                [!provide]                        PROVIDE (__fini_array_start = .)
 *(SORT_BY_NAME(.fini_array.*))
 *(.fini_array*)
 .fini_array    0x000039d4        0x4 /Users/lorenzo.poggi/.mcuxpressotools/arm-gnu-toolchain-13.2.Rel1-darwin-arm64-arm-none-eabi/bin/../lib/gcc/arm-none-eabi/13.2.1/thumb/v6-m/nofp/crtbegin.o
                [!provide]                        PROVIDE (__fini_array_end = .)
                0x000039d8                        __etext = .
                0x000039d8                        __DATA_ROM = .

.data           0x10000000        0x4 load address 0x000039d8
                0x10000000                        . = ALIGN (0x4)
                0x10000000                        __DATA_RAM = .
                0x10000000                        __data_start__ = .
 *(.ramfunc*)
 *(.data)
 *(.data*)
 .data.SystemCoreClock
                0x10000000        0x4 CMakeFiles/new_project.elf.dir/Users/lorenzo.poggi/Documents/GitHub/curso-lse/workspace_lpc845/sdks/03_light_control_sdk/devices/LPC845/system_LPC845.c.obj
                0x10000000                SystemCoreClock
 *(.jcr*)
                0x10000004                        . = ALIGN (0x4)
                0x10000004                        __data_end__ = .
                0x000039dc                        __DATA_END = (__DATA_ROM + (__data_end__ - __data_start__))
                0x00010000                        text_end = (ORIGIN (m_text) + LENGTH (m_text))
                0x00000001                        ASSERT ((__DATA_END <= text_end), region m_text overflowed with text and data)

.tm_clone_table
                0x10000004        0x0 load address 0x000039dc
 .tm_clone_table
                0x10000004        0x0 /Users/lorenzo.poggi/.mcuxpressotools/arm-gnu-toolchain-13.2.Rel1-darwin-arm64-arm-none-eabi/bin/../lib/gcc/arm-none-eabi/13.2.1/thumb/v6-m/nofp/crtbegin.o
 .tm_clone_table
                0x10000004        0x0 /Users/lorenzo.poggi/.mcuxpressotools/arm-gnu-toolchain-13.2.Rel1-darwin-arm64-arm-none-eabi/bin/../lib/gcc/arm-none-eabi/13.2.1/thumb/v6-m/nofp/crtend.o

.igot.plt       0x10000004        0x0 load address 0x000039dc
 .igot.plt      0x10000004        0x0 /Users/lorenzo.poggi/.mcuxpressotools/arm-gnu-toolchain-13.2.Rel1-darwin-arm64-arm-none-eabi/bin/../lib/gcc/arm-none-eabi/13.2.1/thumb/v6-m/nofp/crtbegin.o

.bss            0x10000004       0x6c load address 0x000039dc
                0x10000004                        . = ALIGN (0x4)
                0x10000004                        __START_BSS = .
                0x10000004                        __bss_start__ = .
 *(.bss)
 *(.bss*)
 .bss.completed.1
                0x10000004        0x1 /Users/lorenzo.poggi/.mcuxpressotools/arm-gnu-toolchain-13.2.Rel1-darwin-arm64-arm-none-eabi/bin/../lib/gcc/arm-none-eabi/13.2.1/thumb/v6-m/nofp/crtbegin.o
 *fill*         0x10000005        0x3 
 .bss.object.0  0x10000008       0x18 /Users/lorenzo.poggi/.mcuxpressotools/arm-gnu-toolchain-13.2.Rel1-darwin-arm64-arm-none-eabi/bin/../lib/gcc/arm-none-eabi/13.2.1/thumb/v6-m/nofp/crtbegin.o
 .bss.g_Ext_Clk_Freq
                0x10000020        0x4 CMakeFiles/new_project.elf.dir/Users/lorenzo.poggi/Documents/GitHub/curso-lse/workspace_lpc845/sdks/03_light_control_sdk/devices/LPC845/drivers/fsl_clock.c.obj
                0x10000020                g_Ext_Clk_Freq
 .bss.g_Wdt_Osc_Freq
                0x10000024        0x4 CMakeFiles/new_project.elf.dir/Users/lorenzo.poggi/Documents/GitHub/curso-lse/workspace_lpc845/sdks/03_light_control_sdk/devices/LPC845/drivers/fsl_clock.c.obj
                0x10000024                g_Wdt_Osc_Freq
 .bss.s_i2cHandle
                0x10000028       0x10 CMakeFiles/new_project.elf.dir/Users/lorenzo.poggi/Documents/GitHub/curso-lse/workspace_lpc845/sdks/03_light_control_sdk/devices/LPC845/drivers/fsl_i2c.c.obj
 .bss.s_i2cMasterIsr
                0x10000038        0x4 CMakeFiles/new_project.elf.dir/Users/lorenzo.poggi/Documents/GitHub/curso-lse/workspace_lpc845/sdks/03_light_control_sdk/devices/LPC845/drivers/fsl_i2c.c.obj
 .bss.s_i2cSlaveIsr
                0x1000003c        0x4 CMakeFiles/new_project.elf.dir/Users/lorenzo.poggi/Documents/GitHub/curso-lse/workspace_lpc845/sdks/03_light_control_sdk/devices/LPC845/drivers/fsl_i2c.c.obj
 .bss.s_usartHandle
                0x10000040       0x14 CMakeFiles/new_project.elf.dir/Users/lorenzo.poggi/Documents/GitHub/curso-lse/workspace_lpc845/sdks/03_light_control_sdk/devices/LPC845/drivers/fsl_usart.c.obj
 .bss.s_usartIsr
                0x10000054        0x4 CMakeFiles/new_project.elf.dir/Users/lorenzo.poggi/Documents/GitHub/curso-lse/workspace_lpc845/sdks/03_light_control_sdk/devices/LPC845/drivers/fsl_usart.c.obj
 .bss.s_debugConsole
                0x10000058       0x14 CMakeFiles/new_project.elf.dir/Users/lorenzo.poggi/Documents/GitHub/curso-lse/workspace_lpc845/sdks/03_light_control_sdk/devices/LPC845/utilities/debug_console_lite/fsl_debug_console.c.obj
 .bss.__stdio_exit_handler
                0x1000006c        0x4 /Users/lorenzo.poggi/.mcuxpressotools/arm-gnu-toolchain-13.2.Rel1-darwin-arm64-arm-none-eabi/bin/../lib/gcc/arm-none-eabi/13.2.1/../../../../arm-none-eabi/lib/thumb/v6-m/nofp/libc_nano.a(libc_a-findfp.o)
                0x1000006c                __stdio_exit_handler
 *(COMMON)
                0x10000070                        . = ALIGN (0x4)
                0x10000070                        __bss_end__ = .
                0x10000070                        __END_BSS = .

.heap           0x10000070      0x400 load address 0x00003a48
                0x10000070                        . = ALIGN (0x8)
                0x10000070                        __end__ = .
                0x10000070                        PROVIDE (end = .)
                0x10000070                        __HeapBase = .
                0x10000470                        . = (. + HEAP_SIZE)
 *fill*         0x10000070      0x400 
                0x10000470                        __HeapLimit = .
                0x10000470                        __heap_limit = .

.stack          0x10000470      0x800 load address 0x00003e48
                0x10000470                        . = ALIGN (0x8)
                0x10000c70                        . = (. + STACK_SIZE)
 *fill*         0x10000470      0x800 
                0x10003fe0                        __StackTop = (ORIGIN (m_data) + LENGTH (m_data))
                0x100037e0                        __StackLimit = (__StackTop - STACK_SIZE)
                0x10003fe0                        PROVIDE (__stack = __StackTop)

.ARM.attributes
                0x00000000       0x28
 *(.ARM.attributes)
 .ARM.attributes
                0x00000000       0x1e /Users/lorenzo.poggi/.mcuxpressotools/arm-gnu-toolchain-13.2.Rel1-darwin-arm64-arm-none-eabi/bin/../lib/gcc/arm-none-eabi/13.2.1/thumb/v6-m/nofp/crti.o
 .ARM.attributes
                0x0000001e       0x2c /Users/lorenzo.poggi/.mcuxpressotools/arm-gnu-toolchain-13.2.Rel1-darwin-arm64-arm-none-eabi/bin/../lib/gcc/arm-none-eabi/13.2.1/thumb/v6-m/nofp/crtbegin.o
 .ARM.attributes
                0x0000004a       0x1b /Users/lorenzo.poggi/.mcuxpressotools/arm-gnu-toolchain-13.2.Rel1-darwin-arm64-arm-none-eabi/bin/../lib/gcc/arm-none-eabi/13.2.1/../../../../arm-none-eabi/lib/thumb/v6-m/nofp/crt0.o
 .ARM.attributes
                0x00000065       0x2c CMakeFiles/new_project.elf.dir/Users/lorenzo.poggi/Documents/GitHub/curso-lse/workspace_lpc845/03_light_control/main.c.obj
 .ARM.attributes
                0x00000091       0x2c CMakeFiles/new_project.elf.dir/Users/lorenzo.poggi/Documents/GitHub/curso-lse/workspace_lpc845/03_light_control/board.c.obj
 .ARM.attributes
                0x000000bd       0x2c CMakeFiles/new_project.elf.dir/Users/lorenzo.poggi/Documents/GitHub/curso-lse/workspace_lpc845/03_light_control/clock_config.c.obj
 .ARM.attributes
                0x000000e9       0x2c CMakeFiles/new_project.elf.dir/Users/lorenzo.poggi/Documents/GitHub/curso-lse/workspace_lpc845/sdks/03_light_control_sdk/components/uart/fsl_adapter_miniusart.c.obj
 .ARM.attributes
                0x00000115       0x1b CMakeFiles/new_project.elf.dir/Users/lorenzo.poggi/Documents/GitHub/curso-lse/workspace_lpc845/sdks/03_light_control_sdk/devices/LPC845/gcc/startup_LPC845.S.obj
 .ARM.attributes
                0x00000130       0x2c CMakeFiles/new_project.elf.dir/Users/lorenzo.poggi/Documents/GitHub/curso-lse/workspace_lpc845/sdks/03_light_control_sdk/devices/LPC845/system_LPC845.c.obj
 .ARM.attributes
                0x0000015c       0x2c CMakeFiles/new_project.elf.dir/Users/lorenzo.poggi/Documents/GitHub/curso-lse/workspace_lpc845/sdks/03_light_control_sdk/devices/LPC845/drivers/fsl_clock.c.obj
 .ARM.attributes
                0x00000188       0x2c CMakeFiles/new_project.elf.dir/Users/lorenzo.poggi/Documents/GitHub/curso-lse/workspace_lpc845/sdks/03_light_control_sdk/devices/LPC845/drivers/fsl_gpio.c.obj
 .ARM.attributes
                0x000001b4       0x2c CMakeFiles/new_project.elf.dir/Users/lorenzo.poggi/Documents/GitHub/curso-lse/workspace_lpc845/sdks/03_light_control_sdk/devices/LPC845/drivers/fsl_i2c.c.obj
 .ARM.attributes
                0x000001e0       0x2c CMakeFiles/new_project.elf.dir/Users/lorenzo.poggi/Documents/GitHub/curso-lse/workspace_lpc845/sdks/03_light_control_sdk/devices/LPC845/drivers/fsl_usart.c.obj
 .ARM.attributes
                0x0000020c       0x2c CMakeFiles/new_project.elf.dir/Users/lorenzo.poggi/Documents/GitHub/curso-lse/workspace_lpc845/sdks/03_light_control_sdk/devices/LPC845/drivers/fsl_reset.c.obj
 .ARM.attributes
                0x00000238       0x2c CMakeFiles/new_project.elf.dir/Users/lorenzo.poggi/Documents/GitHub/curso-lse/workspace_lpc845/sdks/03_light_control_sdk/devices/LPC845/drivers/fsl_swm.c.obj
 .ARM.attributes
                0x00000264       0x2c CMakeFiles/new_project.elf.dir/Users/lorenzo.poggi/Documents/GitHub/curso-lse/workspace_lpc845/sdks/03_light_control_sdk/devices/LPC845/utilities/debug_console_lite/fsl_assert.c.obj
 .ARM.attributes
                0x00000290       0x2c CMakeFiles/new_project.elf.dir/Users/lorenzo.poggi/Documents/GitHub/curso-lse/workspace_lpc845/sdks/03_light_control_sdk/devices/LPC845/utilities/debug_console_lite/fsl_debug_console.c.obj
 .ARM.attributes
                0x000002bc       0x1e /Users/lorenzo.poggi/.mcuxpressotools/arm-gnu-toolchain-13.2.Rel1-darwin-arm64-arm-none-eabi/bin/../lib/gcc/arm-none-eabi/13.2.1/thumb/v6-m/nofp/libgcc.a(_udivsi3.o)
 .ARM.attributes
                0x000002da       0x1e /Users/lorenzo.poggi/.mcuxpressotools/arm-gnu-toolchain-13.2.Rel1-darwin-arm64-arm-none-eabi/bin/../lib/gcc/arm-none-eabi/13.2.1/thumb/v6-m/nofp/libgcc.a(_dvmd_tls.o)
 .ARM.attributes
                0x000002f8       0x2c /Users/lorenzo.poggi/.mcuxpressotools/arm-gnu-toolchain-13.2.Rel1-darwin-arm64-arm-none-eabi/bin/../lib/gcc/arm-none-eabi/13.2.1/thumb/v6-m/nofp/libgcc.a(divdf3.o)
 .ARM.attributes
                0x00000324       0x2c /Users/lorenzo.poggi/.mcuxpressotools/arm-gnu-toolchain-13.2.Rel1-darwin-arm64-arm-none-eabi/bin/../lib/gcc/arm-none-eabi/13.2.1/thumb/v6-m/nofp/libgcc.a(fixdfsi.o)
 .ARM.attributes
                0x00000350       0x2c /Users/lorenzo.poggi/.mcuxpressotools/arm-gnu-toolchain-13.2.Rel1-darwin-arm64-arm-none-eabi/bin/../lib/gcc/arm-none-eabi/13.2.1/thumb/v6-m/nofp/libgcc.a(floatsidf.o)
 .ARM.attributes
                0x0000037c       0x1e /Users/lorenzo.poggi/.mcuxpressotools/arm-gnu-toolchain-13.2.Rel1-darwin-arm64-arm-none-eabi/bin/../lib/gcc/arm-none-eabi/13.2.1/thumb/v6-m/nofp/libgcc.a(_clzsi2.o)
 .ARM.attributes
                0x0000039a       0x2c /Users/lorenzo.poggi/.mcuxpressotools/arm-gnu-toolchain-13.2.Rel1-darwin-arm64-arm-none-eabi/bin/../lib/gcc/arm-none-eabi/13.2.1/../../../../arm-none-eabi/lib/thumb/v6-m/nofp/libc_nano.a(libc_a-exit.o)
 .ARM.attributes
                0x000003c6       0x2c /Users/lorenzo.poggi/.mcuxpressotools/arm-gnu-toolchain-13.2.Rel1-darwin-arm64-arm-none-eabi/bin/../lib/gcc/arm-none-eabi/13.2.1/../../../../arm-none-eabi/lib/thumb/v6-m/nofp/libc_nano.a(libc_a-findfp.o)
 .ARM.attributes
                0x000003f2       0x2c /Users/lorenzo.poggi/.mcuxpressotools/arm-gnu-toolchain-13.2.Rel1-darwin-arm64-arm-none-eabi/bin/../lib/gcc/arm-none-eabi/13.2.1/../../../../arm-none-eabi/lib/thumb/v6-m/nofp/libc_nano.a(libc_a-memset.o)
 .ARM.attributes
                0x0000041e       0x2c /Users/lorenzo.poggi/.mcuxpressotools/arm-gnu-toolchain-13.2.Rel1-darwin-arm64-arm-none-eabi/bin/../lib/gcc/arm-none-eabi/13.2.1/../../../../arm-none-eabi/lib/thumb/v6-m/nofp/libc_nano.a(libc_a-init.o)
 .ARM.attributes
                0x0000044a       0x2c /Users/lorenzo.poggi/.mcuxpressotools/arm-gnu-toolchain-13.2.Rel1-darwin-arm64-arm-none-eabi/bin/../lib/gcc/arm-none-eabi/13.2.1/../../../../arm-none-eabi/lib/thumb/v6-m/nofp/libc_nano.a(libc_a-memcpy-stub.o)
 .ARM.attributes
                0x00000476       0x1c /Users/lorenzo.poggi/.mcuxpressotools/arm-gnu-toolchain-13.2.Rel1-darwin-arm64-arm-none-eabi/bin/../lib/gcc/arm-none-eabi/13.2.1/../../../../arm-none-eabi/lib/thumb/v6-m/nofp/libc_nano.a(libc_a-strlen.o)
 .ARM.attributes
                0x00000492       0x2c /Users/lorenzo.poggi/.mcuxpressotools/arm-gnu-toolchain-13.2.Rel1-darwin-arm64-arm-none-eabi/bin/../lib/gcc/arm-none-eabi/13.2.1/../../../../arm-none-eabi/lib/thumb/v6-m/nofp/libcr_newlib_nohost.a(_exit.o)
 .ARM.attributes
                0x000004be       0x2c /Users/lorenzo.poggi/.mcuxpressotools/arm-gnu-toolchain-13.2.Rel1-darwin-arm64-arm-none-eabi/bin/../lib/gcc/arm-none-eabi/13.2.1/thumb/v6-m/nofp/crtend.o
 .ARM.attributes
                0x000004ea       0x1e /Users/lorenzo.poggi/.mcuxpressotools/arm-gnu-toolchain-13.2.Rel1-darwin-arm64-arm-none-eabi/bin/../lib/gcc/arm-none-eabi/13.2.1/thumb/v6-m/nofp/crtn.o
                0x00000001                        ASSERT ((__StackLimit >= __HeapLimit), region m_data overflowed with stack and heap)
OUTPUT(new_project.elf elf32-littlearm)
LOAD linker stubs

.debug_line_str
                0x00000000      0x37b
 .debug_line_str
                0x00000000      0x37b /Users/lorenzo.poggi/.mcuxpressotools/arm-gnu-toolchain-13.2.Rel1-darwin-arm64-arm-none-eabi/bin/../lib/gcc/arm-none-eabi/13.2.1/../../../../arm-none-eabi/lib/thumb/v6-m/nofp/crt0.o
                                 0xdb (size before relaxing)
 .debug_line_str
                0x0000037b       0xde CMakeFiles/new_project.elf.dir/Users/lorenzo.poggi/Documents/GitHub/curso-lse/workspace_lpc845/sdks/03_light_control_sdk/devices/LPC845/gcc/startup_LPC845.S.obj
 .debug_line_str
                0x0000037b       0xd2 /Users/lorenzo.poggi/.mcuxpressotools/arm-gnu-toolchain-13.2.Rel1-darwin-arm64-arm-none-eabi/bin/../lib/gcc/arm-none-eabi/13.2.1/thumb/v6-m/nofp/libgcc.a(_udivsi3.o)
 .debug_line_str
                0x0000037b       0xd2 /Users/lorenzo.poggi/.mcuxpressotools/arm-gnu-toolchain-13.2.Rel1-darwin-arm64-arm-none-eabi/bin/../lib/gcc/arm-none-eabi/13.2.1/thumb/v6-m/nofp/libgcc.a(_dvmd_tls.o)
 .debug_line_str
                0x0000037b       0xd2 /Users/lorenzo.poggi/.mcuxpressotools/arm-gnu-toolchain-13.2.Rel1-darwin-arm64-arm-none-eabi/bin/../lib/gcc/arm-none-eabi/13.2.1/thumb/v6-m/nofp/libgcc.a(_clzsi2.o)
 .debug_line_str
                0x0000037b       0xf0 /Users/lorenzo.poggi/.mcuxpressotools/arm-gnu-toolchain-13.2.Rel1-darwin-arm64-arm-none-eabi/bin/../lib/gcc/arm-none-eabi/13.2.1/../../../../arm-none-eabi/lib/thumb/v6-m/nofp/libc_nano.a(libc_a-strlen.o)

.debug_info     0x00000000     0xc302
 .debug_info    0x00000000     0x13ab CMakeFiles/new_project.elf.dir/Users/lorenzo.poggi/Documents/GitHub/curso-lse/workspace_lpc845/03_light_control/main.c.obj
 .debug_info    0x000013ab      0xcff CMakeFiles/new_project.elf.dir/Users/lorenzo.poggi/Documents/GitHub/curso-lse/workspace_lpc845/03_light_control/board.c.obj
 .debug_info    0x000020aa      0xa3e CMakeFiles/new_project.elf.dir/Users/lorenzo.poggi/Documents/GitHub/curso-lse/workspace_lpc845/03_light_control/clock_config.c.obj
 .debug_info    0x00002ae8      0xb98 CMakeFiles/new_project.elf.dir/Users/lorenzo.poggi/Documents/GitHub/curso-lse/workspace_lpc845/sdks/03_light_control_sdk/components/uart/fsl_adapter_miniusart.c.obj
 .debug_info    0x00003680      0x37b CMakeFiles/new_project.elf.dir/Users/lorenzo.poggi/Documents/GitHub/curso-lse/workspace_lpc845/sdks/03_light_control_sdk/devices/LPC845/gcc/startup_LPC845.S.obj
 .debug_info    0x000039fb      0x60e CMakeFiles/new_project.elf.dir/Users/lorenzo.poggi/Documents/GitHub/curso-lse/workspace_lpc845/sdks/03_light_control_sdk/devices/LPC845/system_LPC845.c.obj
 .debug_info    0x00004009     0x12f9 CMakeFiles/new_project.elf.dir/Users/lorenzo.poggi/Documents/GitHub/curso-lse/workspace_lpc845/sdks/03_light_control_sdk/devices/LPC845/drivers/fsl_clock.c.obj
 .debug_info    0x00005302      0xde8 CMakeFiles/new_project.elf.dir/Users/lorenzo.poggi/Documents/GitHub/curso-lse/workspace_lpc845/sdks/03_light_control_sdk/devices/LPC845/drivers/fsl_gpio.c.obj
 .debug_info    0x000060ea     0x272b CMakeFiles/new_project.elf.dir/Users/lorenzo.poggi/Documents/GitHub/curso-lse/workspace_lpc845/sdks/03_light_control_sdk/devices/LPC845/drivers/fsl_i2c.c.obj
 .debug_info    0x00008815     0x1dce CMakeFiles/new_project.elf.dir/Users/lorenzo.poggi/Documents/GitHub/curso-lse/workspace_lpc845/sdks/03_light_control_sdk/devices/LPC845/drivers/fsl_usart.c.obj
 .debug_info    0x0000a5e3      0x719 CMakeFiles/new_project.elf.dir/Users/lorenzo.poggi/Documents/GitHub/curso-lse/workspace_lpc845/sdks/03_light_control_sdk/devices/LPC845/drivers/fsl_reset.c.obj
 .debug_info    0x0000acfc      0x76a CMakeFiles/new_project.elf.dir/Users/lorenzo.poggi/Documents/GitHub/curso-lse/workspace_lpc845/sdks/03_light_control_sdk/devices/LPC845/drivers/fsl_swm.c.obj
 .debug_info    0x0000b466      0x126 CMakeFiles/new_project.elf.dir/Users/lorenzo.poggi/Documents/GitHub/curso-lse/workspace_lpc845/sdks/03_light_control_sdk/devices/LPC845/utilities/debug_console_lite/fsl_assert.c.obj
 .debug_info    0x0000b58c      0xcd3 CMakeFiles/new_project.elf.dir/Users/lorenzo.poggi/Documents/GitHub/curso-lse/workspace_lpc845/sdks/03_light_control_sdk/devices/LPC845/utilities/debug_console_lite/fsl_debug_console.c.obj
 .debug_info    0x0000c25f       0xa3 /Users/lorenzo.poggi/.mcuxpressotools/arm-gnu-toolchain-13.2.Rel1-darwin-arm64-arm-none-eabi/bin/../lib/gcc/arm-none-eabi/13.2.1/../../../../arm-none-eabi/lib/thumb/v6-m/nofp/libcr_newlib_nohost.a(_exit.o)

.debug_abbrev   0x00000000     0x1d59
 .debug_abbrev  0x00000000      0x2b3 CMakeFiles/new_project.elf.dir/Users/lorenzo.poggi/Documents/GitHub/curso-lse/workspace_lpc845/03_light_control/main.c.obj
 .debug_abbrev  0x000002b3      0x1fc CMakeFiles/new_project.elf.dir/Users/lorenzo.poggi/Documents/GitHub/curso-lse/workspace_lpc845/03_light_control/board.c.obj
 .debug_abbrev  0x000004af      0x270 CMakeFiles/new_project.elf.dir/Users/lorenzo.poggi/Documents/GitHub/curso-lse/workspace_lpc845/03_light_control/clock_config.c.obj
 .debug_abbrev  0x0000071f      0x1e3 CMakeFiles/new_project.elf.dir/Users/lorenzo.poggi/Documents/GitHub/curso-lse/workspace_lpc845/sdks/03_light_control_sdk/components/uart/fsl_adapter_miniusart.c.obj
 .debug_abbrev  0x00000902       0x26 CMakeFiles/new_project.elf.dir/Users/lorenzo.poggi/Documents/GitHub/curso-lse/workspace_lpc845/sdks/03_light_control_sdk/devices/LPC845/gcc/startup_LPC845.S.obj
 .debug_abbrev  0x00000928      0x16b CMakeFiles/new_project.elf.dir/Users/lorenzo.poggi/Documents/GitHub/curso-lse/workspace_lpc845/sdks/03_light_control_sdk/devices/LPC845/system_LPC845.c.obj
 .debug_abbrev  0x00000a93      0x343 CMakeFiles/new_project.elf.dir/Users/lorenzo.poggi/Documents/GitHub/curso-lse/workspace_lpc845/sdks/03_light_control_sdk/devices/LPC845/drivers/fsl_clock.c.obj
 .debug_abbrev  0x00000dd6      0x1e8 CMakeFiles/new_project.elf.dir/Users/lorenzo.poggi/Documents/GitHub/curso-lse/workspace_lpc845/sdks/03_light_control_sdk/devices/LPC845/drivers/fsl_gpio.c.obj
 .debug_abbrev  0x00000fbe      0x3e8 CMakeFiles/new_project.elf.dir/Users/lorenzo.poggi/Documents/GitHub/curso-lse/workspace_lpc845/sdks/03_light_control_sdk/devices/LPC845/drivers/fsl_i2c.c.obj
 .debug_abbrev  0x000013a6      0x38f CMakeFiles/new_project.elf.dir/Users/lorenzo.poggi/Documents/GitHub/curso-lse/workspace_lpc845/sdks/03_light_control_sdk/devices/LPC845/drivers/fsl_usart.c.obj
 .debug_abbrev  0x00001735      0x153 CMakeFiles/new_project.elf.dir/Users/lorenzo.poggi/Documents/GitHub/curso-lse/workspace_lpc845/sdks/03_light_control_sdk/devices/LPC845/drivers/fsl_reset.c.obj
 .debug_abbrev  0x00001888      0x180 CMakeFiles/new_project.elf.dir/Users/lorenzo.poggi/Documents/GitHub/curso-lse/workspace_lpc845/sdks/03_light_control_sdk/devices/LPC845/drivers/fsl_swm.c.obj
 .debug_abbrev  0x00001a08       0xa8 CMakeFiles/new_project.elf.dir/Users/lorenzo.poggi/Documents/GitHub/curso-lse/workspace_lpc845/sdks/03_light_control_sdk/devices/LPC845/utilities/debug_console_lite/fsl_assert.c.obj
 .debug_abbrev  0x00001ab0      0x242 CMakeFiles/new_project.elf.dir/Users/lorenzo.poggi/Documents/GitHub/curso-lse/workspace_lpc845/sdks/03_light_control_sdk/devices/LPC845/utilities/debug_console_lite/fsl_debug_console.c.obj
 .debug_abbrev  0x00001cf2       0x67 /Users/lorenzo.poggi/.mcuxpressotools/arm-gnu-toolchain-13.2.Rel1-darwin-arm64-arm-none-eabi/bin/../lib/gcc/arm-none-eabi/13.2.1/../../../../arm-none-eabi/lib/thumb/v6-m/nofp/libcr_newlib_nohost.a(_exit.o)

.debug_aranges  0x00000000      0x6a0
 .debug_aranges
                0x00000000       0x38 CMakeFiles/new_project.elf.dir/Users/lorenzo.poggi/Documents/GitHub/curso-lse/workspace_lpc845/03_light_control/main.c.obj
 .debug_aranges
                0x00000038       0x28 CMakeFiles/new_project.elf.dir/Users/lorenzo.poggi/Documents/GitHub/curso-lse/workspace_lpc845/03_light_control/board.c.obj
 .debug_aranges
                0x00000060       0x60 CMakeFiles/new_project.elf.dir/Users/lorenzo.poggi/Documents/GitHub/curso-lse/workspace_lpc845/03_light_control/clock_config.c.obj
 .debug_aranges
                0x000000c0       0x50 CMakeFiles/new_project.elf.dir/Users/lorenzo.poggi/Documents/GitHub/curso-lse/workspace_lpc845/sdks/03_light_control_sdk/components/uart/fsl_adapter_miniusart.c.obj
 .debug_aranges
                0x00000110       0x20 CMakeFiles/new_project.elf.dir/Users/lorenzo.poggi/Documents/GitHub/curso-lse/workspace_lpc845/sdks/03_light_control_sdk/devices/LPC845/gcc/startup_LPC845.S.obj
 .debug_aranges
                0x00000130       0x30 CMakeFiles/new_project.elf.dir/Users/lorenzo.poggi/Documents/GitHub/curso-lse/workspace_lpc845/sdks/03_light_control_sdk/devices/LPC845/system_LPC845.c.obj
 .debug_aranges
                0x00000160      0x108 CMakeFiles/new_project.elf.dir/Users/lorenzo.poggi/Documents/GitHub/curso-lse/workspace_lpc845/sdks/03_light_control_sdk/devices/LPC845/drivers/fsl_clock.c.obj
 .debug_aranges
                0x00000268       0x38 CMakeFiles/new_project.elf.dir/Users/lorenzo.poggi/Documents/GitHub/curso-lse/workspace_lpc845/sdks/03_light_control_sdk/devices/LPC845/drivers/fsl_gpio.c.obj
 .debug_aranges
                0x000002a0      0x1c0 CMakeFiles/new_project.elf.dir/Users/lorenzo.poggi/Documents/GitHub/curso-lse/workspace_lpc845/sdks/03_light_control_sdk/devices/LPC845/drivers/fsl_i2c.c.obj
 .debug_aranges
                0x00000460      0x128 CMakeFiles/new_project.elf.dir/Users/lorenzo.poggi/Documents/GitHub/curso-lse/workspace_lpc845/sdks/03_light_control_sdk/devices/LPC845/drivers/fsl_usart.c.obj
 .debug_aranges
                0x00000588       0x30 CMakeFiles/new_project.elf.dir/Users/lorenzo.poggi/Documents/GitHub/curso-lse/workspace_lpc845/sdks/03_light_control_sdk/devices/LPC845/drivers/fsl_reset.c.obj
 .debug_aranges
                0x000005b8       0x28 CMakeFiles/new_project.elf.dir/Users/lorenzo.poggi/Documents/GitHub/curso-lse/workspace_lpc845/sdks/03_light_control_sdk/devices/LPC845/drivers/fsl_swm.c.obj
 .debug_aranges
                0x000005e0       0x28 CMakeFiles/new_project.elf.dir/Users/lorenzo.poggi/Documents/GitHub/curso-lse/workspace_lpc845/sdks/03_light_control_sdk/devices/LPC845/utilities/debug_console_lite/fsl_assert.c.obj
 .debug_aranges
                0x00000608       0x78 CMakeFiles/new_project.elf.dir/Users/lorenzo.poggi/Documents/GitHub/curso-lse/workspace_lpc845/sdks/03_light_control_sdk/devices/LPC845/utilities/debug_console_lite/fsl_debug_console.c.obj
 .debug_aranges
                0x00000680       0x20 /Users/lorenzo.poggi/.mcuxpressotools/arm-gnu-toolchain-13.2.Rel1-darwin-arm64-arm-none-eabi/bin/../lib/gcc/arm-none-eabi/13.2.1/../../../../arm-none-eabi/lib/thumb/v6-m/nofp/libcr_newlib_nohost.a(_exit.o)

.debug_rnglists
                0x00000000      0x4e1
 .debug_rnglists
                0x00000000       0x26 CMakeFiles/new_project.elf.dir/Users/lorenzo.poggi/Documents/GitHub/curso-lse/workspace_lpc845/03_light_control/main.c.obj
 .debug_rnglists
                0x00000026       0x19 CMakeFiles/new_project.elf.dir/Users/lorenzo.poggi/Documents/GitHub/curso-lse/workspace_lpc845/03_light_control/board.c.obj
 .debug_rnglists
                0x0000003f       0x43 CMakeFiles/new_project.elf.dir/Users/lorenzo.poggi/Documents/GitHub/curso-lse/workspace_lpc845/03_light_control/clock_config.c.obj
 .debug_rnglists
                0x00000082       0x3a CMakeFiles/new_project.elf.dir/Users/lorenzo.poggi/Documents/GitHub/curso-lse/workspace_lpc845/sdks/03_light_control_sdk/components/uart/fsl_adapter_miniusart.c.obj
 .debug_rnglists
                0x000000bc       0x20 CMakeFiles/new_project.elf.dir/Users/lorenzo.poggi/Documents/GitHub/curso-lse/workspace_lpc845/sdks/03_light_control_sdk/devices/LPC845/system_LPC845.c.obj
 .debug_rnglists
                0x000000dc       0xc9 CMakeFiles/new_project.elf.dir/Users/lorenzo.poggi/Documents/GitHub/curso-lse/workspace_lpc845/sdks/03_light_control_sdk/devices/LPC845/drivers/fsl_clock.c.obj
 .debug_rnglists
                0x000001a5       0x26 CMakeFiles/new_project.elf.dir/Users/lorenzo.poggi/Documents/GitHub/curso-lse/workspace_lpc845/sdks/03_light_control_sdk/devices/LPC845/drivers/fsl_gpio.c.obj
 .debug_rnglists
                0x000001cb      0x188 CMakeFiles/new_project.elf.dir/Users/lorenzo.poggi/Documents/GitHub/curso-lse/workspace_lpc845/sdks/03_light_control_sdk/devices/LPC845/drivers/fsl_i2c.c.obj
 .debug_rnglists
                0x00000353       0xe2 CMakeFiles/new_project.elf.dir/Users/lorenzo.poggi/Documents/GitHub/curso-lse/workspace_lpc845/sdks/03_light_control_sdk/devices/LPC845/drivers/fsl_usart.c.obj
 .debug_rnglists
                0x00000435       0x1f CMakeFiles/new_project.elf.dir/Users/lorenzo.poggi/Documents/GitHub/curso-lse/workspace_lpc845/sdks/03_light_control_sdk/devices/LPC845/drivers/fsl_reset.c.obj
 .debug_rnglists
                0x00000454       0x1b CMakeFiles/new_project.elf.dir/Users/lorenzo.poggi/Documents/GitHub/curso-lse/workspace_lpc845/sdks/03_light_control_sdk/devices/LPC845/drivers/fsl_swm.c.obj
 .debug_rnglists
                0x0000046f       0x19 CMakeFiles/new_project.elf.dir/Users/lorenzo.poggi/Documents/GitHub/curso-lse/workspace_lpc845/sdks/03_light_control_sdk/devices/LPC845/utilities/debug_console_lite/fsl_assert.c.obj
 .debug_rnglists
                0x00000488       0x59 CMakeFiles/new_project.elf.dir/Users/lorenzo.poggi/Documents/GitHub/curso-lse/workspace_lpc845/sdks/03_light_control_sdk/devices/LPC845/utilities/debug_console_lite/fsl_debug_console.c.obj

.debug_line     0x00000000     0x5d22
 .debug_line    0x00000000      0x5cd CMakeFiles/new_project.elf.dir/Users/lorenzo.poggi/Documents/GitHub/curso-lse/workspace_lpc845/03_light_control/main.c.obj
 .debug_line    0x000005cd      0x423 CMakeFiles/new_project.elf.dir/Users/lorenzo.poggi/Documents/GitHub/curso-lse/workspace_lpc845/03_light_control/board.c.obj
 .debug_line    0x000009f0      0x4e5 CMakeFiles/new_project.elf.dir/Users/lorenzo.poggi/Documents/GitHub/curso-lse/workspace_lpc845/03_light_control/clock_config.c.obj
 .debug_line    0x00000ed5      0x58b CMakeFiles/new_project.elf.dir/Users/lorenzo.poggi/Documents/GitHub/curso-lse/workspace_lpc845/sdks/03_light_control_sdk/components/uart/fsl_adapter_miniusart.c.obj
 .debug_line    0x00001460      0x136 CMakeFiles/new_project.elf.dir/Users/lorenzo.poggi/Documents/GitHub/curso-lse/workspace_lpc845/sdks/03_light_control_sdk/devices/LPC845/gcc/startup_LPC845.S.obj
 .debug_line    0x00001596      0x4d0 CMakeFiles/new_project.elf.dir/Users/lorenzo.poggi/Documents/GitHub/curso-lse/workspace_lpc845/sdks/03_light_control_sdk/devices/LPC845/system_LPC845.c.obj
 .debug_line    0x00001a66      0xac4 CMakeFiles/new_project.elf.dir/Users/lorenzo.poggi/Documents/GitHub/curso-lse/workspace_lpc845/sdks/03_light_control_sdk/devices/LPC845/drivers/fsl_clock.c.obj
 .debug_line    0x0000252a      0x3b0 CMakeFiles/new_project.elf.dir/Users/lorenzo.poggi/Documents/GitHub/curso-lse/workspace_lpc845/sdks/03_light_control_sdk/devices/LPC845/drivers/fsl_gpio.c.obj
 .debug_line    0x000028da     0x1442 CMakeFiles/new_project.elf.dir/Users/lorenzo.poggi/Documents/GitHub/curso-lse/workspace_lpc845/sdks/03_light_control_sdk/devices/LPC845/drivers/fsl_i2c.c.obj
 .debug_line    0x00003d1c      0xe76 CMakeFiles/new_project.elf.dir/Users/lorenzo.poggi/Documents/GitHub/curso-lse/workspace_lpc845/sdks/03_light_control_sdk/devices/LPC845/drivers/fsl_usart.c.obj
 .debug_line    0x00004b92      0x351 CMakeFiles/new_project.elf.dir/Users/lorenzo.poggi/Documents/GitHub/curso-lse/workspace_lpc845/sdks/03_light_control_sdk/devices/LPC845/drivers/fsl_reset.c.obj
 .debug_line    0x00004ee3      0x37b CMakeFiles/new_project.elf.dir/Users/lorenzo.poggi/Documents/GitHub/curso-lse/workspace_lpc845/sdks/03_light_control_sdk/devices/LPC845/drivers/fsl_swm.c.obj
 .debug_line    0x0000525e      0x17d CMakeFiles/new_project.elf.dir/Users/lorenzo.poggi/Documents/GitHub/curso-lse/workspace_lpc845/sdks/03_light_control_sdk/devices/LPC845/utilities/debug_console_lite/fsl_assert.c.obj
 .debug_line    0x000053db      0x903 CMakeFiles/new_project.elf.dir/Users/lorenzo.poggi/Documents/GitHub/curso-lse/workspace_lpc845/sdks/03_light_control_sdk/devices/LPC845/utilities/debug_console_lite/fsl_debug_console.c.obj
 .debug_line    0x00005cde       0x44 /Users/lorenzo.poggi/.mcuxpressotools/arm-gnu-toolchain-13.2.Rel1-darwin-arm64-arm-none-eabi/bin/../lib/gcc/arm-none-eabi/13.2.1/../../../../arm-none-eabi/lib/thumb/v6-m/nofp/libcr_newlib_nohost.a(_exit.o)

.debug_str      0x00000000     0x62ed
 .debug_str     0x00000000     0x62ed CMakeFiles/new_project.elf.dir/Users/lorenzo.poggi/Documents/GitHub/curso-lse/workspace_lpc845/03_light_control/main.c.obj
                               0x1aef (size before relaxing)
 .debug_str     0x000062ed     0x1b53 CMakeFiles/new_project.elf.dir/Users/lorenzo.poggi/Documents/GitHub/curso-lse/workspace_lpc845/03_light_control/board.c.obj
 .debug_str     0x000062ed     0x1020 CMakeFiles/new_project.elf.dir/Users/lorenzo.poggi/Documents/GitHub/curso-lse/workspace_lpc845/03_light_control/clock_config.c.obj
 .debug_str     0x000062ed     0x13e2 CMakeFiles/new_project.elf.dir/Users/lorenzo.poggi/Documents/GitHub/curso-lse/workspace_lpc845/sdks/03_light_control_sdk/components/uart/fsl_adapter_miniusart.c.obj
 .debug_str     0x000062ed      0x6be CMakeFiles/new_project.elf.dir/Users/lorenzo.poggi/Documents/GitHub/curso-lse/workspace_lpc845/sdks/03_light_control_sdk/devices/LPC845/gcc/startup_LPC845.S.obj
 .debug_str     0x000062ed      0x5ce CMakeFiles/new_project.elf.dir/Users/lorenzo.poggi/Documents/GitHub/curso-lse/workspace_lpc845/sdks/03_light_control_sdk/devices/LPC845/system_LPC845.c.obj
 .debug_str     0x000062ed     0x1881 CMakeFiles/new_project.elf.dir/Users/lorenzo.poggi/Documents/GitHub/curso-lse/workspace_lpc845/sdks/03_light_control_sdk/devices/LPC845/drivers/fsl_clock.c.obj
 .debug_str     0x000062ed     0x1588 CMakeFiles/new_project.elf.dir/Users/lorenzo.poggi/Documents/GitHub/curso-lse/workspace_lpc845/sdks/03_light_control_sdk/devices/LPC845/drivers/fsl_gpio.c.obj
 .debug_str     0x000062ed     0x26db CMakeFiles/new_project.elf.dir/Users/lorenzo.poggi/Documents/GitHub/curso-lse/workspace_lpc845/sdks/03_light_control_sdk/devices/LPC845/drivers/fsl_i2c.c.obj
 .debug_str     0x000062ed     0x2494 CMakeFiles/new_project.elf.dir/Users/lorenzo.poggi/Documents/GitHub/curso-lse/workspace_lpc845/sdks/03_light_control_sdk/devices/LPC845/drivers/fsl_usart.c.obj
 .debug_str     0x000062ed      0x8b0 CMakeFiles/new_project.elf.dir/Users/lorenzo.poggi/Documents/GitHub/curso-lse/workspace_lpc845/sdks/03_light_control_sdk/devices/LPC845/drivers/fsl_reset.c.obj
 .debug_str     0x000062ed      0xe2f CMakeFiles/new_project.elf.dir/Users/lorenzo.poggi/Documents/GitHub/curso-lse/workspace_lpc845/sdks/03_light_control_sdk/devices/LPC845/drivers/fsl_swm.c.obj
 .debug_str     0x000062ed      0x294 CMakeFiles/new_project.elf.dir/Users/lorenzo.poggi/Documents/GitHub/curso-lse/workspace_lpc845/sdks/03_light_control_sdk/devices/LPC845/utilities/debug_console_lite/fsl_assert.c.obj
 .debug_str     0x000062ed     0x142e CMakeFiles/new_project.elf.dir/Users/lorenzo.poggi/Documents/GitHub/curso-lse/workspace_lpc845/sdks/03_light_control_sdk/devices/LPC845/utilities/debug_console_lite/fsl_debug_console.c.obj
 .debug_str     0x000062ed      0x1be /Users/lorenzo.poggi/.mcuxpressotools/arm-gnu-toolchain-13.2.Rel1-darwin-arm64-arm-none-eabi/bin/../lib/gcc/arm-none-eabi/13.2.1/../../../../arm-none-eabi/lib/thumb/v6-m/nofp/libcr_newlib_nohost.a(_exit.o)

.comment        0x00000000       0x44
 .comment       0x00000000       0x44 CMakeFiles/new_project.elf.dir/Users/lorenzo.poggi/Documents/GitHub/curso-lse/workspace_lpc845/03_light_control/main.c.obj
                                 0x45 (size before relaxing)
 .comment       0x00000044       0x45 CMakeFiles/new_project.elf.dir/Users/lorenzo.poggi/Documents/GitHub/curso-lse/workspace_lpc845/03_light_control/board.c.obj
 .comment       0x00000044       0x45 CMakeFiles/new_project.elf.dir/Users/lorenzo.poggi/Documents/GitHub/curso-lse/workspace_lpc845/03_light_control/clock_config.c.obj
 .comment       0x00000044       0x45 CMakeFiles/new_project.elf.dir/Users/lorenzo.poggi/Documents/GitHub/curso-lse/workspace_lpc845/sdks/03_light_control_sdk/components/uart/fsl_adapter_miniusart.c.obj
 .comment       0x00000044       0x45 CMakeFiles/new_project.elf.dir/Users/lorenzo.poggi/Documents/GitHub/curso-lse/workspace_lpc845/sdks/03_light_control_sdk/devices/LPC845/system_LPC845.c.obj
 .comment       0x00000044       0x45 CMakeFiles/new_project.elf.dir/Users/lorenzo.poggi/Documents/GitHub/curso-lse/workspace_lpc845/sdks/03_light_control_sdk/devices/LPC845/drivers/fsl_clock.c.obj
 .comment       0x00000044       0x45 CMakeFiles/new_project.elf.dir/Users/lorenzo.poggi/Documents/GitHub/curso-lse/workspace_lpc845/sdks/03_light_control_sdk/devices/LPC845/drivers/fsl_gpio.c.obj
 .comment       0x00000044       0x45 CMakeFiles/new_project.elf.dir/Users/lorenzo.poggi/Documents/GitHub/curso-lse/workspace_lpc845/sdks/03_light_control_sdk/devices/LPC845/drivers/fsl_i2c.c.obj
 .comment       0x00000044       0x45 CMakeFiles/new_project.elf.dir/Users/lorenzo.poggi/Documents/GitHub/curso-lse/workspace_lpc845/sdks/03_light_control_sdk/devices/LPC845/drivers/fsl_usart.c.obj
 .comment       0x00000044       0x45 CMakeFiles/new_project.elf.dir/Users/lorenzo.poggi/Documents/GitHub/curso-lse/workspace_lpc845/sdks/03_light_control_sdk/devices/LPC845/drivers/fsl_reset.c.obj
 .comment       0x00000044       0x45 CMakeFiles/new_project.elf.dir/Users/lorenzo.poggi/Documents/GitHub/curso-lse/workspace_lpc845/sdks/03_light_control_sdk/devices/LPC845/drivers/fsl_swm.c.obj
 .comment       0x00000044       0x45 CMakeFiles/new_project.elf.dir/Users/lorenzo.poggi/Documents/GitHub/curso-lse/workspace_lpc845/sdks/03_light_control_sdk/devices/LPC845/utilities/debug_console_lite/fsl_assert.c.obj
 .comment       0x00000044       0x45 CMakeFiles/new_project.elf.dir/Users/lorenzo.poggi/Documents/GitHub/curso-lse/workspace_lpc845/sdks/03_light_control_sdk/devices/LPC845/utilities/debug_console_lite/fsl_debug_console.c.obj
 .comment       0x00000044       0x45 /Users/lorenzo.poggi/.mcuxpressotools/arm-gnu-toolchain-13.2.Rel1-darwin-arm64-arm-none-eabi/bin/../lib/gcc/arm-none-eabi/13.2.1/../../../../arm-none-eabi/lib/thumb/v6-m/nofp/libcr_newlib_nohost.a(_exit.o)

.debug_frame    0x00000000     0x17e0
 .debug_frame   0x00000000       0x90 CMakeFiles/new_project.elf.dir/Users/lorenzo.poggi/Documents/GitHub/curso-lse/workspace_lpc845/03_light_control/main.c.obj
 .debug_frame   0x00000090       0x50 CMakeFiles/new_project.elf.dir/Users/lorenzo.poggi/Documents/GitHub/curso-lse/workspace_lpc845/03_light_control/board.c.obj
 .debug_frame   0x000000e0      0x120 CMakeFiles/new_project.elf.dir/Users/lorenzo.poggi/Documents/GitHub/curso-lse/workspace_lpc845/03_light_control/clock_config.c.obj
 .debug_frame   0x00000200       0xf0 CMakeFiles/new_project.elf.dir/Users/lorenzo.poggi/Documents/GitHub/curso-lse/workspace_lpc845/sdks/03_light_control_sdk/components/uart/fsl_adapter_miniusart.c.obj
 .debug_frame   0x000002f0       0x68 CMakeFiles/new_project.elf.dir/Users/lorenzo.poggi/Documents/GitHub/curso-lse/workspace_lpc845/sdks/03_light_control_sdk/devices/LPC845/system_LPC845.c.obj
 .debug_frame   0x00000358      0x3cc CMakeFiles/new_project.elf.dir/Users/lorenzo.poggi/Documents/GitHub/curso-lse/workspace_lpc845/sdks/03_light_control_sdk/devices/LPC845/drivers/fsl_clock.c.obj
 .debug_frame   0x00000724       0x90 CMakeFiles/new_project.elf.dir/Users/lorenzo.poggi/Documents/GitHub/curso-lse/workspace_lpc845/sdks/03_light_control_sdk/devices/LPC845/drivers/fsl_gpio.c.obj
 .debug_frame   0x000007b4      0x6a4 CMakeFiles/new_project.elf.dir/Users/lorenzo.poggi/Documents/GitHub/curso-lse/workspace_lpc845/sdks/03_light_control_sdk/devices/LPC845/drivers/fsl_i2c.c.obj
 .debug_frame   0x00000e58      0x43c CMakeFiles/new_project.elf.dir/Users/lorenzo.poggi/Documents/GitHub/curso-lse/workspace_lpc845/sdks/03_light_control_sdk/devices/LPC845/drivers/fsl_usart.c.obj
 .debug_frame   0x00001294       0x70 CMakeFiles/new_project.elf.dir/Users/lorenzo.poggi/Documents/GitHub/curso-lse/workspace_lpc845/sdks/03_light_control_sdk/devices/LPC845/drivers/fsl_reset.c.obj
 .debug_frame   0x00001304       0x50 CMakeFiles/new_project.elf.dir/Users/lorenzo.poggi/Documents/GitHub/curso-lse/workspace_lpc845/sdks/03_light_control_sdk/devices/LPC845/drivers/fsl_swm.c.obj
 .debug_frame   0x00001354       0x50 CMakeFiles/new_project.elf.dir/Users/lorenzo.poggi/Documents/GitHub/curso-lse/workspace_lpc845/sdks/03_light_control_sdk/devices/LPC845/utilities/debug_console_lite/fsl_assert.c.obj
 .debug_frame   0x000013a4      0x190 CMakeFiles/new_project.elf.dir/Users/lorenzo.poggi/Documents/GitHub/curso-lse/workspace_lpc845/sdks/03_light_control_sdk/devices/LPC845/utilities/debug_console_lite/fsl_debug_console.c.obj
 .debug_frame   0x00001534       0x20 /Users/lorenzo.poggi/.mcuxpressotools/arm-gnu-toolchain-13.2.Rel1-darwin-arm64-arm-none-eabi/bin/../lib/gcc/arm-none-eabi/13.2.1/thumb/v6-m/nofp/libgcc.a(_udivsi3.o)
 .debug_frame   0x00001554       0x3c /Users/lorenzo.poggi/.mcuxpressotools/arm-gnu-toolchain-13.2.Rel1-darwin-arm64-arm-none-eabi/bin/../lib/gcc/arm-none-eabi/13.2.1/thumb/v6-m/nofp/libgcc.a(divdf3.o)
 .debug_frame   0x00001590       0x30 /Users/lorenzo.poggi/.mcuxpressotools/arm-gnu-toolchain-13.2.Rel1-darwin-arm64-arm-none-eabi/bin/../lib/gcc/arm-none-eabi/13.2.1/thumb/v6-m/nofp/libgcc.a(fixdfsi.o)
 .debug_frame   0x000015c0       0x2c /Users/lorenzo.poggi/.mcuxpressotools/arm-gnu-toolchain-13.2.Rel1-darwin-arm64-arm-none-eabi/bin/../lib/gcc/arm-none-eabi/13.2.1/thumb/v6-m/nofp/libgcc.a(floatsidf.o)
 .debug_frame   0x000015ec       0x28 /Users/lorenzo.poggi/.mcuxpressotools/arm-gnu-toolchain-13.2.Rel1-darwin-arm64-arm-none-eabi/bin/../lib/gcc/arm-none-eabi/13.2.1/../../../../arm-none-eabi/lib/thumb/v6-m/nofp/libc_nano.a(libc_a-exit.o)
 .debug_frame   0x00001614      0x138 /Users/lorenzo.poggi/.mcuxpressotools/arm-gnu-toolchain-13.2.Rel1-darwin-arm64-arm-none-eabi/bin/../lib/gcc/arm-none-eabi/13.2.1/../../../../arm-none-eabi/lib/thumb/v6-m/nofp/libc_nano.a(libc_a-findfp.o)
 .debug_frame   0x0000174c       0x20 /Users/lorenzo.poggi/.mcuxpressotools/arm-gnu-toolchain-13.2.Rel1-darwin-arm64-arm-none-eabi/bin/../lib/gcc/arm-none-eabi/13.2.1/../../../../arm-none-eabi/lib/thumb/v6-m/nofp/libc_nano.a(libc_a-memset.o)
 .debug_frame   0x0000176c       0x2c /Users/lorenzo.poggi/.mcuxpressotools/arm-gnu-toolchain-13.2.Rel1-darwin-arm64-arm-none-eabi/bin/../lib/gcc/arm-none-eabi/13.2.1/../../../../arm-none-eabi/lib/thumb/v6-m/nofp/libc_nano.a(libc_a-init.o)
 .debug_frame   0x00001798       0x28 /Users/lorenzo.poggi/.mcuxpressotools/arm-gnu-toolchain-13.2.Rel1-darwin-arm64-arm-none-eabi/bin/../lib/gcc/arm-none-eabi/13.2.1/../../../../arm-none-eabi/lib/thumb/v6-m/nofp/libc_nano.a(libc_a-memcpy-stub.o)
 .debug_frame   0x000017c0       0x20 /Users/lorenzo.poggi/.mcuxpressotools/arm-gnu-toolchain-13.2.Rel1-darwin-arm64-arm-none-eabi/bin/../lib/gcc/arm-none-eabi/13.2.1/../../../../arm-none-eabi/lib/thumb/v6-m/nofp/libcr_newlib_nohost.a(_exit.o)

.debug_loc      0x00000000       0x15
 .debug_loc     0x00000000       0x15 /Users/lorenzo.poggi/.mcuxpressotools/arm-gnu-toolchain-13.2.Rel1-darwin-arm64-arm-none-eabi/bin/../lib/gcc/arm-none-eabi/13.2.1/../../../../arm-none-eabi/lib/thumb/v6-m/nofp/libcr_newlib_nohost.a(_exit.o)

.debug_ranges   0x00000000       0x10
 .debug_ranges  0x00000000       0x10 /Users/lorenzo.poggi/.mcuxpressotools/arm-gnu-toolchain-13.2.Rel1-darwin-arm64-arm-none-eabi/bin/../lib/gcc/arm-none-eabi/13.2.1/../../../../arm-none-eabi/lib/thumb/v6-m/nofp/libcr_newlib_nohost.a(_exit.o)
